Archive member included to satisfy reference by file (symbol)

/home/ek-181/MOAISERI/riot-examples/02button/bin/stm32f0discovery/core.a(sched.o)
                              /home/ek-181/MOAISERI/riot-examples/02button/bin/stm32f0discovery/newlib_syscalls_default/syscalls.o (sched_active_pid)
/home/ek-181/MOAISERI/riot-examples/02button/bin/stm32f0discovery/core.a(bitarithm.o)
                              /home/ek-181/MOAISERI/riot-examples/02button/bin/stm32f0discovery/core.a(sched.o) (MultiplyDeBruijnBitPosition)
/home/ek-181/MOAISERI/riot-examples/02button/bin/stm32f0discovery/cortexm_common.a(thread_arch.o)
                              /home/ek-181/MOAISERI/riot-examples/02button/bin/stm32f0discovery/core.a(sched.o) (cpu_switch_context_exit)
/home/ek-181/MOAISERI/riot-examples/02button/bin/stm32f0discovery/cortexm_common.a(vectors_cortexm.o)
                              /home/ek-181/MOAISERI/riot-examples/02button/bin/stm32f0discovery/cpu/vectors.o (dummy_handler_default)
/home/ek-181/MOAISERI/riot-examples/02button/bin/stm32f0discovery/cortexm_common.a(irq_arch.o)
                              /home/ek-181/MOAISERI/riot-examples/02button/bin/stm32f0discovery/newlib_syscalls_default/syscalls.o (irq_disable)
/home/ek-181/MOAISERI/riot-examples/02button/bin/stm32f0discovery/div.a(div.o)
                              /home/ek-181/MOAISERI/riot-examples/02button/bin/stm32f0discovery/newlib_syscalls_default/syscalls.o (_div_mulhi64)
/home/ek-181/MOAISERI/riot-examples/02button/bin/stm32f0discovery/stdio_uart.a(stdio_uart.o)
                              /home/ek-181/MOAISERI/riot-examples/02button/bin/stm32f0discovery/newlib_syscalls_default/syscalls.o (stdio_init)
/home/ek-181/MOAISERI/riot-examples/02button/bin/stm32f0discovery/stm32_common_periph.a(pm.o)
                              /home/ek-181/MOAISERI/riot-examples/02button/bin/stm32f0discovery/newlib_syscalls_default/syscalls.o (pm_off)
/home/ek-181/MOAISERI/riot-examples/02button/bin/stm32f0discovery/stm32_common_periph.a(uart.o)
                              /home/ek-181/MOAISERI/riot-examples/02button/bin/stm32f0discovery/stdio_uart.a(stdio_uart.o) (uart_write)
/home/ek-181/MOAISERI/riot-examples/02button/bin/stm32f0discovery/stm32_common_periph.a(gpio.o)
                              /home/ek-181/MOAISERI/riot-examples/02button/bin/stm32f0discovery/stm32_common_periph.a(pm.o) (gpio_init)
/home/ek-181/MOAISERI/riot-examples/02button/bin/stm32f0discovery/xtimer.a(xtimer_core.o)
                              /home/ek-181/MOAISERI/riot-examples/02button/bin/stm32f0discovery/newlib_syscalls_default/syscalls.o (_xtimer_now64)
/home/ek-181/MOAISERI/riot-examples/02button/bin/stm32f0discovery/board.a(board.o)
                              /home/ek-181/MOAISERI/riot-examples/02button/bin/stm32f0discovery/cortexm_common.a(vectors_cortexm.o) (board_init)
/home/ek-181/MOAISERI/riot-examples/02button/bin/stm32f0discovery/core.a(panic.o)
                              /home/ek-181/MOAISERI/riot-examples/02button/bin/stm32f0discovery/cortexm_common.a(vectors_cortexm.o) (core_panic)
/home/ek-181/MOAISERI/riot-examples/02button/bin/stm32f0discovery/core.a(kernel_init.o)
                              /home/ek-181/MOAISERI/riot-examples/02button/bin/stm32f0discovery/cortexm_common.a(vectors_cortexm.o) (kernel_init)
/home/ek-181/MOAISERI/riot-examples/02button/bin/stm32f0discovery/core.a(thread.o)
                              /home/ek-181/MOAISERI/riot-examples/02button/bin/stm32f0discovery/core.a(kernel_init.o) (thread_create)
/home/ek-181/MOAISERI/riot-examples/02button/bin/stm32f0discovery/cortexm_common.a(cortexm_init.o)
                              /home/ek-181/MOAISERI/riot-examples/02button/bin/stm32f0discovery/stm32_common_periph.a(pm.o) (cpu_check_address)
/home/ek-181/MOAISERI/riot-examples/02button/bin/stm32f0discovery/isrpipe.a(isrpipe.o)
                              /home/ek-181/MOAISERI/riot-examples/02button/bin/stm32f0discovery/stdio_uart.a(stdio_uart.o) (isrpipe_write_one)
/home/ek-181/MOAISERI/riot-examples/02button/bin/stm32f0discovery/pm_layered.a(pm.o)
                              /home/ek-181/MOAISERI/riot-examples/02button/bin/stm32f0discovery/core.a(kernel_init.o) (pm_set_lowest)
/home/ek-181/MOAISERI/riot-examples/02button/bin/stm32f0discovery/stm32_common.a(stmclk.o)
                              /home/ek-181/MOAISERI/riot-examples/02button/bin/stm32f0discovery/stm32_common_periph.a(pm.o) (stmclk_init_sysclk)
/home/ek-181/MOAISERI/riot-examples/02button/bin/stm32f0discovery/stm32_common.a(stmclk_common.o)
                              /home/ek-181/MOAISERI/riot-examples/02button/bin/stm32f0discovery/stm32_common.a(stmclk.o) (stmclk_enable_hsi)
/home/ek-181/MOAISERI/riot-examples/02button/bin/stm32f0discovery/stm32_common.a(stm_status.o)
                              /home/ek-181/MOAISERI/riot-examples/02button/bin/stm32f0discovery/stm32_common.a(stmclk.o) (cpu_status)
[...]
Memory Configuration

Name             Origin             Length             Attributes
ccmram           0x0000000010000000 0x0000000000000000
rom              0x0000000008000000 0x0000000000010000 xr
ram              0x0000000020000000 0x0000000000002000 w !xr
*default*        0x0000000000000000 0xffffffffffffffff

Linker script and memory map

LOAD /home/ek-181/MOAISERI/riot-examples/02button/bin/stm32f0discovery/cpu/vectors.o
LOAD /home/ek-181/MOAISERI/riot-examples/02button/bin/stm32f0discovery/newlib_syscalls_default/syscalls.o
START GROUP
LOAD /home/ek-181/MOAISERI/riot-examples/02button/bin/stm32f0discovery/application_button.a
LOAD /home/ek-181/MOAISERI/riot-examples/02button/bin/stm32f0discovery/auto_init.a
LOAD /home/ek-181/MOAISERI/riot-examples/02button/bin/stm32f0discovery/board.a
LOAD /home/ek-181/MOAISERI/riot-examples/02button/bin/stm32f0discovery/core.a
LOAD /home/ek-181/MOAISERI/riot-examples/02button/bin/stm32f0discovery/cortexm_common.a
LOAD /home/ek-181/MOAISERI/riot-examples/02button/bin/stm32f0discovery/cortexm_common_periph.a
LOAD /home/ek-181/MOAISERI/riot-examples/02button/bin/stm32f0discovery/cpu.a
LOAD /home/ek-181/MOAISERI/riot-examples/02button/bin/stm32f0discovery/div.a
LOAD /home/ek-181/MOAISERI/riot-examples/02button/bin/stm32f0discovery/isrpipe.a
LOAD /home/ek-181/MOAISERI/riot-examples/02button/bin/stm32f0discovery/newlib_syscalls_default.a
LOAD /home/ek-181/MOAISERI/riot-examples/02button/bin/stm32f0discovery/periph.a
LOAD /home/ek-181/MOAISERI/riot-examples/02button/bin/stm32f0discovery/pm_layered.a
LOAD /home/ek-181/MOAISERI/riot-examples/02button/bin/stm32f0discovery/stdio_uart.a
LOAD /home/ek-181/MOAISERI/riot-examples/02button/bin/stm32f0discovery/stm32_common.a
LOAD /home/ek-181/MOAISERI/riot-examples/02button/bin/stm32f0discovery/stm32_common_periph.a
LOAD /home/ek-181/MOAISERI/riot-examples/02button/bin/stm32f0discovery/sys.a
LOAD /home/ek-181/MOAISERI/riot-examples/02button/bin/stm32f0discovery/tsrb.a
LOAD /home/ek-181/MOAISERI/riot-examples/02button/bin/stm32f0discovery/xtimer.a
LOAD /home/ek-181/MOAISERI/riot-examples/02button/bin/stm32f0discovery/periph_common.a
LOAD /usr/bin/../lib/gcc/arm-none-eabi/7.3.1/../../../../arm-none-eabi/lib/thumb/v6-m/libm.a
END GROUP
LOAD /usr/bin/../lib/gcc/arm-none-eabi/7.3.1/thumb/v6-m/libgcc.a
                0x0000000008000000                _rom_start_addr = 0x8000000
                0x0000000020000000                _ram_start_addr = 0x20000000
                0x0000000000010000                _rom_length = 0x10000
                0x0000000000002000                _ram_length = 0x2000
LOAD /usr/bin/../lib/gcc/arm-none-eabi/7.3.1/../../../../arm-none-eabi/lib/thumb/v6-m/libc_nano.a
START GROUP
LOAD /usr/bin/../lib/gcc/arm-none-eabi/7.3.1/thumb/v6-m/libgcc.a
LOAD /usr/bin/../lib/gcc/arm-none-eabi/7.3.1/../../../../arm-none-eabi/lib/thumb/v6-m/libg_nano.a
LOAD /usr/bin/../lib/gcc/arm-none-eabi/7.3.1/../../../../arm-none-eabi/lib/thumb/v6-m/libc_nano.a
END GROUP
START GROUP
LOAD /usr/bin/../lib/gcc/arm-none-eabi/7.3.1/thumb/v6-m/libgcc.a
LOAD /usr/bin/../lib/gcc/arm-none-eabi/7.3.1/../../../../arm-none-eabi/lib/thumb/v6-m/libc_nano.a
END GROUP
                0x0000000000000000                ccmram_length = DEFINED (ccmram_len)?ccmram_len:0x0
                0x0000000000000000                _rom_offset = DEFINED (_rom_offset)?_rom_offset:0x0
                0x0000000000010000                _fw_rom_length = DEFINED (_fw_rom_length)?_fw_rom_length:(_rom_length - _rom_offset)
                0x0000000000000001                ASSERT ((_fw_rom_length <= (_rom_length - _rom_offset)), Specified firmware size does not fit in ROM)

.text           0x0000000008000000     0x2904
                0x0000000008000000                . = ALIGN (0x4)
                0x0000000008000000                _sfixed = .
                0x0000000008000000                _isr_vectors = DEFINED (_isr_vectors)?_isr_vectors:.
 *(SORT_BY_NAME(.vectors*))
 .vectors.0     0x0000000008000000       0x40 /home/ek-181/MOAISERI/riot-examples/02button/bin/stm32f0discovery/cortexm_common.a(vectors_cortexm.o)
                0x0000000008000000                cortex_vector_base
 .vectors.1     0x0000000008000040       0x7c /home/ek-181/MOAISERI/riot-examples/02button/bin/stm32f0discovery/cpu/vectors.o
                0x0000000008000040                vector_cpu
 *(.text .text.* .gnu.linkonce.t.*)
 .text.dummy_handler
                0x00000000080000bc        0x8 /home/ek-181/MOAISERI/riot-examples/02button/bin/stm32f0discovery/cpu/vectors.o
                0x00000000080000bc                isr_pvd
                0x00000000080000bc                isr_i2c1
                0x00000000080000bc                isr_tim16
                0x00000000080000bc                isr_tsc
                0x00000000080000bc                isr_cec_can
                0x00000000080000bc                isr_tim7
                0x00000000080000bc                isr_dma1_channel4_5
                0x00000000080000bc                isr_tim1_brk_up_trg_com
                0x00000000080000bc                isr_dma1_channel4_5_6_7
                0x00000000080000bc                isr_i2c2
                0x00000000080000bc                isr_dma1_channel2_3
                0x00000000080000bc                isr_spi2
                0x00000000080000bc                isr_dma1_channel1
                0x00000000080000bc                dummy_handler
                0x00000000080000bc                isr_dma1_ch1
                0x00000000080000bc                isr_spi1
                0x00000000080000bc                isr_tim6
                0x00000000080000bc                isr_rcc
                0x00000000080000bc                isr_flash
                0x00000000080000bc                isr_rtc
                0x00000000080000bc                isr_tim1_cc
                0x00000000080000bc                isr_tim14
                0x00000000080000bc                isr_usb
                0x00000000080000bc                isr_adc1_comp
                0x00000000080000bc                isr_usart3_4
                0x00000000080000bc                isr_tim17
                0x00000000080000bc                isr_adc1
                0x00000000080000bc                isr_tim6_dac
                0x00000000080000bc                isr_dma1_ch4_7_dma2_ch3_5
                0x00000000080000bc                isr_pvd_vddio2
                0x00000000080000bc                isr_tim3
                0x00000000080000bc                isr_tim15
                0x00000000080000bc                isr_rcc_crs
                0x00000000080000bc                isr_usart3_8
                0x00000000080000bc                isr_dma1_ch2_3_dma2_ch1_2
                0x00000000080000bc                isr_wwdg
 .text._init    0x00000000080000c4        0x8 /home/ek-181/MOAISERI/riot-examples/02button/bin/stm32f0discovery/newlib_syscalls_default/syscalls.o
                0x00000000080000c4                _init
 .text._fini    0x00000000080000cc        0x2 /home/ek-181/MOAISERI/riot-examples/02button/bin/stm32f0discovery/newlib_syscalls_default/syscalls.o
                0x00000000080000cc                _fini
 *fill*         0x00000000080000ce        0x2 
 .text._sbrk_r  0x00000000080000d0       0x3c /home/ek-181/MOAISERI/riot-examples/02button/bin/stm32f0discovery/newlib_syscalls_default/syscalls.o
                0x00000000080000d0                _sbrk_r
 .text._read_r  0x000000000800010c        0xc /home/ek-181/MOAISERI/riot-examples/02button/bin/stm32f0discovery/newlib_syscalls_default/syscalls.o
                0x000000000800010c                _read_r
 .text._write_r
                0x0000000008000118        0xc /home/ek-181/MOAISERI/riot-examples/02button/bin/stm32f0discovery/newlib_syscalls_default/syscalls.o
                0x0000000008000118                _write_r
 .text._close_r
                0x0000000008000124        0xa /home/ek-181/MOAISERI/riot-examples/02button/bin/stm32f0discovery/newlib_syscalls_default/syscalls.o
                0x0000000008000124                _close_r
 .text._lseek_r
                0x000000000800012e        0xa /home/ek-181/MOAISERI/riot-examples/02button/bin/stm32f0discovery/newlib_syscalls_default/syscalls.o
                0x000000000800012e                _lseek_r
 .text._fstat_r
                0x0000000008000138        0xa /home/ek-181/MOAISERI/riot-examples/02button/bin/stm32f0discovery/newlib_syscalls_default/syscalls.o
                0x0000000008000138                _fstat_r
 .text._isatty_r
                0x0000000008000142        0xe /home/ek-181/MOAISERI/riot-examples/02button/bin/stm32f0discovery/newlib_syscalls_default/syscalls.o
                0x0000000008000142                _isatty_r
 .text.sched_run
                0x0000000008000150       0x68 /home/ek-181/MOAISERI/riot-examples/02button/bin/stm32f0discovery/core.a(sched.o)
                0x0000000008000150                sched_run
 .text.sched_set_status
                0x00000000080001b8       0x7c /home/ek-181/MOAISERI/riot-examples/02button/bin/stm32f0discovery/core.a(sched.o)
                0x00000000080001b8                sched_set_status
 .text.sched_switch
                0x0000000008000234       0x30 /home/ek-181/MOAISERI/riot-examples/02button/bin/stm32f0discovery/core.a(sched.o)
                0x0000000008000234                sched_switch
 .text.sched_task_exit
                0x0000000008000264       0x3c /home/ek-181/MOAISERI/riot-examples/02button/bin/stm32f0discovery/core.a(sched.o)
                0x0000000008000264                sched_task_exit
 .text.thread_stack_init
                0x00000000080002a0       0x90 /home/ek-181/MOAISERI/riot-examples/02button/bin/stm32f0discovery/cortexm_common.a(thread_arch.o)
                0x00000000080002a0                thread_stack_init
 .text.cpu_switch_context_exit
                0x0000000008000330        0x8 /home/ek-181/MOAISERI/riot-examples/02button/bin/stm32f0discovery/cortexm_common.a(thread_arch.o)
                0x0000000008000330                cpu_switch_context_exit
 .text.thread_yield_higher
                0x0000000008000338       0x14 /home/ek-181/MOAISERI/riot-examples/02button/bin/stm32f0discovery/cortexm_common.a(thread_arch.o)
                0x0000000008000338                thread_yield_higher
 .text.isr_pendsv
                0x000000000800034c       0x28 /home/ek-181/MOAISERI/riot-examples/02button/bin/stm32f0discovery/cortexm_common.a(thread_arch.o)
                0x000000000800034c                isr_pendsv
 .text.isr_svc  0x0000000008000374       0x2c /home/ek-181/MOAISERI/riot-examples/02button/bin/stm32f0discovery/cortexm_common.a(thread_arch.o)
                0x0000000008000374                isr_svc
 .text.hard_fault_default
                0x00000000080003a0       0x78 /home/ek-181/MOAISERI/riot-examples/02button/bin/stm32f0discovery/cortexm_common.a(vectors_cortexm.o)
                0x00000000080003a0                hard_fault_default
 .text.nmi_default
                0x0000000008000418       0x10 /home/ek-181/MOAISERI/riot-examples/02button/bin/stm32f0discovery/cortexm_common.a(vectors_cortexm.o)
                0x0000000008000418                nmi_default
 .text.dummy_handler_default
                0x0000000008000428       0x10 /home/ek-181/MOAISERI/riot-examples/02button/bin/stm32f0discovery/cortexm_common.a(vectors_cortexm.o)
                0x0000000008000428                dummy_handler_default
                0x0000000008000428                isr_systick
 .text.pre_startup
                0x0000000008000438        0x2 /home/ek-181/MOAISERI/riot-examples/02button/bin/stm32f0discovery/cortexm_common.a(vectors_cortexm.o)
                0x0000000008000438                pre_startup
 .text.post_startup
                0x000000000800043a        0x2 /home/ek-181/MOAISERI/riot-examples/02button/bin/stm32f0discovery/cortexm_common.a(vectors_cortexm.o)
                0x000000000800043a                post_startup
 .text.reset_handler_default
                0x000000000800043c       0x68 /home/ek-181/MOAISERI/riot-examples/02button/bin/stm32f0discovery/cortexm_common.a(vectors_cortexm.o)
                0x000000000800043c                reset_handler_default
 .text.hard_fault_handler
                0x00000000080004a4      0x118 /home/ek-181/MOAISERI/riot-examples/02button/bin/stm32f0discovery/cortexm_common.a(vectors_cortexm.o)
                0x00000000080004a4                hard_fault_handler
 .text.irq_disable
                0x00000000080005bc        0x8 /home/ek-181/MOAISERI/riot-examples/02button/bin/stm32f0discovery/cortexm_common.a(irq_arch.o)
                0x00000000080005bc                irq_disable
 .text.irq_enable
                0x00000000080005c4        0x8 /home/ek-181/MOAISERI/riot-examples/02button/bin/stm32f0discovery/cortexm_common.a(irq_arch.o)
                0x00000000080005c4                irq_enable
 .text.irq_restore
                0x00000000080005cc        0x6 /home/ek-181/MOAISERI/riot-examples/02button/bin/stm32f0discovery/cortexm_common.a(irq_arch.o)
                0x00000000080005cc                irq_restore
 .text.irq_is_in
                0x00000000080005d2        0x8 /home/ek-181/MOAISERI/riot-examples/02button/bin/stm32f0discovery/cortexm_common.a(irq_arch.o)
                0x00000000080005d2                irq_is_in
 *fill*         0x00000000080005da        0x2 
 .text.stdio_init
                0x00000000080005dc       0x1c /home/ek-181/MOAISERI/riot-examples/02button/bin/stm32f0discovery/stdio_uart.a(stdio_uart.o)
                0x00000000080005dc                stdio_init
 .text.stdio_read
                0x00000000080005f8       0x14 /home/ek-181/MOAISERI/riot-examples/02button/bin/stm32f0discovery/stdio_uart.a(stdio_uart.o)
                0x00000000080005f8                stdio_read
 .text.stdio_write
                0x000000000800060c       0x12 /home/ek-181/MOAISERI/riot-examples/02button/bin/stm32f0discovery/stdio_uart.a(stdio_uart.o)
                0x000000000800060c                stdio_write
 *fill*         0x000000000800061e        0x2 
 .text.pm_set   0x0000000008000620      0x1ec /home/ek-181/MOAISERI/riot-examples/02button/bin/stm32f0discovery/stm32_common_periph.a(pm.o)
                0x0000000008000620                pm_set
 .text.pm_off   0x000000000800080c       0x14 /home/ek-181/MOAISERI/riot-examples/02button/bin/stm32f0discovery/stm32_common_periph.a(pm.o)
                0x000000000800080c                pm_off
 .text.irq_handler
                0x0000000008000820       0x4c /home/ek-181/MOAISERI/riot-examples/02button/bin/stm32f0discovery/stm32_common_periph.a(uart.o)
 .text.uart_set_baudrate
                0x000000000800086c       0x80 /home/ek-181/MOAISERI/riot-examples/02button/bin/stm32f0discovery/stm32_common_periph.a(uart.o)
                0x000000000800086c                uart_set_baudrate
 .text.uart_write
                0x00000000080008ec       0x48 /home/ek-181/MOAISERI/riot-examples/02button/bin/stm32f0discovery/stm32_common_periph.a(uart.o)
                0x00000000080008ec                uart_write
 .text.uart_poweron
                0x0000000008000934       0x28 /home/ek-181/MOAISERI/riot-examples/02button/bin/stm32f0discovery/stm32_common_periph.a(uart.o)
                0x0000000008000934                uart_poweron
 .text.uart_init
                0x000000000800095c       0xb4 /home/ek-181/MOAISERI/riot-examples/02button/bin/stm32f0discovery/stm32_common_periph.a(uart.o)
                0x000000000800095c                uart_init
 .text.isr_usart1
                0x0000000008000a10        0xa /home/ek-181/MOAISERI/riot-examples/02button/bin/stm32f0discovery/stm32_common_periph.a(uart.o)
                0x0000000008000a10                isr_usart1
 .text.isr_usart2
                0x0000000008000a1a        0xa /home/ek-181/MOAISERI/riot-examples/02button/bin/stm32f0discovery/stm32_common_periph.a(uart.o)
                0x0000000008000a1a                isr_usart2
 .text.gpio_init
                0x0000000008000a24       0x78 /home/ek-181/MOAISERI/riot-examples/02button/bin/stm32f0discovery/stm32_common_periph.a(gpio.o)
                0x0000000008000a24                gpio_init
 .text.gpio_init_af
                0x0000000008000a9c       0x4c /home/ek-181/MOAISERI/riot-examples/02button/bin/stm32f0discovery/stm32_common_periph.a(gpio.o)
                0x0000000008000a9c                gpio_init_af
 .text.gpio_read
                0x0000000008000ae8       0x3e /home/ek-181/MOAISERI/riot-examples/02button/bin/stm32f0discovery/stm32_common_periph.a(gpio.o)
                0x0000000008000ae8                gpio_read
 .text.gpio_set
                0x0000000008000b26       0x14 /home/ek-181/MOAISERI/riot-examples/02button/bin/stm32f0discovery/stm32_common_periph.a(gpio.o)
                0x0000000008000b26                gpio_set
 .text.gpio_clear
                0x0000000008000b3a       0x16 /home/ek-181/MOAISERI/riot-examples/02button/bin/stm32f0discovery/stm32_common_periph.a(gpio.o)
                0x0000000008000b3a                gpio_clear
 .text.gpio_toggle
                0x0000000008000b50       0x1c /home/ek-181/MOAISERI/riot-examples/02button/bin/stm32f0discovery/stm32_common_periph.a(gpio.o)
                0x0000000008000b50                gpio_toggle
 .text.gpio_init_int
                0x0000000008000b6c       0xac /home/ek-181/MOAISERI/riot-examples/02button/bin/stm32f0discovery/stm32_common_periph.a(gpio.o)
                0x0000000008000b6c                gpio_init_int
 .text.isr_exti
                0x0000000008000c18       0x44 /home/ek-181/MOAISERI/riot-examples/02button/bin/stm32f0discovery/stm32_common_periph.a(gpio.o)
                0x0000000008000c18                isr_exti
 .text._xtimer_lltimer_now
                0x0000000008000c5c        0xa /home/ek-181/MOAISERI/riot-examples/02button/bin/stm32f0discovery/xtimer.a(xtimer_core.o)
 *fill*         0x0000000008000c66        0x2 
 .text._lltimer_set
                0x0000000008000c68       0x18 /home/ek-181/MOAISERI/riot-examples/02button/bin/stm32f0discovery/xtimer.a(xtimer_core.o)
 .text._next_period
                0x0000000008000c80       0x9c /home/ek-181/MOAISERI/riot-examples/02button/bin/stm32f0discovery/xtimer.a(xtimer_core.o)
 .text._periph_timer_callback
                0x0000000008000d1c       0xcc /home/ek-181/MOAISERI/riot-examples/02button/bin/stm32f0discovery/xtimer.a(xtimer_core.o)
 .text.xtimer_init
                0x0000000008000de8       0x20 /home/ek-181/MOAISERI/riot-examples/02button/bin/stm32f0discovery/xtimer.a(xtimer_core.o)
                0x0000000008000de8                xtimer_init
 .text._xtimer_now64
                0x0000000008000e08       0x2c /home/ek-181/MOAISERI/riot-examples/02button/bin/stm32f0discovery/xtimer.a(xtimer_core.o)
                0x0000000008000e08                _xtimer_now64
 .text.board_init
                0x0000000008000e34       0x20 /home/ek-181/MOAISERI/riot-examples/02button/bin/stm32f0discovery/board.a(board.o)
                0x0000000008000e34                board_init
 .text.panic_arch
                0x0000000008000e54        0x2 /home/ek-181/MOAISERI/riot-examples/02button/bin/stm32f0discovery/core.a(panic.o)
                0x0000000008000e54                panic_arch
 *fill*         0x0000000008000e56        0x2 
 .text.core_panic
                0x0000000008000e58       0x48 /home/ek-181/MOAISERI/riot-examples/02button/bin/stm32f0discovery/core.a(panic.o)
                0x0000000008000e58                core_panic
 .text.main_trampoline
                0x0000000008000ea0       0x18 /home/ek-181/MOAISERI/riot-examples/02button/bin/stm32f0discovery/core.a(kernel_init.o)
 .text.idle_thread
                0x0000000008000eb8        0x8 /home/ek-181/MOAISERI/riot-examples/02button/bin/stm32f0discovery/core.a(kernel_init.o)
 .text.kernel_init
                0x0000000008000ec0       0x58 /home/ek-181/MOAISERI/riot-examples/02button/bin/stm32f0discovery/core.a(kernel_init.o)
                0x0000000008000ec0                kernel_init
 .text.thread_add_to_list
                0x0000000008000f18       0x34 /home/ek-181/MOAISERI/riot-examples/02button/bin/stm32f0discovery/core.a(thread.o)
                0x0000000008000f18                thread_add_to_list
 .text.thread_create
                0x0000000008000f4c       0xe8 /home/ek-181/MOAISERI/riot-examples/02button/bin/stm32f0discovery/core.a(thread.o)
                0x0000000008000f4c                thread_create
 .text.cpu_check_address
                0x0000000008001034       0x18 /home/ek-181/MOAISERI/riot-examples/02button/bin/stm32f0discovery/cortexm_common.a(cortexm_init.o)
                0x0000000008001034                cpu_check_address
 .text.cpu_find_memory_size
                0x000000000800104c       0x20 /home/ek-181/MOAISERI/riot-examples/02button/bin/stm32f0discovery/cortexm_common.a(cortexm_init.o)
                0x000000000800104c                cpu_find_memory_size
 .text.cortexm_init
                0x000000000800106c       0x70 /home/ek-181/MOAISERI/riot-examples/02button/bin/stm32f0discovery/cortexm_common.a(cortexm_init.o)
                0x000000000800106c                cortexm_init
 .text.isrpipe_write_one
                0x00000000080010dc       0x16 /home/ek-181/MOAISERI/riot-examples/02button/bin/stm32f0discovery/isrpipe.a(isrpipe.o)
                0x00000000080010dc                isrpipe_write_one
 .text.isrpipe_read
                0x00000000080010f2       0x24 /home/ek-181/MOAISERI/riot-examples/02button/bin/stm32f0discovery/isrpipe.a(isrpipe.o)
                0x00000000080010f2                isrpipe_read
 *fill*         0x0000000008001116        0x2 
 .text.pm_set_lowest
                0x0000000008001118       0x38 /home/ek-181/MOAISERI/riot-examples/02button/bin/stm32f0discovery/pm_layered.a(pm.o)
                0x0000000008001118                pm_set_lowest
 .text.stmclk_init_sysclk
                0x0000000008001150       0x98 /home/ek-181/MOAISERI/riot-examples/02button/bin/stm32f0discovery/stm32_common.a(stmclk.o)
                0x0000000008001150                stmclk_init_sysclk
 .text.stmclk_enable_hsi
                0x00000000080011e8       0x18 /home/ek-181/MOAISERI/riot-examples/02button/bin/stm32f0discovery/stm32_common.a(stmclk_common.o)
                0x00000000080011e8                stmclk_enable_hsi
 .text.stmclk_disable_hsi
                0x0000000008001200       0x18 /home/ek-181/MOAISERI/riot-examples/02button/bin/stm32f0discovery/stm32_common.a(stmclk_common.o)
                0x0000000008001200                stmclk_disable_hsi
 .text.cpu_init_status
                0x0000000008001218       0xa0 /home/ek-181/MOAISERI/riot-examples/02button/bin/stm32f0discovery/stm32_common.a(stm_status.o)
                0x0000000008001218                cpu_init_status
 .text.cpu_init
                0x00000000080012b8       0x74 /home/ek-181/MOAISERI/riot-examples/02button/bin/stm32f0discovery/stm32_common.a(cpu_init.o)
                0x00000000080012b8                cpu_init
 .text.periph_apb_clk
                0x000000000800132c        0xc /home/ek-181/MOAISERI/riot-examples/02button/bin/stm32f0discovery/stm32_common.a(cpu_common.o)
                0x000000000800132c                periph_apb_clk
 .text.periph_timer_clk
                0x0000000008001338       0x14 /home/ek-181/MOAISERI/riot-examples/02button/bin/stm32f0discovery/stm32_common.a(cpu_common.o)
                0x0000000008001338                periph_timer_clk
 .text.periph_clk_en
                0x000000000800134c       0x34 /home/ek-181/MOAISERI/riot-examples/02button/bin/stm32f0discovery/stm32_common.a(cpu_common.o)
                0x000000000800134c                periph_clk_en
 .text.periph_clk_dis
                0x0000000008001380       0x30 /home/ek-181/MOAISERI/riot-examples/02button/bin/stm32f0discovery/stm32_common.a(cpu_common.o)
                0x0000000008001380                periph_clk_dis
 .text.is_periph_clk
                0x00000000080013b0       0x30 /home/ek-181/MOAISERI/riot-examples/02button/bin/stm32f0discovery/stm32_common.a(cpu_common.o)
                0x00000000080013b0                is_periph_clk
 .text.timer_set_absolute
                0x00000000080013e0       0x3c /home/ek-181/MOAISERI/riot-examples/02button/bin/stm32f0discovery/stm32_common_periph.a(timer.o)
                0x00000000080013e0                timer_set_absolute
 .text.timer_read
                0x000000000800141c       0x10 /home/ek-181/MOAISERI/riot-examples/02button/bin/stm32f0discovery/stm32_common_periph.a(timer.o)
                0x000000000800141c                timer_read
 .text.timer_start
                0x000000000800142c       0x14 /home/ek-181/MOAISERI/riot-examples/02button/bin/stm32f0discovery/stm32_common_periph.a(timer.o)
                0x000000000800142c                timer_start
 .text.timer_init
                0x0000000008001440       0x58 /home/ek-181/MOAISERI/riot-examples/02button/bin/stm32f0discovery/stm32_common_periph.a(timer.o)
                0x0000000008001440                timer_init
 .text.isr_tim2
                0x0000000008001498       0x60 /home/ek-181/MOAISERI/riot-examples/02button/bin/stm32f0discovery/stm32_common_periph.a(timer.o)
                0x0000000008001498                isr_tim2
 .text._pop     0x00000000080014f8       0x12 /home/ek-181/MOAISERI/riot-examples/02button/bin/stm32f0discovery/tsrb.a(tsrb.o)
 .text.tsrb_get
                0x000000000800150a       0x28 /home/ek-181/MOAISERI/riot-examples/02button/bin/stm32f0discovery/tsrb.a(tsrb.o)
                0x000000000800150a                tsrb_get
 .text.tsrb_add_one
                0x0000000008001532       0x26 /home/ek-181/MOAISERI/riot-examples/02button/bin/stm32f0discovery/tsrb.a(tsrb.o)
                0x0000000008001532                tsrb_add_one
 .text.periph_init
                0x0000000008001558        0x2 /home/ek-181/MOAISERI/riot-examples/02button/bin/stm32f0discovery/periph_common.a(init.o)
                0x0000000008001558                periph_init
 *fill*         0x000000000800155a        0x2 
 .text.btn_handler
                0x000000000800155c       0x40 /home/ek-181/MOAISERI/riot-examples/02button/bin/stm32f0discovery/application_button.a(main.o)
                0x000000000800155c                btn_handler
 .text.startup.main
                0x000000000800159c       0x24 /home/ek-181/MOAISERI/riot-examples/02button/bin/stm32f0discovery/application_button.a(main.o)
                0x000000000800159c                main
 .text.auto_init
                0x00000000080015c0        0x8 /home/ek-181/MOAISERI/riot-examples/02button/bin/stm32f0discovery/auto_init.a(auto_init.o)
                0x00000000080015c0                auto_init
 .text._mutex_lock
                0x00000000080015c8       0x60 /home/ek-181/MOAISERI/riot-examples/02button/bin/stm32f0discovery/core.a(mutex.o)
                0x00000000080015c8                _mutex_lock
 .text.mutex_unlock
                0x0000000008001628       0x4a /home/ek-181/MOAISERI/riot-examples/02button/bin/stm32f0discovery/core.a(mutex.o)
                0x0000000008001628                mutex_unlock
 *fill*         0x0000000008001672        0x2 
 .text          0x0000000008001674      0x114 /usr/bin/../lib/gcc/arm-none-eabi/7.3.1/thumb/v6-m/libgcc.a(_udivsi3.o)
                0x0000000008001674                __udivsi3
                0x0000000008001674                __aeabi_uidiv
                0x0000000008001780                __aeabi_uidivmod
 .text          0x0000000008001788        0x4 /usr/bin/../lib/gcc/arm-none-eabi/7.3.1/thumb/v6-m/libgcc.a(_dvmd_tls.o)
                0x0000000008001788                __aeabi_ldiv0
                0x0000000008001788                __aeabi_idiv0
 .text.__libc_init_array
                0x000000000800178c       0x48 /usr/bin/../lib/gcc/arm-none-eabi/7.3.1/../../../../arm-none-eabi/lib/thumb/v6-m/libc_nano.a(lib_a-init.o)
                0x000000000800178c                __libc_init_array
 .text.memset   0x00000000080017d4       0x10 /usr/bin/../lib/gcc/arm-none-eabi/7.3.1/../../../../arm-none-eabi/lib/thumb/v6-m/libc_nano.a(lib_a-memset.o)
                0x00000000080017d4                memset
 .text.printf   0x00000000080017e4       0x34 /usr/bin/../lib/gcc/arm-none-eabi/7.3.1/../../../../arm-none-eabi/lib/thumb/v6-m/libc_nano.a(lib_a-printf.o)
                0x00000000080017e4                printf
                0x00000000080017e4                iprintf
 .text._puts_r  0x0000000008001818       0xc0 /usr/bin/../lib/gcc/arm-none-eabi/7.3.1/../../../../arm-none-eabi/lib/thumb/v6-m/libc_nano.a(lib_a-puts.o)
                0x0000000008001818                _puts_r
 .text.puts     0x00000000080018d8       0x14 /usr/bin/../lib/gcc/arm-none-eabi/7.3.1/../../../../arm-none-eabi/lib/thumb/v6-m/libc_nano.a(lib_a-puts.o)
                0x00000000080018d8                puts
 .text.__swbuf_r
                0x00000000080018ec       0xac /usr/bin/../lib/gcc/arm-none-eabi/7.3.1/../../../../arm-none-eabi/lib/thumb/v6-m/libc_nano.a(lib_a-wbuf.o)
                0x00000000080018ec                __swbuf_r
 .text.__swsetup_r
                0x0000000008001998       0xec /usr/bin/../lib/gcc/arm-none-eabi/7.3.1/../../../../arm-none-eabi/lib/thumb/v6-m/libc_nano.a(lib_a-wsetup.o)
                0x0000000008001998                __swsetup_r
 .text.__sflush_r
                0x0000000008001a84      0x114 /usr/bin/../lib/gcc/arm-none-eabi/7.3.1/../../../../arm-none-eabi/lib/thumb/v6-m/libc_nano.a(lib_a-fflush.o)
                0x0000000008001a84                __sflush_r
 .text._fflush_r
                0x0000000008001b98       0x58 /usr/bin/../lib/gcc/arm-none-eabi/7.3.1/../../../../arm-none-eabi/lib/thumb/v6-m/libc_nano.a(lib_a-fflush.o)
                0x0000000008001b98                _fflush_r
 .text.std      0x0000000008001bf0       0x48 /usr/bin/../lib/gcc/arm-none-eabi/7.3.1/../../../../arm-none-eabi/lib/thumb/v6-m/libc_nano.a(lib_a-findfp.o)
 .text._cleanup_r
                0x0000000008001c38       0x10 /usr/bin/../lib/gcc/arm-none-eabi/7.3.1/../../../../arm-none-eabi/lib/thumb/v6-m/libc_nano.a(lib_a-findfp.o)
                0x0000000008001c38                _cleanup_r
 .text.__sfmoreglue
                0x0000000008001c48       0x2c /usr/bin/../lib/gcc/arm-none-eabi/7.3.1/../../../../arm-none-eabi/lib/thumb/v6-m/libc_nano.a(lib_a-findfp.o)
                0x0000000008001c48                __sfmoreglue
 .text.__sinit  0x0000000008001c74       0x68 /usr/bin/../lib/gcc/arm-none-eabi/7.3.1/../../../../arm-none-eabi/lib/thumb/v6-m/libc_nano.a(lib_a-findfp.o)
                0x0000000008001c74                __sinit
 .text.__sfp    0x0000000008001cdc       0x7c /usr/bin/../lib/gcc/arm-none-eabi/7.3.1/../../../../arm-none-eabi/lib/thumb/v6-m/libc_nano.a(lib_a-findfp.o)
                0x0000000008001cdc                __sfp
 .text._fwalk_reent
                0x0000000008001d58       0x42 /usr/bin/../lib/gcc/arm-none-eabi/7.3.1/../../../../arm-none-eabi/lib/thumb/v6-m/libc_nano.a(lib_a-fwalk.o)
                0x0000000008001d58                _fwalk_reent
 *fill*         0x0000000008001d9a        0x2 
 .text.__swhatbuf_r
                0x0000000008001d9c       0x50 /usr/bin/../lib/gcc/arm-none-eabi/7.3.1/../../../../arm-none-eabi/lib/thumb/v6-m/libc_nano.a(lib_a-makebuf.o)
                0x0000000008001d9c                __swhatbuf_r
 .text.__smakebuf_r
                0x0000000008001dec       0x88 /usr/bin/../lib/gcc/arm-none-eabi/7.3.1/../../../../arm-none-eabi/lib/thumb/v6-m/libc_nano.a(lib_a-makebuf.o)
                0x0000000008001dec                __smakebuf_r
 .text._free_r  0x0000000008001e74       0x94 /usr/bin/../lib/gcc/arm-none-eabi/7.3.1/../../../../arm-none-eabi/lib/thumb/v6-m/libc_nano.a(lib_a-nano-freer.o)
                0x0000000008001e74                _free_r
 .text._malloc_r
                0x0000000008001f08       0xbc /usr/bin/../lib/gcc/arm-none-eabi/7.3.1/../../../../arm-none-eabi/lib/thumb/v6-m/libc_nano.a(lib_a-nano-mallocr.o)
                0x0000000008001f08                _malloc_r
 .text.__sfputc_r
                0x0000000008001fc4       0x2a /usr/bin/../lib/gcc/arm-none-eabi/7.3.1/../../../../arm-none-eabi/lib/thumb/v6-m/libc_nano.a(lib_a-nano-vfprintf.o)
 .text.__sfputs_r
                0x0000000008001fee       0x24 /usr/bin/../lib/gcc/arm-none-eabi/7.3.1/../../../../arm-none-eabi/lib/thumb/v6-m/libc_nano.a(lib_a-nano-vfprintf.o)
                0x0000000008001fee                __sfputs_r
 *fill*         0x0000000008002012        0x2 
 .text._vfprintf_r
                0x0000000008002014      0x22c /usr/bin/../lib/gcc/arm-none-eabi/7.3.1/../../../../arm-none-eabi/lib/thumb/v6-m/libc_nano.a(lib_a-nano-vfprintf.o)
                0x0000000008002014                _vfiprintf_r
                0x0000000008002014                _vfprintf_r
 .text._printf_common
                0x0000000008002240       0xda /usr/bin/../lib/gcc/arm-none-eabi/7.3.1/../../../../arm-none-eabi/lib/thumb/v6-m/libc_nano.a(lib_a-nano-vfprintf_i.o)
                0x0000000008002240                _printf_common
 *fill*         0x000000000800231a        0x2 
 .text._printf_i
                0x000000000800231c      0x210 /usr/bin/../lib/gcc/arm-none-eabi/7.3.1/../../../../arm-none-eabi/lib/thumb/v6-m/libc_nano.a(lib_a-nano-vfprintf_i.o)
                0x000000000800231c                _printf_i
 .text.__sread  0x000000000800252c       0x28 /usr/bin/../lib/gcc/arm-none-eabi/7.3.1/../../../../arm-none-eabi/lib/thumb/v6-m/libc_nano.a(lib_a-stdio.o)
                0x000000000800252c                __sread
 .text.__swrite
                0x0000000008002554       0x38 /usr/bin/../lib/gcc/arm-none-eabi/7.3.1/../../../../arm-none-eabi/lib/thumb/v6-m/libc_nano.a(lib_a-stdio.o)
                0x0000000008002554                __swrite
 .text.__sseek  0x000000000800258c       0x2c /usr/bin/../lib/gcc/arm-none-eabi/7.3.1/../../../../arm-none-eabi/lib/thumb/v6-m/libc_nano.a(lib_a-stdio.o)
                0x000000000800258c                __sseek
 .text.__sclose
                0x00000000080025b8        0xc /usr/bin/../lib/gcc/arm-none-eabi/7.3.1/../../../../arm-none-eabi/lib/thumb/v6-m/libc_nano.a(lib_a-stdio.o)
                0x00000000080025b8                __sclose
 .text.memchr   0x00000000080025c4       0x16 /usr/bin/../lib/gcc/arm-none-eabi/7.3.1/../../../../arm-none-eabi/lib/thumb/v6-m/libc_nano.a(lib_a-memchr-stub.o)
                0x00000000080025c4                memchr
 .text.__malloc_lock
                0x00000000080025da        0x2 /usr/bin/../lib/gcc/arm-none-eabi/7.3.1/../../../../arm-none-eabi/lib/thumb/v6-m/libc_nano.a(lib_a-mlock.o)
                0x00000000080025da                __malloc_lock
 .text.__malloc_unlock
                0x00000000080025dc        0x2 /usr/bin/../lib/gcc/arm-none-eabi/7.3.1/../../../../arm-none-eabi/lib/thumb/v6-m/libc_nano.a(lib_a-mlock.o)
                0x00000000080025dc                __malloc_unlock
 *(.glue_7t)
 .glue_7t       0x00000000080025de        0x0 linker stubs
 *(.glue_7)
 .glue_7        0x00000000080025de        0x0 linker stubs
 *(.rodata .rodata* .gnu.linkonce.r.*)
 .rodata.MultiplyDeBruijnBitPosition
                0x00000000080025de       0x20 /home/ek-181/MOAISERI/riot-examples/02button/bin/stm32f0discovery/core.a(bitarithm.o)
                0x00000000080025de                MultiplyDeBruijnBitPosition
 .rodata.dummy_handler_default.str1.1
                0x00000000080025fe        0xe /home/ek-181/MOAISERI/riot-examples/02button/bin/stm32f0discovery/cortexm_common.a(vectors_cortexm.o)
 .rodata.hard_fault_handler.str1.1
                0x000000000800260c      0x18b /home/ek-181/MOAISERI/riot-examples/02button/bin/stm32f0discovery/cortexm_common.a(vectors_cortexm.o)
 .rodata.nmi_default.str1.1
                0x0000000008002797        0xc /home/ek-181/MOAISERI/riot-examples/02button/bin/stm32f0discovery/cortexm_common.a(vectors_cortexm.o)
 *fill*         0x00000000080027a3        0x1 
 .rodata.uart_config
                0x00000000080027a4       0x30 /home/ek-181/MOAISERI/riot-examples/02button/bin/stm32f0discovery/stm32_common_periph.a(uart.o)
 .rodata.assert_crash_message
                0x00000000080027d4       0x12 /home/ek-181/MOAISERI/riot-examples/02button/bin/stm32f0discovery/core.a(panic.o)
                0x00000000080027d4                assert_crash_message
 .rodata.core_panic.str1.1
                0x00000000080027e6       0x2e /home/ek-181/MOAISERI/riot-examples/02button/bin/stm32f0discovery/core.a(panic.o)
 .rodata.main_trampoline.str1.1
                0x0000000008002814       0x30 /home/ek-181/MOAISERI/riot-examples/02button/bin/stm32f0discovery/core.a(kernel_init.o)
 .rodata.str1.1
                0x0000000008002844        0xa /home/ek-181/MOAISERI/riot-examples/02button/bin/stm32f0discovery/core.a(kernel_init.o)
 .rodata.CSWTCH.2
                0x000000000800284e        0x9 /home/ek-181/MOAISERI/riot-examples/02button/bin/stm32f0discovery/stm32_common.a(stm_status.o)
 .rodata.apbmul
                0x0000000008002857        0x2 /home/ek-181/MOAISERI/riot-examples/02button/bin/stm32f0discovery/stm32_common.a(cpu_common.o)
 *fill*         0x0000000008002859        0x3 
 .rodata.timer_config
                0x000000000800285c       0x10 /home/ek-181/MOAISERI/riot-examples/02button/bin/stm32f0discovery/stm32_common_periph.a(timer.o)
 .rodata._global_impure_ptr
                0x000000000800286c        0x4 /usr/bin/../lib/gcc/arm-none-eabi/7.3.1/../../../../arm-none-eabi/lib/thumb/v6-m/libc_nano.a(lib_a-impure.o)
                0x000000000800286c                _global_impure_ptr
 .rodata.__sf_fake_stderr
                0x0000000008002870       0x20 /usr/bin/../lib/gcc/arm-none-eabi/7.3.1/../../../../arm-none-eabi/lib/thumb/v6-m/libc_nano.a(lib_a-findfp.o)
                0x0000000008002870                __sf_fake_stderr
 .rodata.__sf_fake_stdin
                0x0000000008002890       0x20 /usr/bin/../lib/gcc/arm-none-eabi/7.3.1/../../../../arm-none-eabi/lib/thumb/v6-m/libc_nano.a(lib_a-findfp.o)
                0x0000000008002890                __sf_fake_stdin
 .rodata.__sf_fake_stdout
                0x00000000080028b0       0x20 /usr/bin/../lib/gcc/arm-none-eabi/7.3.1/../../../../arm-none-eabi/lib/thumb/v6-m/libc_nano.a(lib_a-findfp.o)
                0x00000000080028b0                __sf_fake_stdout
 .rodata._vfprintf_r.str1.1
                0x00000000080028d0       0x11 /usr/bin/../lib/gcc/arm-none-eabi/7.3.1/../../../../arm-none-eabi/lib/thumb/v6-m/libc_nano.a(lib_a-nano-vfprintf.o)
 .rodata._printf_i.str1.1
                0x00000000080028e1       0x22 /usr/bin/../lib/gcc/arm-none-eabi/7.3.1/../../../../arm-none-eabi/lib/thumb/v6-m/libc_nano.a(lib_a-nano-vfprintf_i.o)
 *(.ARM.extab* .gnu.linkonce.armextab.*)
                0x0000000008002904                . = ALIGN (0x4)
 *fill*         0x0000000008002903        0x1 
 *(.init)
                0x0000000008002904                . = ALIGN (0x4)
                0x0000000008002904                __preinit_array_start = .
 *(.preinit_array)
                0x0000000008002904                __preinit_array_end = .
                0x0000000008002904                . = ALIGN (0x4)
                0x0000000008002904                __init_array_start = .
 *(SORT_BY_NAME(.init_array.*))
 *(.init_array)
                0x0000000008002904                __init_array_end = .
                0x0000000008002904                . = ALIGN (0x4)
 *crtbegin.o(.ctors)
 *(EXCLUDE_FILE(*crtend.o) .ctors)
 *(SORT_BY_NAME(.ctors.*))
 *crtend.o(.ctors)
                0x0000000008002904                . = ALIGN (0x4)
 *(.fini)
                0x0000000008002904                . = ALIGN (0x4)
                0x0000000008002904                __fini_array_start = .
 *(.fini_array)
 *(SORT_BY_NAME(.fini_array.*))
                0x0000000008002904                __fini_array_end = .
 *crtbegin.o(.dtors)
 *(EXCLUDE_FILE(*crtend.o) .dtors)
 *(SORT_BY_NAME(.dtors.*))
 *crtend.o(.dtors)
                0x0000000008002904                . = ALIGN (0x4)
                0x0000000008002904                _efixed = .
                [!provide]                        PROVIDE (__exidx_start = .)

.vfp11_veneer   0x0000000008002904        0x0
 .vfp11_veneer  0x0000000008002904        0x0 linker stubs

.v4_bx          0x0000000008002904        0x0
 .v4_bx         0x0000000008002904        0x0 linker stubs

.iplt           0x0000000008002904        0x0
 .iplt          0x0000000008002904        0x0 /home/ek-181/MOAISERI/riot-examples/02button/bin/stm32f0discovery/cpu/vectors.o

.igot.plt       0x0000000008002904        0x0
 .igot.plt      0x0000000008002904        0x0 /home/ek-181/MOAISERI/riot-examples/02button/bin/stm32f0discovery/cpu/vectors.o

.rel.dyn        0x0000000008002904        0x0
 .rel.iplt      0x0000000008002904        0x0 /home/ek-181/MOAISERI/riot-examples/02button/bin/stm32f0discovery/cpu/vectors.o

.ARM.exidx
 *(.ARM.exidx* .gnu.linkonce.armexidx.*)
                [!provide]                        PROVIDE (__exidx_end = .)
                0x0000000008002904                . = ALIGN (0x4)

.eh_frame
 *(.eh_frame)
                0x0000000008002904                . = ALIGN (0x4)
                0x0000000008002904                _etext = .

.stack          0x0000000020000000      0x200
 *(.puf)
                0x0000000020000000                . = ALIGN (0x8)
                0x0000000020000000                _sstack = .
 *(.isr_stack)
 .isr_stack     0x0000000020000000      0x200 /home/ek-181/MOAISERI/riot-examples/02button/bin/stm32f0discovery/cortexm_common.a(vectors_cortexm.o)
                0x0000000020000000                isr_stack
                0x0000000020000200                . = ALIGN (0x8)
                0x0000000020000200                _estack = .

.relocate       0x0000000020000200       0x8c load address 0x0000000008002904
                0x0000000020000200                . = ALIGN (0x4)
                0x0000000020000200                _srelocate = .
 *(.ramfunc .ramfunc.*)
 *(.data .data.*)
 .data.heap_top
                0x0000000020000200        0x4 /home/ek-181/MOAISERI/riot-examples/02button/bin/stm32f0discovery/newlib_syscalls_default/syscalls.o
                0x0000000020000200                heap_top
 .data.stdio_uart_isrpipe
                0x0000000020000204       0x14 /home/ek-181/MOAISERI/riot-examples/02button/bin/stm32f0discovery/stdio_uart.a(stdio_uart.o)
                0x0000000020000204                stdio_uart_isrpipe
 .data.idle_name
                0x0000000020000218        0x4 /home/ek-181/MOAISERI/riot-examples/02button/bin/stm32f0discovery/core.a(kernel_init.o)
                0x0000000020000218                idle_name
 .data.main_name
                0x000000002000021c        0x4 /home/ek-181/MOAISERI/riot-examples/02button/bin/stm32f0discovery/core.a(kernel_init.o)
                0x000000002000021c                main_name
 .data.pm_blocker
                0x0000000020000220        0x4 /home/ek-181/MOAISERI/riot-examples/02button/bin/stm32f0discovery/pm_layered.a(pm.o)
                0x0000000020000220                pm_blocker
 .data._impure_ptr
                0x0000000020000224        0x4 /usr/bin/../lib/gcc/arm-none-eabi/7.3.1/../../../../arm-none-eabi/lib/thumb/v6-m/libc_nano.a(lib_a-impure.o)
                0x0000000020000224                _impure_ptr
 .data.impure_data
                0x0000000020000228       0x60 /usr/bin/../lib/gcc/arm-none-eabi/7.3.1/../../../../arm-none-eabi/lib/thumb/v6-m/libc_nano.a(lib_a-impure.o)
 *(.openocd .openocd.*)
 .openocd       0x0000000020000288        0x2 /home/ek-181/MOAISERI/riot-examples/02button/bin/stm32f0discovery/core.a(sched.o)
                0x0000000020000288                _tcb_name_offset
                0x0000000020000289                max_threads
                0x000000002000028c                . = ALIGN (0x4)
 *fill*         0x000000002000028a        0x2 
                0x000000002000028c                _erelocate = .

.noinit         0x000000002000028c        0x0 load address 0x0000000008002990
                0x000000002000028c                __noinit_start = .
 *(.noinit)
                0x000000002000028c                . = ALIGN (0x4)
                0x000000002000028c                __noinit_end = .

.bss            0x0000000020000290      0xf68 load address 0x0000000008002990
                0x0000000020000290                . = ALIGN (0x4)
                0x0000000020000290                _sbss = .
                0x0000000020000290                _szero = .
 *(.bss .bss.*)
 .bss.runqueue_bitcache
                0x0000000020000290        0x4 /home/ek-181/MOAISERI/riot-examples/02button/bin/stm32f0discovery/core.a(sched.o)
 .bss.sched_active_pid
                0x0000000020000294        0x2 /home/ek-181/MOAISERI/riot-examples/02button/bin/stm32f0discovery/core.a(sched.o)
                0x0000000020000294                sched_active_pid
 *fill*         0x0000000020000296        0x2 
 .bss.sched_active_thread
                0x0000000020000298        0x4 /home/ek-181/MOAISERI/riot-examples/02button/bin/stm32f0discovery/core.a(sched.o)
                0x0000000020000298                sched_active_thread
 .bss.sched_context_switch_request
                0x000000002000029c        0x4 /home/ek-181/MOAISERI/riot-examples/02button/bin/stm32f0discovery/core.a(sched.o)
                0x000000002000029c                sched_context_switch_request
 .bss.sched_num_threads
                0x00000000200002a0        0x4 /home/ek-181/MOAISERI/riot-examples/02button/bin/stm32f0discovery/core.a(sched.o)
                0x00000000200002a0                sched_num_threads
 .bss.sched_runqueues
                0x00000000200002a4       0x40 /home/ek-181/MOAISERI/riot-examples/02button/bin/stm32f0discovery/core.a(sched.o)
                0x00000000200002a4                sched_runqueues
 .bss.sched_threads
                0x00000000200002e4       0x84 /home/ek-181/MOAISERI/riot-examples/02button/bin/stm32f0discovery/core.a(sched.o)
                0x00000000200002e4                sched_threads
 .bss._rx_buf_mem
                0x0000000020000368       0x40 /home/ek-181/MOAISERI/riot-examples/02button/bin/stm32f0discovery/stdio_uart.a(stdio_uart.o)
 .bss.lpm_gpio_moder
                0x00000000200003a8       0x20 /home/ek-181/MOAISERI/riot-examples/02button/bin/stm32f0discovery/stm32_common_periph.a(pm.o)
 .bss.lpm_gpio_otyper
                0x00000000200003c8       0x10 /home/ek-181/MOAISERI/riot-examples/02button/bin/stm32f0discovery/stm32_common_periph.a(pm.o)
 .bss.lpm_gpio_pupdr
                0x00000000200003d8       0x20 /home/ek-181/MOAISERI/riot-examples/02button/bin/stm32f0discovery/stm32_common_periph.a(pm.o)
 .bss.lpm_usart
                0x00000000200003f8        0x2 /home/ek-181/MOAISERI/riot-examples/02button/bin/stm32f0discovery/stm32_common_periph.a(pm.o)
 .bss.powermode
                0x00000000200003fa        0x1 /home/ek-181/MOAISERI/riot-examples/02button/bin/stm32f0discovery/stm32_common_periph.a(pm.o)
 *fill*         0x00000000200003fb        0x1 
 .bss.isr_ctx   0x00000000200003fc       0x18 /home/ek-181/MOAISERI/riot-examples/02button/bin/stm32f0discovery/stm32_common_periph.a(uart.o)
 .bss.isr_ctx   0x0000000020000414       0x80 /home/ek-181/MOAISERI/riot-examples/02button/bin/stm32f0discovery/stm32_common_periph.a(gpio.o)
 .bss._in_handler
                0x0000000020000494        0x4 /home/ek-181/MOAISERI/riot-examples/02button/bin/stm32f0discovery/xtimer.a(xtimer_core.o)
 .bss._long_cnt
                0x0000000020000498        0x4 /home/ek-181/MOAISERI/riot-examples/02button/bin/stm32f0discovery/xtimer.a(xtimer_core.o)
 .bss.long_list_head
                0x000000002000049c        0x4 /home/ek-181/MOAISERI/riot-examples/02button/bin/stm32f0discovery/xtimer.a(xtimer_core.o)
 .bss.overflow_list_head
                0x00000000200004a0        0x4 /home/ek-181/MOAISERI/riot-examples/02button/bin/stm32f0discovery/xtimer.a(xtimer_core.o)
 .bss.timer_list_head
                0x00000000200004a4        0x4 /home/ek-181/MOAISERI/riot-examples/02button/bin/stm32f0discovery/xtimer.a(xtimer_core.o)
 .bss.crashed   0x00000000200004a8        0x4 /home/ek-181/MOAISERI/riot-examples/02button/bin/stm32f0discovery/core.a(panic.o)
 .bss.idle_stack
                0x00000000200004ac      0x100 /home/ek-181/MOAISERI/riot-examples/02button/bin/stm32f0discovery/core.a(kernel_init.o)
 .bss.main_stack
                0x00000000200005ac      0xc00 /home/ek-181/MOAISERI/riot-examples/02button/bin/stm32f0discovery/core.a(kernel_init.o)
 .bss.cpu_status
                0x00000000200011ac       0x28 /home/ek-181/MOAISERI/riot-examples/02button/bin/stm32f0discovery/stm32_common.a(stm_status.o)
                0x00000000200011ac                cpu_status
 .bss.isr_ctx   0x00000000200011d4        0x8 /home/ek-181/MOAISERI/riot-examples/02button/bin/stm32f0discovery/stm32_common_periph.a(timer.o)
 *fill*         0x00000000200011dc        0x4 
 .bss.curtime   0x00000000200011e0        0x8 /home/ek-181/MOAISERI/riot-examples/02button/bin/stm32f0discovery/application_button.a(main.o)
                0x00000000200011e0                curtime
 .bss.time      0x00000000200011e8        0x8 /home/ek-181/MOAISERI/riot-examples/02button/bin/stm32f0discovery/application_button.a(main.o)
                0x00000000200011e8                time
 .bss.__malloc_free_list
                0x00000000200011f0        0x4 /usr/bin/../lib/gcc/arm-none-eabi/7.3.1/../../../../arm-none-eabi/lib/thumb/v6-m/libc_nano.a(lib_a-nano-mallocr.o)
                0x00000000200011f0                __malloc_free_list
 .bss.__malloc_sbrk_start
                0x00000000200011f4        0x4 /usr/bin/../lib/gcc/arm-none-eabi/7.3.1/../../../../arm-none-eabi/lib/thumb/v6-m/libc_nano.a(lib_a-nano-mallocr.o)
                0x00000000200011f4                __malloc_sbrk_start
 *(COMMON)
                0x00000000200011f8                . = ALIGN (0x4)
                0x00000000200011f8                _ebss = .
                0x00000000200011f8                _ezero = .
                0x00000000200011f8                . = ALIGN (0x4)
                0x00000000200011f8                _sheap = .
                0x0000000020002000                _eheap = (ORIGIN (ram) + LENGTH (ram))
                0x0000000020000000                _sram = ORIGIN (ram)
                0x0000000020002000                _eram = (ORIGIN (ram) + LENGTH (ram))
OUTPUT(/home/ek-181/MOAISERI/riot-examples/02button/bin/stm32f0discovery/button.elf elf32-littlearm)

.debug_info     0x0000000000000000    0x21b0d
 .debug_info    0x0000000000000000       0xd7 /home/ek-181/MOAISERI/riot-examples/02button/bin/stm32f0discovery/cpu/vectors.o
 .debug_info    0x00000000000000d7     0x1c09 /home/ek-181/MOAISERI/riot-examples/02button/bin/stm32f0discovery/newlib_syscalls_default/syscalls.o
 .debug_info    0x0000000000001ce0      0xebc /home/ek-181/MOAISERI/riot-examples/02button/bin/stm32f0discovery/core.a(sched.o)
 .debug_info    0x0000000000002b9c      0x936 /home/ek-181/MOAISERI/riot-examples/02button/bin/stm32f0discovery/core.a(bitarithm.o)
 .debug_info    0x00000000000034d2     0x1004 /home/ek-181/MOAISERI/riot-examples/02button/bin/stm32f0discovery/cortexm_common.a(thread_arch.o)
 .debug_info    0x00000000000044d6     0x119f /home/ek-181/MOAISERI/riot-examples/02button/bin/stm32f0discovery/cortexm_common.a(vectors_cortexm.o)
 .debug_info    0x0000000000005675      0xdee /home/ek-181/MOAISERI/riot-examples/02button/bin/stm32f0discovery/cortexm_common.a(irq_arch.o)
 .debug_info    0x0000000000006463     0x1425 /home/ek-181/MOAISERI/riot-examples/02button/bin/stm32f0discovery/stdio_uart.a(stdio_uart.o)
 .debug_info    0x0000000000007888     0x18f0 /home/ek-181/MOAISERI/riot-examples/02button/bin/stm32f0discovery/stm32_common_periph.a(pm.o)
 .debug_info    0x0000000000009178     0x1bea /home/ek-181/MOAISERI/riot-examples/02button/bin/stm32f0discovery/stm32_common_periph.a(uart.o)
 .debug_info    0x000000000000ad62     0x1e03 /home/ek-181/MOAISERI/riot-examples/02button/bin/stm32f0discovery/stm32_common_periph.a(gpio.o)
 .debug_info    0x000000000000cb65     0x1f95 /home/ek-181/MOAISERI/riot-examples/02button/bin/stm32f0discovery/xtimer.a(xtimer_core.o)
 .debug_info    0x000000000000eafa     0x12ac /home/ek-181/MOAISERI/riot-examples/02button/bin/stm32f0discovery/board.a(board.o)
 .debug_info    0x000000000000fda6      0xe22 /home/ek-181/MOAISERI/riot-examples/02button/bin/stm32f0discovery/core.a(panic.o)
 .debug_info    0x0000000000010bc8      0xea4 /home/ek-181/MOAISERI/riot-examples/02button/bin/stm32f0discovery/core.a(kernel_init.o)
 .debug_info    0x0000000000011a6c     0x11f6 /home/ek-181/MOAISERI/riot-examples/02button/bin/stm32f0discovery/core.a(thread.o)
 .debug_info    0x0000000000012c62     0x1191 /home/ek-181/MOAISERI/riot-examples/02button/bin/stm32f0discovery/cortexm_common.a(cortexm_init.o)
 .debug_info    0x0000000000013df3     0x1853 /home/ek-181/MOAISERI/riot-examples/02button/bin/stm32f0discovery/isrpipe.a(isrpipe.o)
 .debug_info    0x0000000000015646      0xe3c /home/ek-181/MOAISERI/riot-examples/02button/bin/stm32f0discovery/pm_layered.a(pm.o)
 .debug_info    0x0000000000016482     0x13a3 /home/ek-181/MOAISERI/riot-examples/02button/bin/stm32f0discovery/stm32_common.a(stmclk.o)
 .debug_info    0x0000000000017825     0x1335 /home/ek-181/MOAISERI/riot-examples/02button/bin/stm32f0discovery/stm32_common.a(stmclk_common.o)
 .debug_info    0x0000000000018b5a     0x1394 /home/ek-181/MOAISERI/riot-examples/02button/bin/stm32f0discovery/stm32_common.a(stm_status.o)
 .debug_info    0x0000000000019eee     0x14b4 /home/ek-181/MOAISERI/riot-examples/02button/bin/stm32f0discovery/stm32_common.a(cpu_init.o)
 .debug_info    0x000000000001b3a2     0x147b /home/ek-181/MOAISERI/riot-examples/02button/bin/stm32f0discovery/stm32_common.a(cpu_common.o)
 .debug_info    0x000000000001c81d     0x19a8 /home/ek-181/MOAISERI/riot-examples/02button/bin/stm32f0discovery/stm32_common_periph.a(timer.o)
 .debug_info    0x000000000001e1c5      0x39e /home/ek-181/MOAISERI/riot-examples/02button/bin/stm32f0discovery/tsrb.a(tsrb.o)
 .debug_info    0x000000000001e563       0x3b /home/ek-181/MOAISERI/riot-examples/02button/bin/stm32f0discovery/periph_common.a(init.o)
 .debug_info    0x000000000001e59e     0x1450 /home/ek-181/MOAISERI/riot-examples/02button/bin/stm32f0discovery/application_button.a(main.o)
 .debug_info    0x000000000001f9ee     0x121d /home/ek-181/MOAISERI/riot-examples/02button/bin/stm32f0discovery/auto_init.a(auto_init.o)
 .debug_info    0x0000000000020c0b      0xf02 /home/ek-181/MOAISERI/riot-examples/02button/bin/stm32f0discovery/core.a(mutex.o)

.debug_abbrev   0x0000000000000000     0x51a1
 .debug_abbrev  0x0000000000000000       0xaa /home/ek-181/MOAISERI/riot-examples/02button/bin/stm32f0discovery/cpu/vectors.o
 .debug_abbrev  0x00000000000000aa      0x431 /home/ek-181/MOAISERI/riot-examples/02button/bin/stm32f0discovery/newlib_syscalls_default/syscalls.o
 .debug_abbrev  0x00000000000004db      0x33a /home/ek-181/MOAISERI/riot-examples/02button/bin/stm32f0discovery/core.a(sched.o)
 .debug_abbrev  0x0000000000000815      0x1bf /home/ek-181/MOAISERI/riot-examples/02button/bin/stm32f0discovery/core.a(bitarithm.o)
 .debug_abbrev  0x00000000000009d4      0x317 /home/ek-181/MOAISERI/riot-examples/02button/bin/stm32f0discovery/cortexm_common.a(thread_arch.o)
 .debug_abbrev  0x0000000000000ceb      0x350 /home/ek-181/MOAISERI/riot-examples/02button/bin/stm32f0discovery/cortexm_common.a(vectors_cortexm.o)
 .debug_abbrev  0x000000000000103b      0x289 /home/ek-181/MOAISERI/riot-examples/02button/bin/stm32f0discovery/cortexm_common.a(irq_arch.o)
 .debug_abbrev  0x00000000000012c4      0x24c /home/ek-181/MOAISERI/riot-examples/02button/bin/stm32f0discovery/stdio_uart.a(stdio_uart.o)
 .debug_abbrev  0x0000000000001510      0x3bc /home/ek-181/MOAISERI/riot-examples/02button/bin/stm32f0discovery/stm32_common_periph.a(pm.o)
 .debug_abbrev  0x00000000000018cc      0x426 /home/ek-181/MOAISERI/riot-examples/02button/bin/stm32f0discovery/stm32_common_periph.a(uart.o)
 .debug_abbrev  0x0000000000001cf2      0x458 /home/ek-181/MOAISERI/riot-examples/02button/bin/stm32f0discovery/stm32_common_periph.a(gpio.o)
 .debug_abbrev  0x000000000000214a      0x51d /home/ek-181/MOAISERI/riot-examples/02button/bin/stm32f0discovery/xtimer.a(xtimer_core.o)
 .debug_abbrev  0x0000000000002667      0x1fa /home/ek-181/MOAISERI/riot-examples/02button/bin/stm32f0discovery/board.a(board.o)
 .debug_abbrev  0x0000000000002861      0x270 /home/ek-181/MOAISERI/riot-examples/02button/bin/stm32f0discovery/core.a(panic.o)
 .debug_abbrev  0x0000000000002ad1      0x241 /home/ek-181/MOAISERI/riot-examples/02button/bin/stm32f0discovery/core.a(kernel_init.o)
 .debug_abbrev  0x0000000000002d12      0x351 /home/ek-181/MOAISERI/riot-examples/02button/bin/stm32f0discovery/core.a(thread.o)
 .debug_abbrev  0x0000000000003063      0x311 /home/ek-181/MOAISERI/riot-examples/02button/bin/stm32f0discovery/cortexm_common.a(cortexm_init.o)
 .debug_abbrev  0x0000000000003374      0x338 /home/ek-181/MOAISERI/riot-examples/02button/bin/stm32f0discovery/isrpipe.a(isrpipe.o)
 .debug_abbrev  0x00000000000036ac      0x232 /home/ek-181/MOAISERI/riot-examples/02button/bin/stm32f0discovery/pm_layered.a(pm.o)
 .debug_abbrev  0x00000000000038de      0x207 /home/ek-181/MOAISERI/riot-examples/02button/bin/stm32f0discovery/stm32_common.a(stmclk.o)
 .debug_abbrev  0x0000000000003ae5      0x1c3 /home/ek-181/MOAISERI/riot-examples/02button/bin/stm32f0discovery/stm32_common.a(stmclk_common.o)
 .debug_abbrev  0x0000000000003ca8      0x270 /home/ek-181/MOAISERI/riot-examples/02button/bin/stm32f0discovery/stm32_common.a(stm_status.o)
 .debug_abbrev  0x0000000000003f18      0x286 /home/ek-181/MOAISERI/riot-examples/02button/bin/stm32f0discovery/stm32_common.a(cpu_init.o)
 .debug_abbrev  0x000000000000419e      0x2d5 /home/ek-181/MOAISERI/riot-examples/02button/bin/stm32f0discovery/stm32_common.a(cpu_common.o)
 .debug_abbrev  0x0000000000004473      0x3ec /home/ek-181/MOAISERI/riot-examples/02button/bin/stm32f0discovery/stm32_common_periph.a(timer.o)
 .debug_abbrev  0x000000000000485f      0x193 /home/ek-181/MOAISERI/riot-examples/02button/bin/stm32f0discovery/tsrb.a(tsrb.o)
 .debug_abbrev  0x00000000000049f2       0x2f /home/ek-181/MOAISERI/riot-examples/02button/bin/stm32f0discovery/periph_common.a(init.o)
 .debug_abbrev  0x0000000000004a21      0x2cc /home/ek-181/MOAISERI/riot-examples/02button/bin/stm32f0discovery/application_button.a(main.o)
 .debug_abbrev  0x0000000000004ced      0x1ec /home/ek-181/MOAISERI/riot-examples/02button/bin/stm32f0discovery/auto_init.a(auto_init.o)
 .debug_abbrev  0x0000000000004ed9      0x2c8 /home/ek-181/MOAISERI/riot-examples/02button/bin/stm32f0discovery/core.a(mutex.o)

.debug_aranges  0x0000000000000000      0x798
 .debug_aranges
                0x0000000000000000       0x20 /home/ek-181/MOAISERI/riot-examples/02button/bin/stm32f0discovery/cpu/vectors.o
 .debug_aranges
                0x0000000000000020       0xb8 /home/ek-181/MOAISERI/riot-examples/02button/bin/stm32f0discovery/newlib_syscalls_default/syscalls.o
 .debug_aranges
                0x00000000000000d8       0x38 /home/ek-181/MOAISERI/riot-examples/02button/bin/stm32f0discovery/core.a(sched.o)
 .debug_aranges
                0x0000000000000110       0x28 /home/ek-181/MOAISERI/riot-examples/02button/bin/stm32f0discovery/core.a(bitarithm.o)
 .debug_aranges
                0x0000000000000138       0x60 /home/ek-181/MOAISERI/riot-examples/02button/bin/stm32f0discovery/cortexm_common.a(thread_arch.o)
 .debug_aranges
                0x0000000000000198       0x48 /home/ek-181/MOAISERI/riot-examples/02button/bin/stm32f0discovery/cortexm_common.a(vectors_cortexm.o)
 .debug_aranges
                0x00000000000001e0       0x38 /home/ek-181/MOAISERI/riot-examples/02button/bin/stm32f0discovery/cortexm_common.a(irq_arch.o)
 .debug_aranges
                0x0000000000000218       0x30 /home/ek-181/MOAISERI/riot-examples/02button/bin/stm32f0discovery/stdio_uart.a(stdio_uart.o)
 .debug_aranges
                0x0000000000000248       0x38 /home/ek-181/MOAISERI/riot-examples/02button/bin/stm32f0discovery/stm32_common_periph.a(pm.o)
 .debug_aranges
                0x0000000000000280       0x60 /home/ek-181/MOAISERI/riot-examples/02button/bin/stm32f0discovery/stm32_common_periph.a(uart.o)
 .debug_aranges
                0x00000000000002e0       0x80 /home/ek-181/MOAISERI/riot-examples/02button/bin/stm32f0discovery/stm32_common_periph.a(gpio.o)
 .debug_aranges
                0x0000000000000360       0x78 /home/ek-181/MOAISERI/riot-examples/02button/bin/stm32f0discovery/xtimer.a(xtimer_core.o)
 .debug_aranges
                0x00000000000003d8       0x20 /home/ek-181/MOAISERI/riot-examples/02button/bin/stm32f0discovery/board.a(board.o)
 .debug_aranges
                0x00000000000003f8       0x28 /home/ek-181/MOAISERI/riot-examples/02button/bin/stm32f0discovery/core.a(panic.o)
 .debug_aranges
                0x0000000000000420       0x30 /home/ek-181/MOAISERI/riot-examples/02button/bin/stm32f0discovery/core.a(kernel_init.o)
 .debug_aranges
                0x0000000000000450       0x60 /home/ek-181/MOAISERI/riot-examples/02button/bin/stm32f0discovery/core.a(thread.o)
 .debug_aranges
                0x00000000000004b0       0x38 /home/ek-181/MOAISERI/riot-examples/02button/bin/stm32f0discovery/cortexm_common.a(cortexm_init.o)
 .debug_aranges
                0x00000000000004e8       0x48 /home/ek-181/MOAISERI/riot-examples/02button/bin/stm32f0discovery/isrpipe.a(isrpipe.o)
 .debug_aranges
                0x0000000000000530       0x30 /home/ek-181/MOAISERI/riot-examples/02button/bin/stm32f0discovery/pm_layered.a(pm.o)
 .debug_aranges
                0x0000000000000560       0x20 /home/ek-181/MOAISERI/riot-examples/02button/bin/stm32f0discovery/stm32_common.a(stmclk.o)
 .debug_aranges
                0x0000000000000580       0x48 /home/ek-181/MOAISERI/riot-examples/02button/bin/stm32f0discovery/stm32_common.a(stmclk_common.o)
 .debug_aranges
                0x00000000000005c8       0x20 /home/ek-181/MOAISERI/riot-examples/02button/bin/stm32f0discovery/stm32_common.a(stm_status.o)
 .debug_aranges
                0x00000000000005e8       0x20 /home/ek-181/MOAISERI/riot-examples/02button/bin/stm32f0discovery/stm32_common.a(cpu_init.o)
 .debug_aranges
                0x0000000000000608       0x40 /home/ek-181/MOAISERI/riot-examples/02button/bin/stm32f0discovery/stm32_common.a(cpu_common.o)
 .debug_aranges
                0x0000000000000648       0x70 /home/ek-181/MOAISERI/riot-examples/02button/bin/stm32f0discovery/stm32_common_periph.a(timer.o)
 .debug_aranges
                0x00000000000006b8       0x48 /home/ek-181/MOAISERI/riot-examples/02button/bin/stm32f0discovery/tsrb.a(tsrb.o)
 .debug_aranges
                0x0000000000000700       0x20 /home/ek-181/MOAISERI/riot-examples/02button/bin/stm32f0discovery/periph_common.a(init.o)
 .debug_aranges
                0x0000000000000720       0x28 /home/ek-181/MOAISERI/riot-examples/02button/bin/stm32f0discovery/application_button.a(main.o)
 .debug_aranges
                0x0000000000000748       0x20 /home/ek-181/MOAISERI/riot-examples/02button/bin/stm32f0discovery/auto_init.a(auto_init.o)
 .debug_aranges
                0x0000000000000768       0x30 /home/ek-181/MOAISERI/riot-examples/02button/bin/stm32f0discovery/core.a(mutex.o)

.debug_ranges   0x0000000000000000      0xd50
 .debug_ranges  0x0000000000000000       0x10 /home/ek-181/MOAISERI/riot-examples/02button/bin/stm32f0discovery/cpu/vectors.o
 .debug_ranges  0x0000000000000010       0xe8 /home/ek-181/MOAISERI/riot-examples/02button/bin/stm32f0discovery/newlib_syscalls_default/syscalls.o
 .debug_ranges  0x00000000000000f8       0x90 /home/ek-181/MOAISERI/riot-examples/02button/bin/stm32f0discovery/core.a(sched.o)
 .debug_ranges  0x0000000000000188       0x18 /home/ek-181/MOAISERI/riot-examples/02button/bin/stm32f0discovery/core.a(bitarithm.o)
 .debug_ranges  0x00000000000001a0       0x68 /home/ek-181/MOAISERI/riot-examples/02button/bin/stm32f0discovery/cortexm_common.a(thread_arch.o)
 .debug_ranges  0x0000000000000208       0x38 /home/ek-181/MOAISERI/riot-examples/02button/bin/stm32f0discovery/cortexm_common.a(vectors_cortexm.o)
 .debug_ranges  0x0000000000000240       0x28 /home/ek-181/MOAISERI/riot-examples/02button/bin/stm32f0discovery/cortexm_common.a(irq_arch.o)
 .debug_ranges  0x0000000000000268       0x20 /home/ek-181/MOAISERI/riot-examples/02button/bin/stm32f0discovery/stdio_uart.a(stdio_uart.o)
 .debug_ranges  0x0000000000000288       0x60 /home/ek-181/MOAISERI/riot-examples/02button/bin/stm32f0discovery/stm32_common_periph.a(pm.o)
 .debug_ranges  0x00000000000002e8      0x110 /home/ek-181/MOAISERI/riot-examples/02button/bin/stm32f0discovery/stm32_common_periph.a(uart.o)
 .debug_ranges  0x00000000000003f8      0x1a0 /home/ek-181/MOAISERI/riot-examples/02button/bin/stm32f0discovery/stm32_common_periph.a(gpio.o)
 .debug_ranges  0x0000000000000598      0x210 /home/ek-181/MOAISERI/riot-examples/02button/bin/stm32f0discovery/xtimer.a(xtimer_core.o)
 .debug_ranges  0x00000000000007a8       0x10 /home/ek-181/MOAISERI/riot-examples/02button/bin/stm32f0discovery/board.a(board.o)
 .debug_ranges  0x00000000000007b8       0x18 /home/ek-181/MOAISERI/riot-examples/02button/bin/stm32f0discovery/core.a(panic.o)
 .debug_ranges  0x00000000000007d0       0x20 /home/ek-181/MOAISERI/riot-examples/02button/bin/stm32f0discovery/core.a(kernel_init.o)
 .debug_ranges  0x00000000000007f0       0x98 /home/ek-181/MOAISERI/riot-examples/02button/bin/stm32f0discovery/core.a(thread.o)
 .debug_ranges  0x0000000000000888       0xb0 /home/ek-181/MOAISERI/riot-examples/02button/bin/stm32f0discovery/cortexm_common.a(cortexm_init.o)
 .debug_ranges  0x0000000000000938       0x68 /home/ek-181/MOAISERI/riot-examples/02button/bin/stm32f0discovery/isrpipe.a(isrpipe.o)
 .debug_ranges  0x00000000000009a0       0x20 /home/ek-181/MOAISERI/riot-examples/02button/bin/stm32f0discovery/pm_layered.a(pm.o)
 .debug_ranges  0x00000000000009c0       0x10 /home/ek-181/MOAISERI/riot-examples/02button/bin/stm32f0discovery/stm32_common.a(stmclk.o)
 .debug_ranges  0x00000000000009d0       0x38 /home/ek-181/MOAISERI/riot-examples/02button/bin/stm32f0discovery/stm32_common.a(stmclk_common.o)
 .debug_ranges  0x0000000000000a08       0xa8 /home/ek-181/MOAISERI/riot-examples/02button/bin/stm32f0discovery/stm32_common.a(stm_status.o)
 .debug_ranges  0x0000000000000ab0       0x38 /home/ek-181/MOAISERI/riot-examples/02button/bin/stm32f0discovery/stm32_common.a(cpu_init.o)
 .debug_ranges  0x0000000000000ae8       0x30 /home/ek-181/MOAISERI/riot-examples/02button/bin/stm32f0discovery/stm32_common.a(cpu_common.o)
 .debug_ranges  0x0000000000000b18       0xf8 /home/ek-181/MOAISERI/riot-examples/02button/bin/stm32f0discovery/stm32_common_periph.a(timer.o)
 .debug_ranges  0x0000000000000c10       0x88 /home/ek-181/MOAISERI/riot-examples/02button/bin/stm32f0discovery/tsrb.a(tsrb.o)
 .debug_ranges  0x0000000000000c98       0x10 /home/ek-181/MOAISERI/riot-examples/02button/bin/stm32f0discovery/periph_common.a(init.o)
 .debug_ranges  0x0000000000000ca8       0x18 /home/ek-181/MOAISERI/riot-examples/02button/bin/stm32f0discovery/application_button.a(main.o)
 .debug_ranges  0x0000000000000cc0       0x10 /home/ek-181/MOAISERI/riot-examples/02button/bin/stm32f0discovery/auto_init.a(auto_init.o)
 .debug_ranges  0x0000000000000cd0       0x80 /home/ek-181/MOAISERI/riot-examples/02button/bin/stm32f0discovery/core.a(mutex.o)

.debug_macro    0x0000000000000000    0x205dc
 .debug_macro   0x0000000000000000       0xe0 /home/ek-181/MOAISERI/riot-examples/02button/bin/stm32f0discovery/cpu/vectors.o
 .debug_macro   0x00000000000000e0      0xa3c /home/ek-181/MOAISERI/riot-examples/02button/bin/stm32f0discovery/cpu/vectors.o
 .debug_macro   0x0000000000000b1c      0x100 /home/ek-181/MOAISERI/riot-examples/02button/bin/stm32f0discovery/cpu/vectors.o
 .debug_macro   0x0000000000000c1c       0x2e /home/ek-181/MOAISERI/riot-examples/02button/bin/stm32f0discovery/cpu/vectors.o
 .debug_macro   0x0000000000000c4a       0x2e /home/ek-181/MOAISERI/riot-examples/02button/bin/stm32f0discovery/cpu/vectors.o
 .debug_macro   0x0000000000000c78       0x22 /home/ek-181/MOAISERI/riot-examples/02button/bin/stm32f0discovery/cpu/vectors.o
 .debug_macro   0x0000000000000c9a       0x22 /home/ek-181/MOAISERI/riot-examples/02button/bin/stm32f0discovery/cpu/vectors.o
 .debug_macro   0x0000000000000cbc       0x56 /home/ek-181/MOAISERI/riot-examples/02button/bin/stm32f0discovery/cpu/vectors.o
 .debug_macro   0x0000000000000d12       0x51 /home/ek-181/MOAISERI/riot-examples/02button/bin/stm32f0discovery/cpu/vectors.o
 .debug_macro   0x0000000000000d63       0xef /home/ek-181/MOAISERI/riot-examples/02button/bin/stm32f0discovery/cpu/vectors.o
 .debug_macro   0x0000000000000e52       0x6a /home/ek-181/MOAISERI/riot-examples/02button/bin/stm32f0discovery/cpu/vectors.o
 .debug_macro   0x0000000000000ebc      0x1df /home/ek-181/MOAISERI/riot-examples/02button/bin/stm32f0discovery/cpu/vectors.o
 .debug_macro   0x000000000000109b       0x1c /home/ek-181/MOAISERI/riot-examples/02button/bin/stm32f0discovery/cpu/vectors.o
 .debug_macro   0x00000000000010b7       0x22 /home/ek-181/MOAISERI/riot-examples/02button/bin/stm32f0discovery/cpu/vectors.o
 .debug_macro   0x00000000000010d9       0xb5 /home/ek-181/MOAISERI/riot-examples/02button/bin/stm32f0discovery/cpu/vectors.o
 .debug_macro   0x000000000000118e      0x391 /home/ek-181/MOAISERI/riot-examples/02button/bin/stm32f0discovery/cpu/vectors.o
 .debug_macro   0x000000000000151f     0x3dc2 /home/ek-181/MOAISERI/riot-examples/02button/bin/stm32f0discovery/cpu/vectors.o
 .debug_macro   0x00000000000052e1       0x35 /home/ek-181/MOAISERI/riot-examples/02button/bin/stm32f0discovery/cpu/vectors.o
 .debug_macro   0x0000000000005316       0x4c /home/ek-181/MOAISERI/riot-examples/02button/bin/stm32f0discovery/cpu/vectors.o
 .debug_macro   0x0000000000005362       0x16 /home/ek-181/MOAISERI/riot-examples/02button/bin/stm32f0discovery/cpu/vectors.o
 .debug_macro   0x0000000000005378      0x49a /home/ek-181/MOAISERI/riot-examples/02button/bin/stm32f0discovery/newlib_syscalls_default/syscalls.o
 .debug_macro   0x0000000000005812      0xa3c /home/ek-181/MOAISERI/riot-examples/02button/bin/stm32f0discovery/newlib_syscalls_default/syscalls.o
 .debug_macro   0x000000000000624e       0x40 /home/ek-181/MOAISERI/riot-examples/02button/bin/stm32f0discovery/newlib_syscalls_default/syscalls.o
 .debug_macro   0x000000000000628e       0x18 /home/ek-181/MOAISERI/riot-examples/02button/bin/stm32f0discovery/newlib_syscalls_default/syscalls.o
 .debug_macro   0x00000000000062a6       0x5c /home/ek-181/MOAISERI/riot-examples/02button/bin/stm32f0discovery/newlib_syscalls_default/syscalls.o
 .debug_macro   0x0000000000006302       0x3c /home/ek-181/MOAISERI/riot-examples/02button/bin/stm32f0discovery/newlib_syscalls_default/syscalls.o
 .debug_macro   0x000000000000633e       0x34 /home/ek-181/MOAISERI/riot-examples/02button/bin/stm32f0discovery/newlib_syscalls_default/syscalls.o
 .debug_macro   0x0000000000006372       0x10 /home/ek-181/MOAISERI/riot-examples/02button/bin/stm32f0discovery/newlib_syscalls_default/syscalls.o
 .debug_macro   0x0000000000006382       0x57 /home/ek-181/MOAISERI/riot-examples/02button/bin/stm32f0discovery/newlib_syscalls_default/syscalls.o
 .debug_macro   0x00000000000063d9       0xcf /home/ek-181/MOAISERI/riot-examples/02button/bin/stm32f0discovery/newlib_syscalls_default/syscalls.o
 .debug_macro   0x00000000000064a8      0x353 /home/ek-181/MOAISERI/riot-examples/02button/bin/stm32f0discovery/newlib_syscalls_default/syscalls.o
 .debug_macro   0x00000000000067fb       0x10 /home/ek-181/MOAISERI/riot-examples/02button/bin/stm32f0discovery/newlib_syscalls_default/syscalls.o
 .debug_macro   0x000000000000680b       0xb7 /home/ek-181/MOAISERI/riot-examples/02button/bin/stm32f0discovery/newlib_syscalls_default/syscalls.o
 .debug_macro   0x00000000000068c2       0x52 /home/ek-181/MOAISERI/riot-examples/02button/bin/stm32f0discovery/newlib_syscalls_default/syscalls.o
 .debug_macro   0x0000000000006914       0x1f /home/ek-181/MOAISERI/riot-examples/02button/bin/stm32f0discovery/newlib_syscalls_default/syscalls.o
 .debug_macro   0x0000000000006933       0x43 /home/ek-181/MOAISERI/riot-examples/02button/bin/stm32f0discovery/newlib_syscalls_default/syscalls.o
 .debug_macro   0x0000000000006976       0x20 /home/ek-181/MOAISERI/riot-examples/02button/bin/stm32f0discovery/newlib_syscalls_default/syscalls.o
 .debug_macro   0x0000000000006996       0xb6 /home/ek-181/MOAISERI/riot-examples/02button/bin/stm32f0discovery/newlib_syscalls_default/syscalls.o
 .debug_macro   0x0000000000006a4c      0x4fe /home/ek-181/MOAISERI/riot-examples/02button/bin/stm32f0discovery/newlib_syscalls_default/syscalls.o
 .debug_macro   0x0000000000006f4a      0x1a3 /home/ek-181/MOAISERI/riot-examples/02button/bin/stm32f0discovery/newlib_syscalls_default/syscalls.o
 .debug_macro   0x00000000000070ed       0x10 /home/ek-181/MOAISERI/riot-examples/02button/bin/stm32f0discovery/newlib_syscalls_default/syscalls.o
 .debug_macro   0x00000000000070fd       0x35 /home/ek-181/MOAISERI/riot-examples/02button/bin/stm32f0discovery/newlib_syscalls_default/syscalls.o
 .debug_macro   0x0000000000007132       0x10 /home/ek-181/MOAISERI/riot-examples/02button/bin/stm32f0discovery/newlib_syscalls_default/syscalls.o
 .debug_macro   0x0000000000007142      0x241 /home/ek-181/MOAISERI/riot-examples/02button/bin/stm32f0discovery/newlib_syscalls_default/syscalls.o
 .debug_macro   0x0000000000007383       0x16 /home/ek-181/MOAISERI/riot-examples/02button/bin/stm32f0discovery/newlib_syscalls_default/syscalls.o
 .debug_macro   0x0000000000007399       0x10 /home/ek-181/MOAISERI/riot-examples/02button/bin/stm32f0discovery/newlib_syscalls_default/syscalls.o
 .debug_macro   0x00000000000073a9       0x16 /home/ek-181/MOAISERI/riot-examples/02button/bin/stm32f0discovery/newlib_syscalls_default/syscalls.o
 .debug_macro   0x00000000000073bf       0xff /home/ek-181/MOAISERI/riot-examples/02button/bin/stm32f0discovery/newlib_syscalls_default/syscalls.o
 .debug_macro   0x00000000000074be       0x16 /home/ek-181/MOAISERI/riot-examples/02button/bin/stm32f0discovery/newlib_syscalls_default/syscalls.o
 .debug_macro   0x00000000000074d4       0x22 /home/ek-181/MOAISERI/riot-examples/02button/bin/stm32f0discovery/newlib_syscalls_default/syscalls.o
 .debug_macro   0x00000000000074f6       0x16 /home/ek-181/MOAISERI/riot-examples/02button/bin/stm32f0discovery/newlib_syscalls_default/syscalls.o
 .debug_macro   0x000000000000750c       0x16 /home/ek-181/MOAISERI/riot-examples/02button/bin/stm32f0discovery/newlib_syscalls_default/syscalls.o
 .debug_macro   0x0000000000007522       0x10 /home/ek-181/MOAISERI/riot-examples/02button/bin/stm32f0discovery/newlib_syscalls_default/syscalls.o
 .debug_macro   0x0000000000007532       0x10 /home/ek-181/MOAISERI/riot-examples/02button/bin/stm32f0discovery/newlib_syscalls_default/syscalls.o
 .debug_macro   0x0000000000007542       0x2e /home/ek-181/MOAISERI/riot-examples/02button/bin/stm32f0discovery/newlib_syscalls_default/syscalls.o
 .debug_macro   0x0000000000007570       0xf5 /home/ek-181/MOAISERI/riot-examples/02button/bin/stm32f0discovery/newlib_syscalls_default/syscalls.o
 .debug_macro   0x0000000000007665       0x22 /home/ek-181/MOAISERI/riot-examples/02button/bin/stm32f0discovery/newlib_syscalls_default/syscalls.o
 .debug_macro   0x0000000000007687       0x35 /home/ek-181/MOAISERI/riot-examples/02button/bin/stm32f0discovery/newlib_syscalls_default/syscalls.o
 .debug_macro   0x00000000000076bc       0xaf /home/ek-181/MOAISERI/riot-examples/02button/bin/stm32f0discovery/newlib_syscalls_default/syscalls.o
 .debug_macro   0x000000000000776b       0xd6 /home/ek-181/MOAISERI/riot-examples/02button/bin/stm32f0discovery/newlib_syscalls_default/syscalls.o
 .debug_macro   0x0000000000007841       0x10 /home/ek-181/MOAISERI/riot-examples/02button/bin/stm32f0discovery/newlib_syscalls_default/syscalls.o
 .debug_macro   0x0000000000007851      0x460 /home/ek-181/MOAISERI/riot-examples/02button/bin/stm32f0discovery/newlib_syscalls_default/syscalls.o
 .debug_macro   0x0000000000007cb1       0x2b /home/ek-181/MOAISERI/riot-examples/02button/bin/stm32f0discovery/newlib_syscalls_default/syscalls.o
 .debug_macro   0x0000000000007cdc       0xee /home/ek-181/MOAISERI/riot-examples/02button/bin/stm32f0discovery/newlib_syscalls_default/syscalls.o
 .debug_macro   0x0000000000007dca       0x28 /home/ek-181/MOAISERI/riot-examples/02button/bin/stm32f0discovery/newlib_syscalls_default/syscalls.o
 .debug_macro   0x0000000000007df2       0x17 /home/ek-181/MOAISERI/riot-examples/02button/bin/stm32f0discovery/newlib_syscalls_default/syscalls.o
 .debug_macro   0x0000000000007e09       0x10 /home/ek-181/MOAISERI/riot-examples/02button/bin/stm32f0discovery/newlib_syscalls_default/syscalls.o
 .debug_macro   0x0000000000007e19       0x12 /home/ek-181/MOAISERI/riot-examples/02button/bin/stm32f0discovery/newlib_syscalls_default/syscalls.o
 .debug_macro   0x0000000000007e2b       0x5f /home/ek-181/MOAISERI/riot-examples/02button/bin/stm32f0discovery/newlib_syscalls_default/syscalls.o
 .debug_macro   0x0000000000007e8a       0x17 /home/ek-181/MOAISERI/riot-examples/02button/bin/stm32f0discovery/newlib_syscalls_default/syscalls.o
 .debug_macro   0x0000000000007ea1       0xbe /home/ek-181/MOAISERI/riot-examples/02button/bin/stm32f0discovery/newlib_syscalls_default/syscalls.o
 .debug_macro   0x0000000000007f5f       0x34 /home/ek-181/MOAISERI/riot-examples/02button/bin/stm32f0discovery/newlib_syscalls_default/syscalls.o
 .debug_macro   0x0000000000007f93       0x91 /home/ek-181/MOAISERI/riot-examples/02button/bin/stm32f0discovery/newlib_syscalls_default/syscalls.o
 .debug_macro   0x0000000000008024       0x1c /home/ek-181/MOAISERI/riot-examples/02button/bin/stm32f0discovery/newlib_syscalls_default/syscalls.o
 .debug_macro   0x0000000000008040       0x1c /home/ek-181/MOAISERI/riot-examples/02button/bin/stm32f0discovery/newlib_syscalls_default/syscalls.o
 .debug_macro   0x000000000000805c       0x10 /home/ek-181/MOAISERI/riot-examples/02button/bin/stm32f0discovery/newlib_syscalls_default/syscalls.o
 .debug_macro   0x000000000000806c       0x43 /home/ek-181/MOAISERI/riot-examples/02button/bin/stm32f0discovery/newlib_syscalls_default/syscalls.o
 .debug_macro   0x00000000000080af       0x1c /home/ek-181/MOAISERI/riot-examples/02button/bin/stm32f0discovery/newlib_syscalls_default/syscalls.o
 .debug_macro   0x00000000000080cb       0x34 /home/ek-181/MOAISERI/riot-examples/02button/bin/stm32f0discovery/newlib_syscalls_default/syscalls.o
 .debug_macro   0x00000000000080ff       0x16 /home/ek-181/MOAISERI/riot-examples/02button/bin/stm32f0discovery/newlib_syscalls_default/syscalls.o
 .debug_macro   0x0000000000008115       0x7e /home/ek-181/MOAISERI/riot-examples/02button/bin/stm32f0discovery/newlib_syscalls_default/syscalls.o
 .debug_macro   0x0000000000008193       0x58 /home/ek-181/MOAISERI/riot-examples/02button/bin/stm32f0discovery/newlib_syscalls_default/syscalls.o
 .debug_macro   0x00000000000081eb       0x10 /home/ek-181/MOAISERI/riot-examples/02button/bin/stm32f0discovery/newlib_syscalls_default/syscalls.o
 .debug_macro   0x00000000000081fb       0x10 /home/ek-181/MOAISERI/riot-examples/02button/bin/stm32f0discovery/newlib_syscalls_default/syscalls.o
 .debug_macro   0x000000000000820b      0x302 /home/ek-181/MOAISERI/riot-examples/02button/bin/stm32f0discovery/core.a(sched.o)
 .debug_macro   0x000000000000850d      0xa3c /home/ek-181/MOAISERI/riot-examples/02button/bin/stm32f0discovery/core.a(sched.o)
 .debug_macro   0x0000000000008f49      0x16d /home/ek-181/MOAISERI/riot-examples/02button/bin/stm32f0discovery/core.a(sched.o)
 .debug_macro   0x00000000000090b6       0x46 /home/ek-181/MOAISERI/riot-examples/02button/bin/stm32f0discovery/core.a(sched.o)
 .debug_macro   0x00000000000090fc       0x3a /home/ek-181/MOAISERI/riot-examples/02button/bin/stm32f0discovery/core.a(sched.o)
 .debug_macro   0x0000000000009136      0x34d /home/ek-181/MOAISERI/riot-examples/02button/bin/stm32f0discovery/core.a(sched.o)
 .debug_macro   0x0000000000009483       0x25 /home/ek-181/MOAISERI/riot-examples/02button/bin/stm32f0discovery/core.a(sched.o)
 .debug_macro   0x00000000000094a8       0x2e /home/ek-181/MOAISERI/riot-examples/02button/bin/stm32f0discovery/core.a(sched.o)
 .debug_macro   0x00000000000094d6       0x1c /home/ek-181/MOAISERI/riot-examples/02button/bin/stm32f0discovery/core.a(sched.o)
 .debug_macro   0x00000000000094f2      0x114 /home/ek-181/MOAISERI/riot-examples/02button/bin/stm32f0discovery/core.a(sched.o)
 .debug_macro   0x0000000000009606       0x1c /home/ek-181/MOAISERI/riot-examples/02button/bin/stm32f0discovery/core.a(sched.o)
 .debug_macro   0x0000000000009622      0x1ce /home/ek-181/MOAISERI/riot-examples/02button/bin/stm32f0discovery/core.a(bitarithm.o)
 .debug_macro   0x00000000000097f0      0xa3c /home/ek-181/MOAISERI/riot-examples/02button/bin/stm32f0discovery/core.a(bitarithm.o)
 .debug_macro   0x000000000000a22c       0x97 /home/ek-181/MOAISERI/riot-examples/02button/bin/stm32f0discovery/core.a(bitarithm.o)
 .debug_macro   0x000000000000a2c3       0xf6 /home/ek-181/MOAISERI/riot-examples/02button/bin/stm32f0discovery/core.a(bitarithm.o)
 .debug_macro   0x000000000000a3b9      0x2ea /home/ek-181/MOAISERI/riot-examples/02button/bin/stm32f0discovery/cortexm_common.a(thread_arch.o)
 .debug_macro   0x000000000000a6a3      0xa3c /home/ek-181/MOAISERI/riot-examples/02button/bin/stm32f0discovery/cortexm_common.a(thread_arch.o)
 .debug_macro   0x000000000000b0df       0x1d /home/ek-181/MOAISERI/riot-examples/02button/bin/stm32f0discovery/cortexm_common.a(thread_arch.o)
 .debug_macro   0x000000000000b0fc      0x311 /home/ek-181/MOAISERI/riot-examples/02button/bin/stm32f0discovery/cortexm_common.a(vectors_cortexm.o)
 .debug_macro   0x000000000000b40d      0xa3c /home/ek-181/MOAISERI/riot-examples/02button/bin/stm32f0discovery/cortexm_common.a(vectors_cortexm.o)
 .debug_macro   0x000000000000be49       0x16 /home/ek-181/MOAISERI/riot-examples/02button/bin/stm32f0discovery/cortexm_common.a(vectors_cortexm.o)
 .debug_macro   0x000000000000be5f       0x1c /home/ek-181/MOAISERI/riot-examples/02button/bin/stm32f0discovery/cortexm_common.a(vectors_cortexm.o)
 .debug_macro   0x000000000000be7b      0x2da /home/ek-181/MOAISERI/riot-examples/02button/bin/stm32f0discovery/cortexm_common.a(irq_arch.o)
 .debug_macro   0x000000000000c155      0xa3c /home/ek-181/MOAISERI/riot-examples/02button/bin/stm32f0discovery/cortexm_common.a(irq_arch.o)
 .debug_macro   0x000000000000cb91      0x3b3 /home/ek-181/MOAISERI/riot-examples/02button/bin/stm32f0discovery/stdio_uart.a(stdio_uart.o)
 .debug_macro   0x000000000000cf44      0xa3c /home/ek-181/MOAISERI/riot-examples/02button/bin/stm32f0discovery/stdio_uart.a(stdio_uart.o)
 .debug_macro   0x000000000000d980       0xb8 /home/ek-181/MOAISERI/riot-examples/02button/bin/stm32f0discovery/stdio_uart.a(stdio_uart.o)
 .debug_macro   0x000000000000da38       0x16 /home/ek-181/MOAISERI/riot-examples/02button/bin/stm32f0discovery/stdio_uart.a(stdio_uart.o)
 .debug_macro   0x000000000000da4e       0x16 /home/ek-181/MOAISERI/riot-examples/02button/bin/stm32f0discovery/stdio_uart.a(stdio_uart.o)
 .debug_macro   0x000000000000da64       0x16 /home/ek-181/MOAISERI/riot-examples/02button/bin/stm32f0discovery/stdio_uart.a(stdio_uart.o)
 .debug_macro   0x000000000000da7a      0x364 /home/ek-181/MOAISERI/riot-examples/02button/bin/stm32f0discovery/stm32_common_periph.a(pm.o)
 .debug_macro   0x000000000000ddde      0xa3c /home/ek-181/MOAISERI/riot-examples/02button/bin/stm32f0discovery/stm32_common_periph.a(pm.o)
 .debug_macro   0x000000000000e81a       0x8b /home/ek-181/MOAISERI/riot-examples/02button/bin/stm32f0discovery/stm32_common_periph.a(pm.o)
 .debug_macro   0x000000000000e8a5       0x22 /home/ek-181/MOAISERI/riot-examples/02button/bin/stm32f0discovery/stm32_common_periph.a(pm.o)
 .debug_macro   0x000000000000e8c7      0x34f /home/ek-181/MOAISERI/riot-examples/02button/bin/stm32f0discovery/stm32_common_periph.a(uart.o)
 .debug_macro   0x000000000000ec16      0xa3c /home/ek-181/MOAISERI/riot-examples/02button/bin/stm32f0discovery/stm32_common_periph.a(uart.o)
 .debug_macro   0x000000000000f652      0x309 /home/ek-181/MOAISERI/riot-examples/02button/bin/stm32f0discovery/stm32_common_periph.a(gpio.o)
 .debug_macro   0x000000000000f95b      0xa3c /home/ek-181/MOAISERI/riot-examples/02button/bin/stm32f0discovery/stm32_common_periph.a(gpio.o)
 .debug_macro   0x0000000000010397      0x3ae /home/ek-181/MOAISERI/riot-examples/02button/bin/stm32f0discovery/xtimer.a(xtimer_core.o)
 .debug_macro   0x0000000000010745      0xa3c /home/ek-181/MOAISERI/riot-examples/02button/bin/stm32f0discovery/xtimer.a(xtimer_core.o)
 .debug_macro   0x0000000000011181       0x10 /home/ek-181/MOAISERI/riot-examples/02button/bin/stm32f0discovery/xtimer.a(xtimer_core.o)
 .debug_macro   0x0000000000011191       0x16 /home/ek-181/MOAISERI/riot-examples/02button/bin/stm32f0discovery/xtimer.a(xtimer_core.o)
 .debug_macro   0x00000000000111a7      0x312 /home/ek-181/MOAISERI/riot-examples/02button/bin/stm32f0discovery/board.a(board.o)
 .debug_macro   0x00000000000114b9      0xa3c /home/ek-181/MOAISERI/riot-examples/02button/bin/stm32f0discovery/board.a(board.o)
 .debug_macro   0x0000000000011ef5      0x32b /home/ek-181/MOAISERI/riot-examples/02button/bin/stm32f0discovery/core.a(panic.o)
 .debug_macro   0x0000000000012220      0xa3c /home/ek-181/MOAISERI/riot-examples/02button/bin/stm32f0discovery/core.a(panic.o)
 .debug_macro   0x0000000000012c5c      0x36e /home/ek-181/MOAISERI/riot-examples/02button/bin/stm32f0discovery/core.a(kernel_init.o)
 .debug_macro   0x0000000000012fca      0xa3c /home/ek-181/MOAISERI/riot-examples/02button/bin/stm32f0discovery/core.a(kernel_init.o)
 .debug_macro   0x0000000000013a06      0x23b /home/ek-181/MOAISERI/riot-examples/02button/bin/stm32f0discovery/core.a(kernel_init.o)
 .debug_macro   0x0000000000013c41       0xdc /home/ek-181/MOAISERI/riot-examples/02button/bin/stm32f0discovery/core.a(kernel_init.o)
 .debug_macro   0x0000000000013d1d      0x304 /home/ek-181/MOAISERI/riot-examples/02button/bin/stm32f0discovery/core.a(thread.o)
 .debug_macro   0x0000000000014021      0xa3c /home/ek-181/MOAISERI/riot-examples/02button/bin/stm32f0discovery/core.a(thread.o)
 .debug_macro   0x0000000000014a5d      0x309 /home/ek-181/MOAISERI/riot-examples/02button/bin/stm32f0discovery/cortexm_common.a(cortexm_init.o)
 .debug_macro   0x0000000000014d66      0xa3c /home/ek-181/MOAISERI/riot-examples/02button/bin/stm32f0discovery/cortexm_common.a(cortexm_init.o)
 .debug_macro   0x00000000000157a2      0x3d2 /home/ek-181/MOAISERI/riot-examples/02button/bin/stm32f0discovery/isrpipe.a(isrpipe.o)
 .debug_macro   0x0000000000015b74      0xa3c /home/ek-181/MOAISERI/riot-examples/02button/bin/stm32f0discovery/isrpipe.a(isrpipe.o)
 .debug_macro   0x00000000000165b0       0x2e /home/ek-181/MOAISERI/riot-examples/02button/bin/stm32f0discovery/isrpipe.a(isrpipe.o)
 .debug_macro   0x00000000000165de       0x78 /home/ek-181/MOAISERI/riot-examples/02button/bin/stm32f0discovery/isrpipe.a(isrpipe.o)
 .debug_macro   0x0000000000016656      0x328 /home/ek-181/MOAISERI/riot-examples/02button/bin/stm32f0discovery/pm_layered.a(pm.o)
 .debug_macro   0x000000000001697e      0xa3c /home/ek-181/MOAISERI/riot-examples/02button/bin/stm32f0discovery/pm_layered.a(pm.o)
 .debug_macro   0x00000000000173ba      0x32b /home/ek-181/MOAISERI/riot-examples/02button/bin/stm32f0discovery/stm32_common.a(stmclk.o)
 .debug_macro   0x00000000000176e5      0xa3c /home/ek-181/MOAISERI/riot-examples/02button/bin/stm32f0discovery/stm32_common.a(stmclk.o)
 .debug_macro   0x0000000000018121      0x323 /home/ek-181/MOAISERI/riot-examples/02button/bin/stm32f0discovery/stm32_common.a(stmclk_common.o)
 .debug_macro   0x0000000000018444      0xa3c /home/ek-181/MOAISERI/riot-examples/02button/bin/stm32f0discovery/stm32_common.a(stmclk_common.o)
 .debug_macro   0x0000000000018e80      0x312 /home/ek-181/MOAISERI/riot-examples/02button/bin/stm32f0discovery/stm32_common.a(stm_status.o)
 .debug_macro   0x0000000000019192      0xa3c /home/ek-181/MOAISERI/riot-examples/02button/bin/stm32f0discovery/stm32_common.a(stm_status.o)
 .debug_macro   0x0000000000019bce      0x387 /home/ek-181/MOAISERI/riot-examples/02button/bin/stm32f0discovery/stm32_common.a(cpu_init.o)
 .debug_macro   0x0000000000019f55      0xa3c /home/ek-181/MOAISERI/riot-examples/02button/bin/stm32f0discovery/stm32_common.a(cpu_init.o)
 .debug_macro   0x000000000001a991      0x338 /home/ek-181/MOAISERI/riot-examples/02button/bin/stm32f0discovery/stm32_common.a(cpu_common.o)
 .debug_macro   0x000000000001acc9      0xa3c /home/ek-181/MOAISERI/riot-examples/02button/bin/stm32f0discovery/stm32_common.a(cpu_common.o)
 .debug_macro   0x000000000001b705      0x32b /home/ek-181/MOAISERI/riot-examples/02button/bin/stm32f0discovery/stm32_common_periph.a(timer.o)
 .debug_macro   0x000000000001ba30      0xa3c /home/ek-181/MOAISERI/riot-examples/02button/bin/stm32f0discovery/stm32_common_periph.a(timer.o)
 .debug_macro   0x000000000001c46c       0x5f /home/ek-181/MOAISERI/riot-examples/02button/bin/stm32f0discovery/tsrb.a(tsrb.o)
 .debug_macro   0x000000000001c4cb      0xa3c /home/ek-181/MOAISERI/riot-examples/02button/bin/stm32f0discovery/tsrb.a(tsrb.o)
 .debug_macro   0x000000000001cf07       0x1a /home/ek-181/MOAISERI/riot-examples/02button/bin/stm32f0discovery/periph_common.a(init.o)
 .debug_macro   0x000000000001cf21      0xa3c /home/ek-181/MOAISERI/riot-examples/02button/bin/stm32f0discovery/periph_common.a(init.o)
 .debug_macro   0x000000000001d95d      0x3ae /home/ek-181/MOAISERI/riot-examples/02button/bin/stm32f0discovery/application_button.a(main.o)
 .debug_macro   0x000000000001dd0b      0xa3c /home/ek-181/MOAISERI/riot-examples/02button/bin/stm32f0discovery/application_button.a(main.o)
 .debug_macro   0x000000000001e747       0x82 /home/ek-181/MOAISERI/riot-examples/02button/bin/stm32f0discovery/application_button.a(main.o)
 .debug_macro   0x000000000001e7c9       0xfd /home/ek-181/MOAISERI/riot-examples/02button/bin/stm32f0discovery/application_button.a(main.o)
 .debug_macro   0x000000000001e8c6      0x3be /home/ek-181/MOAISERI/riot-examples/02button/bin/stm32f0discovery/auto_init.a(auto_init.o)
 .debug_macro   0x000000000001ec84      0xa3c /home/ek-181/MOAISERI/riot-examples/02button/bin/stm32f0discovery/auto_init.a(auto_init.o)
 .debug_macro   0x000000000001f6c0      0x2fb /home/ek-181/MOAISERI/riot-examples/02button/bin/stm32f0discovery/core.a(mutex.o)
 .debug_macro   0x000000000001f9bb      0xa3c /home/ek-181/MOAISERI/riot-examples/02button/bin/stm32f0discovery/core.a(mutex.o)
 .debug_macro   0x00000000000203f7      0x1e5 /home/ek-181/MOAISERI/riot-examples/02button/bin/stm32f0discovery/core.a(mutex.o)

.debug_line     0x0000000000000000     0xb690
 .debug_line    0x0000000000000000      0x2f3 /home/ek-181/MOAISERI/riot-examples/02button/bin/stm32f0discovery/cpu/vectors.o
 .debug_line    0x00000000000002f3      0x93f /home/ek-181/MOAISERI/riot-examples/02button/bin/stm32f0discovery/newlib_syscalls_default/syscalls.o
 .debug_line    0x0000000000000c32      0x5bb /home/ek-181/MOAISERI/riot-examples/02button/bin/stm32f0discovery/core.a(sched.o)
 .debug_line    0x00000000000011ed      0x41c /home/ek-181/MOAISERI/riot-examples/02button/bin/stm32f0discovery/core.a(bitarithm.o)
 .debug_line    0x0000000000001609      0x607 /home/ek-181/MOAISERI/riot-examples/02button/bin/stm32f0discovery/cortexm_common.a(thread_arch.o)
 .debug_line    0x0000000000001c10      0x647 /home/ek-181/MOAISERI/riot-examples/02button/bin/stm32f0discovery/cortexm_common.a(vectors_cortexm.o)
 .debug_line    0x0000000000002257      0x56d /home/ek-181/MOAISERI/riot-examples/02button/bin/stm32f0discovery/cortexm_common.a(irq_arch.o)
 .debug_line    0x00000000000027c4      0x694 /home/ek-181/MOAISERI/riot-examples/02button/bin/stm32f0discovery/stdio_uart.a(stdio_uart.o)
 .debug_line    0x0000000000002e58      0x70c /home/ek-181/MOAISERI/riot-examples/02button/bin/stm32f0discovery/stm32_common_periph.a(pm.o)
 .debug_line    0x0000000000003564      0x7d2 /home/ek-181/MOAISERI/riot-examples/02button/bin/stm32f0discovery/stm32_common_periph.a(uart.o)
 .debug_line    0x0000000000003d36      0x82d /home/ek-181/MOAISERI/riot-examples/02button/bin/stm32f0discovery/stm32_common_periph.a(gpio.o)
 .debug_line    0x0000000000004563      0x942 /home/ek-181/MOAISERI/riot-examples/02button/bin/stm32f0discovery/xtimer.a(xtimer_core.o)
 .debug_line    0x0000000000004ea5      0x5e1 /home/ek-181/MOAISERI/riot-examples/02button/bin/stm32f0discovery/board.a(board.o)
 .debug_line    0x0000000000005486      0x5f8 /home/ek-181/MOAISERI/riot-examples/02button/bin/stm32f0discovery/core.a(panic.o)
 .debug_line    0x0000000000005a7e      0x627 /home/ek-181/MOAISERI/riot-examples/02button/bin/stm32f0discovery/core.a(kernel_init.o)
 .debug_line    0x00000000000060a5      0x666 /home/ek-181/MOAISERI/riot-examples/02button/bin/stm32f0discovery/core.a(thread.o)
 .debug_line    0x000000000000670b      0x649 /home/ek-181/MOAISERI/riot-examples/02button/bin/stm32f0discovery/cortexm_common.a(cortexm_init.o)
 .debug_line    0x0000000000006d54      0x76c /home/ek-181/MOAISERI/riot-examples/02button/bin/stm32f0discovery/isrpipe.a(isrpipe.o)
 .debug_line    0x00000000000074c0      0x5f2 /home/ek-181/MOAISERI/riot-examples/02button/bin/stm32f0discovery/pm_layered.a(pm.o)
 .debug_line    0x0000000000007ab2      0x5dd /home/ek-181/MOAISERI/riot-examples/02button/bin/stm32f0discovery/stm32_common.a(stmclk.o)
 .debug_line    0x000000000000808f      0x61d /home/ek-181/MOAISERI/riot-examples/02button/bin/stm32f0discovery/stm32_common.a(stmclk_common.o)
 .debug_line    0x00000000000086ac      0x601 /home/ek-181/MOAISERI/riot-examples/02button/bin/stm32f0discovery/stm32_common.a(stm_status.o)
 .debug_line    0x0000000000008cad      0x656 /home/ek-181/MOAISERI/riot-examples/02button/bin/stm32f0discovery/stm32_common.a(cpu_init.o)
 .debug_line    0x0000000000009303      0x62e /home/ek-181/MOAISERI/riot-examples/02button/bin/stm32f0discovery/stm32_common.a(cpu_common.o)
 .debug_line    0x0000000000009931      0x7ab /home/ek-181/MOAISERI/riot-examples/02button/bin/stm32f0discovery/stm32_common_periph.a(timer.o)