Archive member included to satisfy reference by file (symbol)

/home/ek-181/MOAISERI/riot-examples/03threads/bin/stm32f0discovery/core.a(sched.o)
                              /home/ek-181/MOAISERI/riot-examples/03threads/bin/stm32f0discovery/newlib_syscalls_default/syscalls.o (sched_active_pid)
/home/ek-181/MOAISERI/riot-examples/03threads/bin/stm32f0discovery/core.a(bitarithm.o)
                              /home/ek-181/MOAISERI/riot-examples/03threads/bin/stm32f0discovery/core.a(sched.o) (MultiplyDeBruijnBitPosition)
/home/ek-181/MOAISERI/riot-examples/03threads/bin/stm32f0discovery/cortexm_common.a(thread_arch.o)
                              /home/ek-181/MOAISERI/riot-examples/03threads/bin/stm32f0discovery/core.a(sched.o) (cpu_switch_context_exit)
/home/ek-181/MOAISERI/riot-examples/03threads/bin/stm32f0discovery/cortexm_common.a(vectors_cortexm.o)
                              /home/ek-181/MOAISERI/riot-examples/03threads/bin/stm32f0discovery/cpu/vectors.o (dummy_handler_default)
/home/ek-181/MOAISERI/riot-examples/03threads/bin/stm32f0discovery/cortexm_common.a(irq_arch.o)
                              /home/ek-181/MOAISERI/riot-examples/03threads/bin/stm32f0discovery/newlib_syscalls_default/syscalls.o (irq_disable)
/home/ek-181/MOAISERI/riot-examples/03threads/bin/stm32f0discovery/div.a(div.o)
                              /home/ek-181/MOAISERI/riot-examples/03threads/bin/stm32f0discovery/newlib_syscalls_default/syscalls.o (_div_mulhi64)
/home/ek-181/MOAISERI/riot-examples/03threads/bin/stm32f0discovery/stdio_uart.a(stdio_uart.o)
                              /home/ek-181/MOAISERI/riot-examples/03threads/bin/stm32f0discovery/newlib_syscalls_default/syscalls.o (stdio_init)
/home/ek-181/MOAISERI/riot-examples/03threads/bin/stm32f0discovery/stm32_common_periph.a(pm.o)
                              /home/ek-181/MOAISERI/riot-examples/03threads/bin/stm32f0discovery/newlib_syscalls_default/syscalls.o (pm_off)
/home/ek-181/MOAISERI/riot-examples/03threads/bin/stm32f0discovery/stm32_common_periph.a(uart.o)
                              /home/ek-181/MOAISERI/riot-examples/03threads/bin/stm32f0discovery/stdio_uart.a(stdio_uart.o) (uart_write)
/home/ek-181/MOAISERI/riot-examples/03threads/bin/stm32f0discovery/stm32_common_periph.a(gpio.o)
                              /home/ek-181/MOAISERI/riot-examples/03threads/bin/stm32f0discovery/stm32_common_periph.a(pm.o) (gpio_init)
/home/ek-181/MOAISERI/riot-examples/03threads/bin/stm32f0discovery/xtimer.a(xtimer_core.o)
                              /home/ek-181/MOAISERI/riot-examples/03threads/bin/stm32f0discovery/newlib_syscalls_default/syscalls.o (_xtimer_now64)
/home/ek-181/MOAISERI/riot-examples/03threads/bin/stm32f0discovery/board.a(board.o)
                              /home/ek-181/MOAISERI/riot-examples/03threads/bin/stm32f0discovery/cortexm_common.a(vectors_cortexm.o) (board_init)
/home/ek-181/MOAISERI/riot-examples/03threads/bin/stm32f0discovery/core.a(panic.o)
                              /home/ek-181/MOAISERI/riot-examples/03threads/bin/stm32f0discovery/cortexm_common.a(vectors_cortexm.o) (core_panic)
/home/ek-181/MOAISERI/riot-examples/03threads/bin/stm32f0discovery/core.a(kernel_init.o)
                              /home/ek-181/MOAISERI/riot-examples/03threads/bin/stm32f0discovery/cortexm_common.a(vectors_cortexm.o) (kernel_init)
/home/ek-181/MOAISERI/riot-examples/03threads/bin/stm32f0discovery/core.a(thread.o)
                              /home/ek-181/MOAISERI/riot-examples/03threads/bin/stm32f0discovery/core.a(kernel_init.o) (thread_create)
/home/ek-181/MOAISERI/riot-examples/03threads/bin/stm32f0discovery/cortexm_common.a(cortexm_init.o)
                              /home/ek-181/MOAISERI/riot-examples/03threads/bin/stm32f0discovery/stm32_common_periph.a(pm.o) (cpu_check_address)
/home/ek-181/MOAISERI/riot-examples/03threads/bin/stm32f0discovery/isrpipe.a(isrpipe.o)
                              /home/ek-181/MOAISERI/riot-examples/03threads/bin/stm32f0discovery/stdio_uart.a(stdio_uart.o) (isrpipe_write_one)
/home/ek-181/MOAISERI/riot-examples/03threads/bin/stm32f0discovery/pm_layered.a(pm.o)
                              /home/ek-181/MOAISERI/riot-examples/03threads/bin/stm32f0discovery/core.a(kernel_init.o) (pm_set_lowest)
/home/ek-181/MOAISERI/riot-examples/03threads/bin/stm32f0discovery/stm32_common.a(stmclk.o)
                              /home/ek-181/MOAISERI/riot-examples/03threads/bin/stm32f0discovery/stm32_common_periph.a(pm.o) (stmclk_init_sysclk)
/home/ek-181/MOAISERI/riot-examples/03threads/bin/stm32f0discovery/stm32_common.a(stmclk_common.o)
                              /home/ek-181/MOAISERI/riot-examples/03threads/bin/stm32f0discovery/stm32_common.a(stmclk.o) (stmclk_enable_hsi)
/home/ek-181/MOAISERI/riot-examples/03threads/bin/stm32f0discovery/stm32_common.a(stm_status.o)
                              /home/ek-181/MOAISERI/riot-examples/03threads/bin/stm32f0discovery/stm32_common.a(stmclk.o) (cpu_status)
[...]
Memory Configuration

Name             Origin             Length             Attributes
ccmram           0x0000000010000000 0x0000000000000000
rom              0x0000000008000000 0x0000000000010000 xr
ram              0x0000000020000000 0x0000000000002000 w !xr
*default*        0x0000000000000000 0xffffffffffffffff

Linker script and memory map

LOAD /home/ek-181/MOAISERI/riot-examples/03threads/bin/stm32f0discovery/cpu/vectors.o
LOAD /home/ek-181/MOAISERI/riot-examples/03threads/bin/stm32f0discovery/newlib_syscalls_default/syscalls.o
START GROUP
LOAD /home/ek-181/MOAISERI/riot-examples/03threads/bin/stm32f0discovery/application_threads.a
LOAD /home/ek-181/MOAISERI/riot-examples/03threads/bin/stm32f0discovery/auto_init.a
LOAD /home/ek-181/MOAISERI/riot-examples/03threads/bin/stm32f0discovery/board.a
LOAD /home/ek-181/MOAISERI/riot-examples/03threads/bin/stm32f0discovery/core.a
LOAD /home/ek-181/MOAISERI/riot-examples/03threads/bin/stm32f0discovery/cortexm_common.a
LOAD /home/ek-181/MOAISERI/riot-examples/03threads/bin/stm32f0discovery/cortexm_common_periph.a
LOAD /home/ek-181/MOAISERI/riot-examples/03threads/bin/stm32f0discovery/cpu.a
LOAD /home/ek-181/MOAISERI/riot-examples/03threads/bin/stm32f0discovery/div.a
LOAD /home/ek-181/MOAISERI/riot-examples/03threads/bin/stm32f0discovery/isrpipe.a
LOAD /home/ek-181/MOAISERI/riot-examples/03threads/bin/stm32f0discovery/newlib_syscalls_default.a
LOAD /home/ek-181/MOAISERI/riot-examples/03threads/bin/stm32f0discovery/periph.a
LOAD /home/ek-181/MOAISERI/riot-examples/03threads/bin/stm32f0discovery/pm_layered.a
LOAD /home/ek-181/MOAISERI/riot-examples/03threads/bin/stm32f0discovery/stdio_uart.a
LOAD /home/ek-181/MOAISERI/riot-examples/03threads/bin/stm32f0discovery/stm32_common.a
LOAD /home/ek-181/MOAISERI/riot-examples/03threads/bin/stm32f0discovery/stm32_common_periph.a
LOAD /home/ek-181/MOAISERI/riot-examples/03threads/bin/stm32f0discovery/sys.a
LOAD /home/ek-181/MOAISERI/riot-examples/03threads/bin/stm32f0discovery/tsrb.a
LOAD /home/ek-181/MOAISERI/riot-examples/03threads/bin/stm32f0discovery/xtimer.a
LOAD /home/ek-181/MOAISERI/riot-examples/03threads/bin/stm32f0discovery/periph_common.a
LOAD /usr/bin/../lib/gcc/arm-none-eabi/7.3.1/../../../../arm-none-eabi/lib/thumb/v6-m/libm.a
END GROUP
LOAD /usr/bin/../lib/gcc/arm-none-eabi/7.3.1/thumb/v6-m/libgcc.a
                0x0000000008000000                _rom_start_addr = 0x8000000
                0x0000000020000000                _ram_start_addr = 0x20000000
                0x0000000000010000                _rom_length = 0x10000
                0x0000000000002000                _ram_length = 0x2000
LOAD /usr/bin/../lib/gcc/arm-none-eabi/7.3.1/../../../../arm-none-eabi/lib/thumb/v6-m/libc_nano.a
START GROUP
LOAD /usr/bin/../lib/gcc/arm-none-eabi/7.3.1/thumb/v6-m/libgcc.a
LOAD /usr/bin/../lib/gcc/arm-none-eabi/7.3.1/../../../../arm-none-eabi/lib/thumb/v6-m/libg_nano.a
LOAD /usr/bin/../lib/gcc/arm-none-eabi/7.3.1/../../../../arm-none-eabi/lib/thumb/v6-m/libc_nano.a
END GROUP
START GROUP
LOAD /usr/bin/../lib/gcc/arm-none-eabi/7.3.1/thumb/v6-m/libgcc.a
LOAD /usr/bin/../lib/gcc/arm-none-eabi/7.3.1/../../../../arm-none-eabi/lib/thumb/v6-m/libc_nano.a
END GROUP
                0x0000000000000000                ccmram_length = DEFINED (ccmram_len)?ccmram_len:0x0
                0x0000000000000000                _rom_offset = DEFINED (_rom_offset)?_rom_offset:0x0
                0x0000000000010000                _fw_rom_length = DEFINED (_fw_rom_length)?_fw_rom_length:(_rom_length - _rom_offset)
                0x0000000000000001                ASSERT ((_fw_rom_length <= (_rom_length - _rom_offset)), Specified firmware size does not fit in ROM)

.text           0x0000000008000000     0x2a44
                0x0000000008000000                . = ALIGN (0x4)
                0x0000000008000000                _sfixed = .
                0x0000000008000000                _isr_vectors = DEFINED (_isr_vectors)?_isr_vectors:.
 *(SORT_BY_NAME(.vectors*))
 .vectors.0     0x0000000008000000       0x40 /home/ek-181/MOAISERI/riot-examples/03threads/bin/stm32f0discovery/cortexm_common.a(vectors_cortexm.o)
                0x0000000008000000                cortex_vector_base
 .vectors.1     0x0000000008000040       0x7c /home/ek-181/MOAISERI/riot-examples/03threads/bin/stm32f0discovery/cpu/vectors.o
                0x0000000008000040                vector_cpu
 *(.text .text.* .gnu.linkonce.t.*)
 .text.dummy_handler
                0x00000000080000bc        0x8 /home/ek-181/MOAISERI/riot-examples/03threads/bin/stm32f0discovery/cpu/vectors.o
                0x00000000080000bc                isr_pvd
                0x00000000080000bc                isr_i2c1
                0x00000000080000bc                isr_tim16
                0x00000000080000bc                isr_exti
                0x00000000080000bc                isr_tsc
                0x00000000080000bc                isr_cec_can
                0x00000000080000bc                isr_tim7
                0x00000000080000bc                isr_dma1_channel4_5
                0x00000000080000bc                isr_tim1_brk_up_trg_com
                0x00000000080000bc                isr_dma1_channel4_5_6_7
                0x00000000080000bc                isr_i2c2
                0x00000000080000bc                isr_dma1_channel2_3
                0x00000000080000bc                isr_spi2
                0x00000000080000bc                isr_dma1_channel1
                0x00000000080000bc                dummy_handler
                0x00000000080000bc                isr_dma1_ch1
                0x00000000080000bc                isr_spi1
                0x00000000080000bc                isr_tim6
                0x00000000080000bc                isr_rcc
                0x00000000080000bc                isr_flash
                0x00000000080000bc                isr_rtc
                0x00000000080000bc                isr_tim1_cc
                0x00000000080000bc                isr_tim14
                0x00000000080000bc                isr_usb
                0x00000000080000bc                isr_adc1_comp
                0x00000000080000bc                isr_usart3_4
                0x00000000080000bc                isr_tim17
                0x00000000080000bc                isr_adc1
                0x00000000080000bc                isr_tim6_dac
                0x00000000080000bc                isr_dma1_ch4_7_dma2_ch3_5
                0x00000000080000bc                isr_pvd_vddio2
                0x00000000080000bc                isr_tim3
                0x00000000080000bc                isr_tim15
                0x00000000080000bc                isr_rcc_crs
                0x00000000080000bc                isr_usart3_8
                0x00000000080000bc                isr_dma1_ch2_3_dma2_ch1_2
                0x00000000080000bc                isr_wwdg
 .text._init    0x00000000080000c4        0x8 /home/ek-181/MOAISERI/riot-examples/03threads/bin/stm32f0discovery/newlib_syscalls_default/syscalls.o
                0x00000000080000c4                _init
 .text._fini    0x00000000080000cc        0x2 /home/ek-181/MOAISERI/riot-examples/03threads/bin/stm32f0discovery/newlib_syscalls_default/syscalls.o
                0x00000000080000cc                _fini
 *fill*         0x00000000080000ce        0x2 
 .text._sbrk_r  0x00000000080000d0       0x3c /home/ek-181/MOAISERI/riot-examples/03threads/bin/stm32f0discovery/newlib_syscalls_default/syscalls.o
                0x00000000080000d0                _sbrk_r
 .text._read_r  0x000000000800010c        0xc /home/ek-181/MOAISERI/riot-examples/03threads/bin/stm32f0discovery/newlib_syscalls_default/syscalls.o
                0x000000000800010c                _read_r
 .text._write_r
                0x0000000008000118        0xc /home/ek-181/MOAISERI/riot-examples/03threads/bin/stm32f0discovery/newlib_syscalls_default/syscalls.o
                0x0000000008000118                _write_r
 .text._close_r
                0x0000000008000124        0xa /home/ek-181/MOAISERI/riot-examples/03threads/bin/stm32f0discovery/newlib_syscalls_default/syscalls.o
                0x0000000008000124                _close_r
 .text._lseek_r
                0x000000000800012e        0xa /home/ek-181/MOAISERI/riot-examples/03threads/bin/stm32f0discovery/newlib_syscalls_default/syscalls.o
                0x000000000800012e                _lseek_r
 .text._fstat_r
                0x0000000008000138        0xa /home/ek-181/MOAISERI/riot-examples/03threads/bin/stm32f0discovery/newlib_syscalls_default/syscalls.o
                0x0000000008000138                _fstat_r
 .text._isatty_r
                0x0000000008000142        0xe /home/ek-181/MOAISERI/riot-examples/03threads/bin/stm32f0discovery/newlib_syscalls_default/syscalls.o
                0x0000000008000142                _isatty_r
 .text.sched_run
                0x0000000008000150       0x68 /home/ek-181/MOAISERI/riot-examples/03threads/bin/stm32f0discovery/core.a(sched.o)
                0x0000000008000150                sched_run
 .text.sched_set_status
                0x00000000080001b8       0x7c /home/ek-181/MOAISERI/riot-examples/03threads/bin/stm32f0discovery/core.a(sched.o)
                0x00000000080001b8                sched_set_status
 .text.sched_switch
                0x0000000008000234       0x30 /home/ek-181/MOAISERI/riot-examples/03threads/bin/stm32f0discovery/core.a(sched.o)
                0x0000000008000234                sched_switch
 .text.sched_task_exit
                0x0000000008000264       0x3c /home/ek-181/MOAISERI/riot-examples/03threads/bin/stm32f0discovery/core.a(sched.o)
                0x0000000008000264                sched_task_exit
 .text.thread_stack_init
                0x00000000080002a0       0x90 /home/ek-181/MOAISERI/riot-examples/03threads/bin/stm32f0discovery/cortexm_common.a(thread_arch.o)
                0x00000000080002a0                thread_stack_init
 .text.cpu_switch_context_exit
                0x0000000008000330        0x8 /home/ek-181/MOAISERI/riot-examples/03threads/bin/stm32f0discovery/cortexm_common.a(thread_arch.o)
                0x0000000008000330                cpu_switch_context_exit
 .text.thread_yield_higher
                0x0000000008000338       0x14 /home/ek-181/MOAISERI/riot-examples/03threads/bin/stm32f0discovery/cortexm_common.a(thread_arch.o)
                0x0000000008000338                thread_yield_higher
 .text.isr_pendsv
                0x000000000800034c       0x28 /home/ek-181/MOAISERI/riot-examples/03threads/bin/stm32f0discovery/cortexm_common.a(thread_arch.o)
                0x000000000800034c                isr_pendsv
 .text.isr_svc  0x0000000008000374       0x2c /home/ek-181/MOAISERI/riot-examples/03threads/bin/stm32f0discovery/cortexm_common.a(thread_arch.o)
                0x0000000008000374                isr_svc
 .text.hard_fault_default
                0x00000000080003a0       0x78 /home/ek-181/MOAISERI/riot-examples/03threads/bin/stm32f0discovery/cortexm_common.a(vectors_cortexm.o)
                0x00000000080003a0                hard_fault_default
 .text.nmi_default
                0x0000000008000418       0x10 /home/ek-181/MOAISERI/riot-examples/03threads/bin/stm32f0discovery/cortexm_common.a(vectors_cortexm.o)
                0x0000000008000418                nmi_default
 .text.dummy_handler_default
                0x0000000008000428       0x10 /home/ek-181/MOAISERI/riot-examples/03threads/bin/stm32f0discovery/cortexm_common.a(vectors_cortexm.o)
                0x0000000008000428                dummy_handler_default
                0x0000000008000428                isr_systick
 .text.pre_startup
                0x0000000008000438        0x2 /home/ek-181/MOAISERI/riot-examples/03threads/bin/stm32f0discovery/cortexm_common.a(vectors_cortexm.o)
                0x0000000008000438                pre_startup
 .text.post_startup
                0x000000000800043a        0x2 /home/ek-181/MOAISERI/riot-examples/03threads/bin/stm32f0discovery/cortexm_common.a(vectors_cortexm.o)
                0x000000000800043a                post_startup
 .text.reset_handler_default
                0x000000000800043c       0x68 /home/ek-181/MOAISERI/riot-examples/03threads/bin/stm32f0discovery/cortexm_common.a(vectors_cortexm.o)
                0x000000000800043c                reset_handler_default
 .text.hard_fault_handler
                0x00000000080004a4      0x118 /home/ek-181/MOAISERI/riot-examples/03threads/bin/stm32f0discovery/cortexm_common.a(vectors_cortexm.o)
                0x00000000080004a4                hard_fault_handler
 .text.irq_disable
                0x00000000080005bc        0x8 /home/ek-181/MOAISERI/riot-examples/03threads/bin/stm32f0discovery/cortexm_common.a(irq_arch.o)
                0x00000000080005bc                irq_disable
 .text.irq_enable
                0x00000000080005c4        0x8 /home/ek-181/MOAISERI/riot-examples/03threads/bin/stm32f0discovery/cortexm_common.a(irq_arch.o)
                0x00000000080005c4                irq_enable
 .text.irq_restore
                0x00000000080005cc        0x6 /home/ek-181/MOAISERI/riot-examples/03threads/bin/stm32f0discovery/cortexm_common.a(irq_arch.o)
                0x00000000080005cc                irq_restore
 .text.irq_is_in
                0x00000000080005d2        0x8 /home/ek-181/MOAISERI/riot-examples/03threads/bin/stm32f0discovery/cortexm_common.a(irq_arch.o)
                0x00000000080005d2                irq_is_in
 *fill*         0x00000000080005da        0x2 
 .text.stdio_init
                0x00000000080005dc       0x1c /home/ek-181/MOAISERI/riot-examples/03threads/bin/stm32f0discovery/stdio_uart.a(stdio_uart.o)
                0x00000000080005dc                stdio_init
 .text.stdio_read
                0x00000000080005f8       0x14 /home/ek-181/MOAISERI/riot-examples/03threads/bin/stm32f0discovery/stdio_uart.a(stdio_uart.o)
                0x00000000080005f8                stdio_read
 .text.stdio_write
                0x000000000800060c       0x12 /home/ek-181/MOAISERI/riot-examples/03threads/bin/stm32f0discovery/stdio_uart.a(stdio_uart.o)
                0x000000000800060c                stdio_write
 *fill*         0x000000000800061e        0x2 
 .text.pm_set   0x0000000008000620      0x1ec /home/ek-181/MOAISERI/riot-examples/03threads/bin/stm32f0discovery/stm32_common_periph.a(pm.o)
                0x0000000008000620                pm_set
 .text.pm_off   0x000000000800080c       0x14 /home/ek-181/MOAISERI/riot-examples/03threads/bin/stm32f0discovery/stm32_common_periph.a(pm.o)
                0x000000000800080c                pm_off
 .text.irq_handler
                0x0000000008000820       0x4c /home/ek-181/MOAISERI/riot-examples/03threads/bin/stm32f0discovery/stm32_common_periph.a(uart.o)
 .text.uart_set_baudrate
                0x000000000800086c       0x80 /home/ek-181/MOAISERI/riot-examples/03threads/bin/stm32f0discovery/stm32_common_periph.a(uart.o)
                0x000000000800086c                uart_set_baudrate
 .text.uart_write
                0x00000000080008ec       0x48 /home/ek-181/MOAISERI/riot-examples/03threads/bin/stm32f0discovery/stm32_common_periph.a(uart.o)
                0x00000000080008ec                uart_write
 .text.uart_poweron
                0x0000000008000934       0x28 /home/ek-181/MOAISERI/riot-examples/03threads/bin/stm32f0discovery/stm32_common_periph.a(uart.o)
                0x0000000008000934                uart_poweron
 .text.uart_init
                0x000000000800095c       0xb4 /home/ek-181/MOAISERI/riot-examples/03threads/bin/stm32f0discovery/stm32_common_periph.a(uart.o)
                0x000000000800095c                uart_init
 .text.isr_usart1
                0x0000000008000a10        0xa /home/ek-181/MOAISERI/riot-examples/03threads/bin/stm32f0discovery/stm32_common_periph.a(uart.o)
                0x0000000008000a10                isr_usart1
 .text.isr_usart2
                0x0000000008000a1a        0xa /home/ek-181/MOAISERI/riot-examples/03threads/bin/stm32f0discovery/stm32_common_periph.a(uart.o)
                0x0000000008000a1a                isr_usart2
 .text.gpio_init
                0x0000000008000a24       0x78 /home/ek-181/MOAISERI/riot-examples/03threads/bin/stm32f0discovery/stm32_common_periph.a(gpio.o)
                0x0000000008000a24                gpio_init
 .text.gpio_init_af
                0x0000000008000a9c       0x4c /home/ek-181/MOAISERI/riot-examples/03threads/bin/stm32f0discovery/stm32_common_periph.a(gpio.o)
                0x0000000008000a9c                gpio_init_af
 .text.gpio_read
                0x0000000008000ae8       0x3e /home/ek-181/MOAISERI/riot-examples/03threads/bin/stm32f0discovery/stm32_common_periph.a(gpio.o)
                0x0000000008000ae8                gpio_read
 .text.gpio_set
                0x0000000008000b26       0x14 /home/ek-181/MOAISERI/riot-examples/03threads/bin/stm32f0discovery/stm32_common_periph.a(gpio.o)
                0x0000000008000b26                gpio_set
 .text.gpio_clear
                0x0000000008000b3a       0x16 /home/ek-181/MOAISERI/riot-examples/03threads/bin/stm32f0discovery/stm32_common_periph.a(gpio.o)
                0x0000000008000b3a                gpio_clear
 .text.gpio_toggle
                0x0000000008000b50       0x1c /home/ek-181/MOAISERI/riot-examples/03threads/bin/stm32f0discovery/stm32_common_periph.a(gpio.o)
                0x0000000008000b50                gpio_toggle
 .text._xtimer_lltimer_now
                0x0000000008000b6c        0xa /home/ek-181/MOAISERI/riot-examples/03threads/bin/stm32f0discovery/xtimer.a(xtimer_core.o)
 *fill*         0x0000000008000b76        0x2 
 .text._lltimer_set
                0x0000000008000b78       0x18 /home/ek-181/MOAISERI/riot-examples/03threads/bin/stm32f0discovery/xtimer.a(xtimer_core.o)
 .text._add_timer_to_long_list.constprop.4
                0x0000000008000b90       0x2c /home/ek-181/MOAISERI/riot-examples/03threads/bin/stm32f0discovery/xtimer.a(xtimer_core.o)
 .text._next_period
                0x0000000008000bbc       0x9c /home/ek-181/MOAISERI/riot-examples/03threads/bin/stm32f0discovery/xtimer.a(xtimer_core.o)
 .text._periph_timer_callback
                0x0000000008000c58       0xcc /home/ek-181/MOAISERI/riot-examples/03threads/bin/stm32f0discovery/xtimer.a(xtimer_core.o)
 .text._remove  0x0000000008000d24       0x70 /home/ek-181/MOAISERI/riot-examples/03threads/bin/stm32f0discovery/xtimer.a(xtimer_core.o)
 .text.xtimer_init
                0x0000000008000d94       0x20 /home/ek-181/MOAISERI/riot-examples/03threads/bin/stm32f0discovery/xtimer.a(xtimer_core.o)
                0x0000000008000d94                xtimer_init
 .text._xtimer_set_absolute
                0x0000000008000db4       0xc4 /home/ek-181/MOAISERI/riot-examples/03threads/bin/stm32f0discovery/xtimer.a(xtimer_core.o)
                0x0000000008000db4                _xtimer_set_absolute
 .text.board_init
                0x0000000008000e78       0x20 /home/ek-181/MOAISERI/riot-examples/03threads/bin/stm32f0discovery/board.a(board.o)
                0x0000000008000e78                board_init
 .text.panic_arch
                0x0000000008000e98        0x2 /home/ek-181/MOAISERI/riot-examples/03threads/bin/stm32f0discovery/core.a(panic.o)
                0x0000000008000e98                panic_arch
 *fill*         0x0000000008000e9a        0x2 
 .text.core_panic
                0x0000000008000e9c       0x48 /home/ek-181/MOAISERI/riot-examples/03threads/bin/stm32f0discovery/core.a(panic.o)
                0x0000000008000e9c                core_panic
 .text.main_trampoline
                0x0000000008000ee4       0x18 /home/ek-181/MOAISERI/riot-examples/03threads/bin/stm32f0discovery/core.a(kernel_init.o)
 .text.idle_thread
                0x0000000008000efc        0x8 /home/ek-181/MOAISERI/riot-examples/03threads/bin/stm32f0discovery/core.a(kernel_init.o)
 .text.kernel_init
                0x0000000008000f04       0x58 /home/ek-181/MOAISERI/riot-examples/03threads/bin/stm32f0discovery/core.a(kernel_init.o)
                0x0000000008000f04                kernel_init
 .text.thread_add_to_list
                0x0000000008000f5c       0x34 /home/ek-181/MOAISERI/riot-examples/03threads/bin/stm32f0discovery/core.a(thread.o)
                0x0000000008000f5c                thread_add_to_list
 .text.thread_create
                0x0000000008000f90       0xe8 /home/ek-181/MOAISERI/riot-examples/03threads/bin/stm32f0discovery/core.a(thread.o)
                0x0000000008000f90                thread_create
 .text.cpu_check_address
                0x0000000008001078       0x18 /home/ek-181/MOAISERI/riot-examples/03threads/bin/stm32f0discovery/cortexm_common.a(cortexm_init.o)
                0x0000000008001078                cpu_check_address
 .text.cpu_find_memory_size
                0x0000000008001090       0x20 /home/ek-181/MOAISERI/riot-examples/03threads/bin/stm32f0discovery/cortexm_common.a(cortexm_init.o)
                0x0000000008001090                cpu_find_memory_size
 .text.cortexm_init
                0x00000000080010b0       0x70 /home/ek-181/MOAISERI/riot-examples/03threads/bin/stm32f0discovery/cortexm_common.a(cortexm_init.o)
                0x00000000080010b0                cortexm_init
 .text.isrpipe_write_one
                0x0000000008001120       0x16 /home/ek-181/MOAISERI/riot-examples/03threads/bin/stm32f0discovery/isrpipe.a(isrpipe.o)
                0x0000000008001120                isrpipe_write_one
 .text.isrpipe_read
                0x0000000008001136       0x24 /home/ek-181/MOAISERI/riot-examples/03threads/bin/stm32f0discovery/isrpipe.a(isrpipe.o)
                0x0000000008001136                isrpipe_read
 *fill*         0x000000000800115a        0x2 
 .text.pm_set_lowest
                0x000000000800115c       0x38 /home/ek-181/MOAISERI/riot-examples/03threads/bin/stm32f0discovery/pm_layered.a(pm.o)
                0x000000000800115c                pm_set_lowest
 .text.stmclk_init_sysclk
                0x0000000008001194       0x98 /home/ek-181/MOAISERI/riot-examples/03threads/bin/stm32f0discovery/stm32_common.a(stmclk.o)
                0x0000000008001194                stmclk_init_sysclk
 .text.stmclk_enable_hsi
                0x000000000800122c       0x18 /home/ek-181/MOAISERI/riot-examples/03threads/bin/stm32f0discovery/stm32_common.a(stmclk_common.o)
                0x000000000800122c                stmclk_enable_hsi
 .text.stmclk_disable_hsi
                0x0000000008001244       0x18 /home/ek-181/MOAISERI/riot-examples/03threads/bin/stm32f0discovery/stm32_common.a(stmclk_common.o)
                0x0000000008001244                stmclk_disable_hsi
 .text.cpu_init_status
                0x000000000800125c       0xa0 /home/ek-181/MOAISERI/riot-examples/03threads/bin/stm32f0discovery/stm32_common.a(stm_status.o)
                0x000000000800125c                cpu_init_status
 .text.cpu_init
                0x00000000080012fc       0x74 /home/ek-181/MOAISERI/riot-examples/03threads/bin/stm32f0discovery/stm32_common.a(cpu_init.o)
                0x00000000080012fc                cpu_init
 .text.periph_apb_clk
                0x0000000008001370        0xc /home/ek-181/MOAISERI/riot-examples/03threads/bin/stm32f0discovery/stm32_common.a(cpu_common.o)
                0x0000000008001370                periph_apb_clk
 .text.periph_timer_clk
                0x000000000800137c       0x14 /home/ek-181/MOAISERI/riot-examples/03threads/bin/stm32f0discovery/stm32_common.a(cpu_common.o)
                0x000000000800137c                periph_timer_clk
 .text.periph_clk_en
                0x0000000008001390       0x34 /home/ek-181/MOAISERI/riot-examples/03threads/bin/stm32f0discovery/stm32_common.a(cpu_common.o)
                0x0000000008001390                periph_clk_en
 .text.periph_clk_dis
                0x00000000080013c4       0x30 /home/ek-181/MOAISERI/riot-examples/03threads/bin/stm32f0discovery/stm32_common.a(cpu_common.o)
                0x00000000080013c4                periph_clk_dis
 .text.is_periph_clk
                0x00000000080013f4       0x30 /home/ek-181/MOAISERI/riot-examples/03threads/bin/stm32f0discovery/stm32_common.a(cpu_common.o)
                0x00000000080013f4                is_periph_clk
 .text.timer_set_absolute
                0x0000000008001424       0x3c /home/ek-181/MOAISERI/riot-examples/03threads/bin/stm32f0discovery/stm32_common_periph.a(timer.o)
                0x0000000008001424                timer_set_absolute
 .text.timer_read
                0x0000000008001460       0x10 /home/ek-181/MOAISERI/riot-examples/03threads/bin/stm32f0discovery/stm32_common_periph.a(timer.o)
                0x0000000008001460                timer_read
 .text.timer_start
                0x0000000008001470       0x14 /home/ek-181/MOAISERI/riot-examples/03threads/bin/stm32f0discovery/stm32_common_periph.a(timer.o)
                0x0000000008001470                timer_start
 .text.timer_init
                0x0000000008001484       0x58 /home/ek-181/MOAISERI/riot-examples/03threads/bin/stm32f0discovery/stm32_common_periph.a(timer.o)
                0x0000000008001484                timer_init
 .text.isr_tim2
                0x00000000080014dc       0x60 /home/ek-181/MOAISERI/riot-examples/03threads/bin/stm32f0discovery/stm32_common_periph.a(timer.o)
                0x00000000080014dc                isr_tim2
 .text._pop     0x000000000800153c       0x12 /home/ek-181/MOAISERI/riot-examples/03threads/bin/stm32f0discovery/tsrb.a(tsrb.o)
 .text.tsrb_get
                0x000000000800154e       0x28 /home/ek-181/MOAISERI/riot-examples/03threads/bin/stm32f0discovery/tsrb.a(tsrb.o)
                0x000000000800154e                tsrb_get
 .text.tsrb_add_one
                0x0000000008001576       0x26 /home/ek-181/MOAISERI/riot-examples/03threads/bin/stm32f0discovery/tsrb.a(tsrb.o)
                0x0000000008001576                tsrb_add_one
 .text.periph_init
                0x000000000800159c        0x2 /home/ek-181/MOAISERI/riot-examples/03threads/bin/stm32f0discovery/periph_common.a(init.o)
                0x000000000800159c                periph_init
 *fill*         0x000000000800159e        0x2 
 .text.thread_one
                0x00000000080015a0       0x24 /home/ek-181/MOAISERI/riot-examples/03threads/bin/stm32f0discovery/application_threads.a(main.o)
                0x00000000080015a0                thread_one
 .text.thread_two
                0x00000000080015c4       0x24 /home/ek-181/MOAISERI/riot-examples/03threads/bin/stm32f0discovery/application_threads.a(main.o)
                0x00000000080015c4                thread_two
 .text.startup.main
                0x00000000080015e8       0x6c /home/ek-181/MOAISERI/riot-examples/03threads/bin/stm32f0discovery/application_threads.a(main.o)
                0x00000000080015e8                main
 .text.auto_init
                0x0000000008001654        0x8 /home/ek-181/MOAISERI/riot-examples/03threads/bin/stm32f0discovery/auto_init.a(auto_init.o)
                0x0000000008001654                auto_init
 .text._mutex_lock
                0x000000000800165c       0x60 /home/ek-181/MOAISERI/riot-examples/03threads/bin/stm32f0discovery/core.a(mutex.o)
                0x000000000800165c                _mutex_lock
 .text.mutex_unlock
                0x00000000080016bc       0x4a /home/ek-181/MOAISERI/riot-examples/03threads/bin/stm32f0discovery/core.a(mutex.o)
                0x00000000080016bc                mutex_unlock
 .text._callback_unlock_mutex
                0x0000000008001706        0x8 /home/ek-181/MOAISERI/riot-examples/03threads/bin/stm32f0discovery/xtimer.a(xtimer.o)
 .text._xtimer_spin
                0x000000000800170e       0x1a /home/ek-181/MOAISERI/riot-examples/03threads/bin/stm32f0discovery/xtimer.a(xtimer.o)
 .text._xtimer_periodic_wakeup
                0x0000000008001728       0x74 /home/ek-181/MOAISERI/riot-examples/03threads/bin/stm32f0discovery/xtimer.a(xtimer.o)
                0x0000000008001728                _xtimer_periodic_wakeup
 .text          0x000000000800179c      0x114 /usr/bin/../lib/gcc/arm-none-eabi/7.3.1/thumb/v6-m/libgcc.a(_udivsi3.o)
                0x000000000800179c                __udivsi3
                0x000000000800179c                __aeabi_uidiv
                0x00000000080018a8                __aeabi_uidivmod
 .text          0x00000000080018b0        0x4 /usr/bin/../lib/gcc/arm-none-eabi/7.3.1/thumb/v6-m/libgcc.a(_dvmd_tls.o)
                0x00000000080018b0                __aeabi_ldiv0
                0x00000000080018b0                __aeabi_idiv0
 .text.__libc_init_array
                0x00000000080018b4       0x48 /usr/bin/../lib/gcc/arm-none-eabi/7.3.1/../../../../arm-none-eabi/lib/thumb/v6-m/libc_nano.a(lib_a-init.o)
                0x00000000080018b4                __libc_init_array
 .text.memset   0x00000000080018fc       0x10 /usr/bin/../lib/gcc/arm-none-eabi/7.3.1/../../../../arm-none-eabi/lib/thumb/v6-m/libc_nano.a(lib_a-memset.o)
                0x00000000080018fc                memset
 .text.printf   0x000000000800190c       0x34 /usr/bin/../lib/gcc/arm-none-eabi/7.3.1/../../../../arm-none-eabi/lib/thumb/v6-m/libc_nano.a(lib_a-printf.o)
                0x000000000800190c                printf
                0x000000000800190c                iprintf
 .text._puts_r  0x0000000008001940       0xc0 /usr/bin/../lib/gcc/arm-none-eabi/7.3.1/../../../../arm-none-eabi/lib/thumb/v6-m/libc_nano.a(lib_a-puts.o)
                0x0000000008001940                _puts_r
 .text.puts     0x0000000008001a00       0x14 /usr/bin/../lib/gcc/arm-none-eabi/7.3.1/../../../../arm-none-eabi/lib/thumb/v6-m/libc_nano.a(lib_a-puts.o)
                0x0000000008001a00                puts
 .text.__swbuf_r
                0x0000000008001a14       0xac /usr/bin/../lib/gcc/arm-none-eabi/7.3.1/../../../../arm-none-eabi/lib/thumb/v6-m/libc_nano.a(lib_a-wbuf.o)
                0x0000000008001a14                __swbuf_r
 .text.__swsetup_r
                0x0000000008001ac0       0xec /usr/bin/../lib/gcc/arm-none-eabi/7.3.1/../../../../arm-none-eabi/lib/thumb/v6-m/libc_nano.a(lib_a-wsetup.o)
                0x0000000008001ac0                __swsetup_r
 .text.__sflush_r
                0x0000000008001bac      0x114 /usr/bin/../lib/gcc/arm-none-eabi/7.3.1/../../../../arm-none-eabi/lib/thumb/v6-m/libc_nano.a(lib_a-fflush.o)
                0x0000000008001bac                __sflush_r
 .text._fflush_r
                0x0000000008001cc0       0x58 /usr/bin/../lib/gcc/arm-none-eabi/7.3.1/../../../../arm-none-eabi/lib/thumb/v6-m/libc_nano.a(lib_a-fflush.o)
                0x0000000008001cc0                _fflush_r
 .text.std      0x0000000008001d18       0x48 /usr/bin/../lib/gcc/arm-none-eabi/7.3.1/../../../../arm-none-eabi/lib/thumb/v6-m/libc_nano.a(lib_a-findfp.o)
 .text._cleanup_r
                0x0000000008001d60       0x10 /usr/bin/../lib/gcc/arm-none-eabi/7.3.1/../../../../arm-none-eabi/lib/thumb/v6-m/libc_nano.a(lib_a-findfp.o)
                0x0000000008001d60                _cleanup_r
 .text.__sfmoreglue
                0x0000000008001d70       0x2c /usr/bin/../lib/gcc/arm-none-eabi/7.3.1/../../../../arm-none-eabi/lib/thumb/v6-m/libc_nano.a(lib_a-findfp.o)
                0x0000000008001d70                __sfmoreglue
 .text.__sinit  0x0000000008001d9c       0x68 /usr/bin/../lib/gcc/arm-none-eabi/7.3.1/../../../../arm-none-eabi/lib/thumb/v6-m/libc_nano.a(lib_a-findfp.o)
                0x0000000008001d9c                __sinit
 .text.__sfp    0x0000000008001e04       0x7c /usr/bin/../lib/gcc/arm-none-eabi/7.3.1/../../../../arm-none-eabi/lib/thumb/v6-m/libc_nano.a(lib_a-findfp.o)
                0x0000000008001e04                __sfp
 .text._fwalk_reent
                0x0000000008001e80       0x42 /usr/bin/../lib/gcc/arm-none-eabi/7.3.1/../../../../arm-none-eabi/lib/thumb/v6-m/libc_nano.a(lib_a-fwalk.o)
                0x0000000008001e80                _fwalk_reent
 *fill*         0x0000000008001ec2        0x2 
 .text.__swhatbuf_r
                0x0000000008001ec4       0x50 /usr/bin/../lib/gcc/arm-none-eabi/7.3.1/../../../../arm-none-eabi/lib/thumb/v6-m/libc_nano.a(lib_a-makebuf.o)
                0x0000000008001ec4                __swhatbuf_r
 .text.__smakebuf_r
                0x0000000008001f14       0x88 /usr/bin/../lib/gcc/arm-none-eabi/7.3.1/../../../../arm-none-eabi/lib/thumb/v6-m/libc_nano.a(lib_a-makebuf.o)
                0x0000000008001f14                __smakebuf_r
 .text._free_r  0x0000000008001f9c       0x94 /usr/bin/../lib/gcc/arm-none-eabi/7.3.1/../../../../arm-none-eabi/lib/thumb/v6-m/libc_nano.a(lib_a-nano-freer.o)
                0x0000000008001f9c                _free_r
 .text._malloc_r
                0x0000000008002030       0xbc /usr/bin/../lib/gcc/arm-none-eabi/7.3.1/../../../../arm-none-eabi/lib/thumb/v6-m/libc_nano.a(lib_a-nano-mallocr.o)
                0x0000000008002030                _malloc_r
 .text.__sfputc_r
                0x00000000080020ec       0x2a /usr/bin/../lib/gcc/arm-none-eabi/7.3.1/../../../../arm-none-eabi/lib/thumb/v6-m/libc_nano.a(lib_a-nano-vfprintf.o)
 .text.__sfputs_r
                0x0000000008002116       0x24 /usr/bin/../lib/gcc/arm-none-eabi/7.3.1/../../../../arm-none-eabi/lib/thumb/v6-m/libc_nano.a(lib_a-nano-vfprintf.o)
                0x0000000008002116                __sfputs_r
 *fill*         0x000000000800213a        0x2 
 .text._vfprintf_r
                0x000000000800213c      0x22c /usr/bin/../lib/gcc/arm-none-eabi/7.3.1/../../../../arm-none-eabi/lib/thumb/v6-m/libc_nano.a(lib_a-nano-vfprintf.o)
                0x000000000800213c                _vfiprintf_r
                0x000000000800213c                _vfprintf_r
 .text._printf_common
                0x0000000008002368       0xda /usr/bin/../lib/gcc/arm-none-eabi/7.3.1/../../../../arm-none-eabi/lib/thumb/v6-m/libc_nano.a(lib_a-nano-vfprintf_i.o)
                0x0000000008002368                _printf_common
 *fill*         0x0000000008002442        0x2 
 .text._printf_i
                0x0000000008002444      0x210 /usr/bin/../lib/gcc/arm-none-eabi/7.3.1/../../../../arm-none-eabi/lib/thumb/v6-m/libc_nano.a(lib_a-nano-vfprintf_i.o)
                0x0000000008002444                _printf_i
 .text.__sread  0x0000000008002654       0x28 /usr/bin/../lib/gcc/arm-none-eabi/7.3.1/../../../../arm-none-eabi/lib/thumb/v6-m/libc_nano.a(lib_a-stdio.o)
                0x0000000008002654                __sread
 .text.__swrite
                0x000000000800267c       0x38 /usr/bin/../lib/gcc/arm-none-eabi/7.3.1/../../../../arm-none-eabi/lib/thumb/v6-m/libc_nano.a(lib_a-stdio.o)
                0x000000000800267c                __swrite
 .text.__sseek  0x00000000080026b4       0x2c /usr/bin/../lib/gcc/arm-none-eabi/7.3.1/../../../../arm-none-eabi/lib/thumb/v6-m/libc_nano.a(lib_a-stdio.o)
                0x00000000080026b4                __sseek
 .text.__sclose
                0x00000000080026e0        0xc /usr/bin/../lib/gcc/arm-none-eabi/7.3.1/../../../../arm-none-eabi/lib/thumb/v6-m/libc_nano.a(lib_a-stdio.o)
                0x00000000080026e0                __sclose
 .text.memchr   0x00000000080026ec       0x16 /usr/bin/../lib/gcc/arm-none-eabi/7.3.1/../../../../arm-none-eabi/lib/thumb/v6-m/libc_nano.a(lib_a-memchr-stub.o)
                0x00000000080026ec                memchr
 .text.__malloc_lock
                0x0000000008002702        0x2 /usr/bin/../lib/gcc/arm-none-eabi/7.3.1/../../../../arm-none-eabi/lib/thumb/v6-m/libc_nano.a(lib_a-mlock.o)
                0x0000000008002702                __malloc_lock
 .text.__malloc_unlock
                0x0000000008002704        0x2 /usr/bin/../lib/gcc/arm-none-eabi/7.3.1/../../../../arm-none-eabi/lib/thumb/v6-m/libc_nano.a(lib_a-mlock.o)
                0x0000000008002704                __malloc_unlock
 *(.glue_7t)
 .glue_7t       0x0000000008002706        0x0 linker stubs
 *(.glue_7)
 .glue_7        0x0000000008002706        0x0 linker stubs
 *(.rodata .rodata* .gnu.linkonce.r.*)
 .rodata.MultiplyDeBruijnBitPosition
                0x0000000008002706       0x20 /home/ek-181/MOAISERI/riot-examples/03threads/bin/stm32f0discovery/core.a(bitarithm.o)
                0x0000000008002706                MultiplyDeBruijnBitPosition
 .rodata.dummy_handler_default.str1.1
                0x0000000008002726        0xe /home/ek-181/MOAISERI/riot-examples/03threads/bin/stm32f0discovery/cortexm_common.a(vectors_cortexm.o)
 .rodata.hard_fault_handler.str1.1
                0x0000000008002734      0x18b /home/ek-181/MOAISERI/riot-examples/03threads/bin/stm32f0discovery/cortexm_common.a(vectors_cortexm.o)
 .rodata.nmi_default.str1.1
                0x00000000080028bf        0xc /home/ek-181/MOAISERI/riot-examples/03threads/bin/stm32f0discovery/cortexm_common.a(vectors_cortexm.o)
 *fill*         0x00000000080028cb        0x1 
 .rodata.uart_config
                0x00000000080028cc       0x30 /home/ek-181/MOAISERI/riot-examples/03threads/bin/stm32f0discovery/stm32_common_periph.a(uart.o)
 .rodata.assert_crash_message
                0x00000000080028fc       0x12 /home/ek-181/MOAISERI/riot-examples/03threads/bin/stm32f0discovery/core.a(panic.o)
                0x00000000080028fc                assert_crash_message
 .rodata.core_panic.str1.1
                0x000000000800290e       0x2e /home/ek-181/MOAISERI/riot-examples/03threads/bin/stm32f0discovery/core.a(panic.o)
 .rodata.main_trampoline.str1.1
                0x000000000800293c       0x30 /home/ek-181/MOAISERI/riot-examples/03threads/bin/stm32f0discovery/core.a(kernel_init.o)
 .rodata.str1.1
                0x000000000800296c        0xa /home/ek-181/MOAISERI/riot-examples/03threads/bin/stm32f0discovery/core.a(kernel_init.o)
 .rodata.CSWTCH.2
                0x0000000008002976        0x9 /home/ek-181/MOAISERI/riot-examples/03threads/bin/stm32f0discovery/stm32_common.a(stm_status.o)
 .rodata.apbmul
                0x000000000800297f        0x2 /home/ek-181/MOAISERI/riot-examples/03threads/bin/stm32f0discovery/stm32_common.a(cpu_common.o)
 *fill*         0x0000000008002981        0x3 
 .rodata.timer_config
                0x0000000008002984       0x10 /home/ek-181/MOAISERI/riot-examples/03threads/bin/stm32f0discovery/stm32_common_periph.a(timer.o)
 .rodata.main.str1.1
                0x0000000008002994       0x16 /home/ek-181/MOAISERI/riot-examples/03threads/bin/stm32f0discovery/application_threads.a(main.o)
 *fill*         0x00000000080029aa        0x2 
 .rodata._global_impure_ptr
                0x00000000080029ac        0x4 /usr/bin/../lib/gcc/arm-none-eabi/7.3.1/../../../../arm-none-eabi/lib/thumb/v6-m/libc_nano.a(lib_a-impure.o)
                0x00000000080029ac                _global_impure_ptr
 .rodata.__sf_fake_stderr
                0x00000000080029b0       0x20 /usr/bin/../lib/gcc/arm-none-eabi/7.3.1/../../../../arm-none-eabi/lib/thumb/v6-m/libc_nano.a(lib_a-findfp.o)
                0x00000000080029b0                __sf_fake_stderr
 .rodata.__sf_fake_stdin
                0x00000000080029d0       0x20 /usr/bin/../lib/gcc/arm-none-eabi/7.3.1/../../../../arm-none-eabi/lib/thumb/v6-m/libc_nano.a(lib_a-findfp.o)
                0x00000000080029d0                __sf_fake_stdin
 .rodata.__sf_fake_stdout
                0x00000000080029f0       0x20 /usr/bin/../lib/gcc/arm-none-eabi/7.3.1/../../../../arm-none-eabi/lib/thumb/v6-m/libc_nano.a(lib_a-findfp.o)
                0x00000000080029f0                __sf_fake_stdout
 .rodata._vfprintf_r.str1.1
                0x0000000008002a10       0x11 /usr/bin/../lib/gcc/arm-none-eabi/7.3.1/../../../../arm-none-eabi/lib/thumb/v6-m/libc_nano.a(lib_a-nano-vfprintf.o)
 .rodata._printf_i.str1.1
                0x0000000008002a21       0x22 /usr/bin/../lib/gcc/arm-none-eabi/7.3.1/../../../../arm-none-eabi/lib/thumb/v6-m/libc_nano.a(lib_a-nano-vfprintf_i.o)
 *(.ARM.extab* .gnu.linkonce.armextab.*)
                0x0000000008002a44                . = ALIGN (0x4)
 *fill*         0x0000000008002a43        0x1 
 *(.init)
                0x0000000008002a44                . = ALIGN (0x4)
                0x0000000008002a44                __preinit_array_start = .
 *(.preinit_array)
                0x0000000008002a44                __preinit_array_end = .
                0x0000000008002a44                . = ALIGN (0x4)
                0x0000000008002a44                __init_array_start = .
 *(SORT_BY_NAME(.init_array.*))
 *(.init_array)
                0x0000000008002a44                __init_array_end = .
                0x0000000008002a44                . = ALIGN (0x4)
 *crtbegin.o(.ctors)
 *(EXCLUDE_FILE(*crtend.o) .ctors)
 *(SORT_BY_NAME(.ctors.*))
 *crtend.o(.ctors)
                0x0000000008002a44                . = ALIGN (0x4)
 *(.fini)
                0x0000000008002a44                . = ALIGN (0x4)
                0x0000000008002a44                __fini_array_start = .
 *(.fini_array)
 *(SORT_BY_NAME(.fini_array.*))
                0x0000000008002a44                __fini_array_end = .
 *crtbegin.o(.dtors)
 *(EXCLUDE_FILE(*crtend.o) .dtors)
 *(SORT_BY_NAME(.dtors.*))
 *crtend.o(.dtors)
                0x0000000008002a44                . = ALIGN (0x4)
                0x0000000008002a44                _efixed = .
                [!provide]                        PROVIDE (__exidx_start = .)

.vfp11_veneer   0x0000000008002a44        0x0
 .vfp11_veneer  0x0000000008002a44        0x0 linker stubs

.v4_bx          0x0000000008002a44        0x0
 .v4_bx         0x0000000008002a44        0x0 linker stubs

.iplt           0x0000000008002a44        0x0
 .iplt          0x0000000008002a44        0x0 /home/ek-181/MOAISERI/riot-examples/03threads/bin/stm32f0discovery/cpu/vectors.o

.igot.plt       0x0000000008002a44        0x0
 .igot.plt      0x0000000008002a44        0x0 /home/ek-181/MOAISERI/riot-examples/03threads/bin/stm32f0discovery/cpu/vectors.o

.rel.dyn        0x0000000008002a44        0x0
 .rel.iplt      0x0000000008002a44        0x0 /home/ek-181/MOAISERI/riot-examples/03threads/bin/stm32f0discovery/cpu/vectors.o

.ARM.exidx
 *(.ARM.exidx* .gnu.linkonce.armexidx.*)
                [!provide]                        PROVIDE (__exidx_end = .)
                0x0000000008002a44                . = ALIGN (0x4)

.eh_frame
 *(.eh_frame)
                0x0000000008002a44                . = ALIGN (0x4)
                0x0000000008002a44                _etext = .

.stack          0x0000000020000000      0x200
 *(.puf)
                0x0000000020000000                . = ALIGN (0x8)
                0x0000000020000000                _sstack = .
 *(.isr_stack)
 .isr_stack     0x0000000020000000      0x200 /home/ek-181/MOAISERI/riot-examples/03threads/bin/stm32f0discovery/cortexm_common.a(vectors_cortexm.o)
                0x0000000020000000                isr_stack
                0x0000000020000200                . = ALIGN (0x8)
                0x0000000020000200                _estack = .

.relocate       0x0000000020000200       0x8c load address 0x0000000008002a44
                0x0000000020000200                . = ALIGN (0x4)
                0x0000000020000200                _srelocate = .
 *(.ramfunc .ramfunc.*)
 *(.data .data.*)
 .data.heap_top
                0x0000000020000200        0x4 /home/ek-181/MOAISERI/riot-examples/03threads/bin/stm32f0discovery/newlib_syscalls_default/syscalls.o
                0x0000000020000200                heap_top
 .data.stdio_uart_isrpipe
                0x0000000020000204       0x14 /home/ek-181/MOAISERI/riot-examples/03threads/bin/stm32f0discovery/stdio_uart.a(stdio_uart.o)
                0x0000000020000204                stdio_uart_isrpipe
 .data.idle_name
                0x0000000020000218        0x4 /home/ek-181/MOAISERI/riot-examples/03threads/bin/stm32f0discovery/core.a(kernel_init.o)
                0x0000000020000218                idle_name
 .data.main_name
                0x000000002000021c        0x4 /home/ek-181/MOAISERI/riot-examples/03threads/bin/stm32f0discovery/core.a(kernel_init.o)
                0x000000002000021c                main_name
 .data.pm_blocker
                0x0000000020000220        0x4 /home/ek-181/MOAISERI/riot-examples/03threads/bin/stm32f0discovery/pm_layered.a(pm.o)
                0x0000000020000220                pm_blocker
 .data._impure_ptr
                0x0000000020000224        0x4 /usr/bin/../lib/gcc/arm-none-eabi/7.3.1/../../../../arm-none-eabi/lib/thumb/v6-m/libc_nano.a(lib_a-impure.o)
                0x0000000020000224                _impure_ptr
 .data.impure_data
                0x0000000020000228       0x60 /usr/bin/../lib/gcc/arm-none-eabi/7.3.1/../../../../arm-none-eabi/lib/thumb/v6-m/libc_nano.a(lib_a-impure.o)
 *(.openocd .openocd.*)
 .openocd       0x0000000020000288        0x2 /home/ek-181/MOAISERI/riot-examples/03threads/bin/stm32f0discovery/core.a(sched.o)
                0x0000000020000288                _tcb_name_offset
                0x0000000020000289                max_threads
                0x000000002000028c                . = ALIGN (0x4)
 *fill*         0x000000002000028a        0x2 
                0x000000002000028c                _erelocate = .

.noinit         0x000000002000028c        0x0 load address 0x0000000008002ad0
                0x000000002000028c                __noinit_start = .
 *(.noinit)
                0x000000002000028c                . = ALIGN (0x4)
                0x000000002000028c                __noinit_end = .

.bss            0x000000002000028c     0x16d4 load address 0x0000000008002ad0
                0x000000002000028c                . = ALIGN (0x4)
                0x000000002000028c                _sbss = .
                0x000000002000028c                _szero = .
 *(.bss .bss.*)
 .bss.runqueue_bitcache
                0x000000002000028c        0x4 /home/ek-181/MOAISERI/riot-examples/03threads/bin/stm32f0discovery/core.a(sched.o)
 .bss.sched_active_pid
                0x0000000020000290        0x2 /home/ek-181/MOAISERI/riot-examples/03threads/bin/stm32f0discovery/core.a(sched.o)
                0x0000000020000290                sched_active_pid
 *fill*         0x0000000020000292        0x2 
 .bss.sched_active_thread
                0x0000000020000294        0x4 /home/ek-181/MOAISERI/riot-examples/03threads/bin/stm32f0discovery/core.a(sched.o)
                0x0000000020000294                sched_active_thread
 .bss.sched_context_switch_request
                0x0000000020000298        0x4 /home/ek-181/MOAISERI/riot-examples/03threads/bin/stm32f0discovery/core.a(sched.o)
                0x0000000020000298                sched_context_switch_request
 .bss.sched_num_threads
                0x000000002000029c        0x4 /home/ek-181/MOAISERI/riot-examples/03threads/bin/stm32f0discovery/core.a(sched.o)
                0x000000002000029c                sched_num_threads
 .bss.sched_runqueues
                0x00000000200002a0       0x40 /home/ek-181/MOAISERI/riot-examples/03threads/bin/stm32f0discovery/core.a(sched.o)
                0x00000000200002a0                sched_runqueues
 .bss.sched_threads
                0x00000000200002e0       0x84 /home/ek-181/MOAISERI/riot-examples/03threads/bin/stm32f0discovery/core.a(sched.o)
                0x00000000200002e0                sched_threads
 .bss._rx_buf_mem
                0x0000000020000364       0x40 /home/ek-181/MOAISERI/riot-examples/03threads/bin/stm32f0discovery/stdio_uart.a(stdio_uart.o)
 .bss.lpm_gpio_moder
                0x00000000200003a4       0x20 /home/ek-181/MOAISERI/riot-examples/03threads/bin/stm32f0discovery/stm32_common_periph.a(pm.o)
 .bss.lpm_gpio_otyper
                0x00000000200003c4       0x10 /home/ek-181/MOAISERI/riot-examples/03threads/bin/stm32f0discovery/stm32_common_periph.a(pm.o)
 .bss.lpm_gpio_pupdr
                0x00000000200003d4       0x20 /home/ek-181/MOAISERI/riot-examples/03threads/bin/stm32f0discovery/stm32_common_periph.a(pm.o)
 .bss.lpm_usart
                0x00000000200003f4        0x2 /home/ek-181/MOAISERI/riot-examples/03threads/bin/stm32f0discovery/stm32_common_periph.a(pm.o)
 .bss.powermode
                0x00000000200003f6        0x1 /home/ek-181/MOAISERI/riot-examples/03threads/bin/stm32f0discovery/stm32_common_periph.a(pm.o)
 *fill*         0x00000000200003f7        0x1 
 .bss.isr_ctx   0x00000000200003f8       0x18 /home/ek-181/MOAISERI/riot-examples/03threads/bin/stm32f0discovery/stm32_common_periph.a(uart.o)
 .bss._in_handler
                0x0000000020000410        0x4 /home/ek-181/MOAISERI/riot-examples/03threads/bin/stm32f0discovery/xtimer.a(xtimer_core.o)
 .bss._long_cnt
                0x0000000020000414        0x4 /home/ek-181/MOAISERI/riot-examples/03threads/bin/stm32f0discovery/xtimer.a(xtimer_core.o)
 .bss.long_list_head
                0x0000000020000418        0x4 /home/ek-181/MOAISERI/riot-examples/03threads/bin/stm32f0discovery/xtimer.a(xtimer_core.o)
 .bss.overflow_list_head
                0x000000002000041c        0x4 /home/ek-181/MOAISERI/riot-examples/03threads/bin/stm32f0discovery/xtimer.a(xtimer_core.o)
 .bss.timer_list_head
                0x0000000020000420        0x4 /home/ek-181/MOAISERI/riot-examples/03threads/bin/stm32f0discovery/xtimer.a(xtimer_core.o)
 .bss.crashed   0x0000000020000424        0x4 /home/ek-181/MOAISERI/riot-examples/03threads/bin/stm32f0discovery/core.a(panic.o)
 .bss.idle_stack
                0x0000000020000428      0x100 /home/ek-181/MOAISERI/riot-examples/03threads/bin/stm32f0discovery/core.a(kernel_init.o)
 .bss.main_stack
                0x0000000020000528      0xc00 /home/ek-181/MOAISERI/riot-examples/03threads/bin/stm32f0discovery/core.a(kernel_init.o)
 .bss.cpu_status
                0x0000000020001128       0x28 /home/ek-181/MOAISERI/riot-examples/03threads/bin/stm32f0discovery/stm32_common.a(stm_status.o)
                0x0000000020001128                cpu_status
 .bss.isr_ctx   0x0000000020001150        0x8 /home/ek-181/MOAISERI/riot-examples/03threads/bin/stm32f0discovery/stm32_common_periph.a(timer.o)
 .bss.stack_one
                0x0000000020001158      0x400 /home/ek-181/MOAISERI/riot-examples/03threads/bin/stm32f0discovery/application_threads.a(main.o)
                0x0000000020001158                stack_one
 .bss.stack_two
                0x0000000020001558      0x400 /home/ek-181/MOAISERI/riot-examples/03threads/bin/stm32f0discovery/application_threads.a(main.o)
                0x0000000020001558                stack_two
 .bss.__malloc_free_list
                0x0000000020001958        0x4 /usr/bin/../lib/gcc/arm-none-eabi/7.3.1/../../../../arm-none-eabi/lib/thumb/v6-m/libc_nano.a(lib_a-nano-mallocr.o)
                0x0000000020001958                __malloc_free_list
 .bss.__malloc_sbrk_start
                0x000000002000195c        0x4 /usr/bin/../lib/gcc/arm-none-eabi/7.3.1/../../../../arm-none-eabi/lib/thumb/v6-m/libc_nano.a(lib_a-nano-mallocr.o)
                0x000000002000195c                __malloc_sbrk_start
 *(COMMON)
                0x0000000020001960                . = ALIGN (0x4)
                0x0000000020001960                _ebss = .
                0x0000000020001960                _ezero = .
                0x0000000020001960                . = ALIGN (0x4)
                0x0000000020001960                _sheap = .
                0x0000000020002000                _eheap = (ORIGIN (ram) + LENGTH (ram))
                0x0000000020000000                _sram = ORIGIN (ram)
                0x0000000020002000                _eram = (ORIGIN (ram) + LENGTH (ram))
OUTPUT(/home/ek-181/MOAISERI/riot-examples/03threads/bin/stm32f0discovery/threads.elf elf32-littlearm)

.debug_info     0x0000000000000000    0x237e3
 .debug_info    0x0000000000000000       0xd7 /home/ek-181/MOAISERI/riot-examples/03threads/bin/stm32f0discovery/cpu/vectors.o
 .debug_info    0x00000000000000d7     0x1c09 /home/ek-181/MOAISERI/riot-examples/03threads/bin/stm32f0discovery/newlib_syscalls_default/syscalls.o
 .debug_info    0x0000000000001ce0      0xebc /home/ek-181/MOAISERI/riot-examples/03threads/bin/stm32f0discovery/core.a(sched.o)
 .debug_info    0x0000000000002b9c      0x936 /home/ek-181/MOAISERI/riot-examples/03threads/bin/stm32f0discovery/core.a(bitarithm.o)
 .debug_info    0x00000000000034d2     0x1004 /home/ek-181/MOAISERI/riot-examples/03threads/bin/stm32f0discovery/cortexm_common.a(thread_arch.o)
 .debug_info    0x00000000000044d6     0x119f /home/ek-181/MOAISERI/riot-examples/03threads/bin/stm32f0discovery/cortexm_common.a(vectors_cortexm.o)
 .debug_info    0x0000000000005675      0xdee /home/ek-181/MOAISERI/riot-examples/03threads/bin/stm32f0discovery/cortexm_common.a(irq_arch.o)
 .debug_info    0x0000000000006463     0x1425 /home/ek-181/MOAISERI/riot-examples/03threads/bin/stm32f0discovery/stdio_uart.a(stdio_uart.o)
 .debug_info    0x0000000000007888     0x18f0 /home/ek-181/MOAISERI/riot-examples/03threads/bin/stm32f0discovery/stm32_common_periph.a(pm.o)
 .debug_info    0x0000000000009178     0x1bea /home/ek-181/MOAISERI/riot-examples/03threads/bin/stm32f0discovery/stm32_common_periph.a(uart.o)
 .debug_info    0x000000000000ad62     0x19c9 /home/ek-181/MOAISERI/riot-examples/03threads/bin/stm32f0discovery/stm32_common_periph.a(gpio.o)
 .debug_info    0x000000000000c72b     0x1f95 /home/ek-181/MOAISERI/riot-examples/03threads/bin/stm32f0discovery/xtimer.a(xtimer_core.o)
 .debug_info    0x000000000000e6c0     0x12ac /home/ek-181/MOAISERI/riot-examples/03threads/bin/stm32f0discovery/board.a(board.o)
 .debug_info    0x000000000000f96c      0xe22 /home/ek-181/MOAISERI/riot-examples/03threads/bin/stm32f0discovery/core.a(panic.o)
 .debug_info    0x000000000001078e      0xea4 /home/ek-181/MOAISERI/riot-examples/03threads/bin/stm32f0discovery/core.a(kernel_init.o)
 .debug_info    0x0000000000011632     0x11f6 /home/ek-181/MOAISERI/riot-examples/03threads/bin/stm32f0discovery/core.a(thread.o)
 .debug_info    0x0000000000012828     0x1191 /home/ek-181/MOAISERI/riot-examples/03threads/bin/stm32f0discovery/cortexm_common.a(cortexm_init.o)
 .debug_info    0x00000000000139b9     0x1853 /home/ek-181/MOAISERI/riot-examples/03threads/bin/stm32f0discovery/isrpipe.a(isrpipe.o)
 .debug_info    0x000000000001520c      0xe3c /home/ek-181/MOAISERI/riot-examples/03threads/bin/stm32f0discovery/pm_layered.a(pm.o)
 .debug_info    0x0000000000016048     0x13a3 /home/ek-181/MOAISERI/riot-examples/03threads/bin/stm32f0discovery/stm32_common.a(stmclk.o)
 .debug_info    0x00000000000173eb     0x1335 /home/ek-181/MOAISERI/riot-examples/03threads/bin/stm32f0discovery/stm32_common.a(stmclk_common.o)
 .debug_info    0x0000000000018720     0x1394 /home/ek-181/MOAISERI/riot-examples/03threads/bin/stm32f0discovery/stm32_common.a(stm_status.o)
 .debug_info    0x0000000000019ab4     0x14b4 /home/ek-181/MOAISERI/riot-examples/03threads/bin/stm32f0discovery/stm32_common.a(cpu_init.o)
 .debug_info    0x000000000001af68     0x147b /home/ek-181/MOAISERI/riot-examples/03threads/bin/stm32f0discovery/stm32_common.a(cpu_common.o)
 .debug_info    0x000000000001c3e3     0x19a8 /home/ek-181/MOAISERI/riot-examples/03threads/bin/stm32f0discovery/stm32_common_periph.a(timer.o)
 .debug_info    0x000000000001dd8b      0x39e /home/ek-181/MOAISERI/riot-examples/03threads/bin/stm32f0discovery/tsrb.a(tsrb.o)
 .debug_info    0x000000000001e129       0x3b /home/ek-181/MOAISERI/riot-examples/03threads/bin/stm32f0discovery/periph_common.a(init.o)
 .debug_info    0x000000000001e164     0x15c7 /home/ek-181/MOAISERI/riot-examples/03threads/bin/stm32f0discovery/application_threads.a(main.o)
 .debug_info    0x000000000001f72b     0x121d /home/ek-181/MOAISERI/riot-examples/03threads/bin/stm32f0discovery/auto_init.a(auto_init.o)
 .debug_info    0x0000000000020948      0xf02 /home/ek-181/MOAISERI/riot-examples/03threads/bin/stm32f0discovery/core.a(mutex.o)
 .debug_info    0x000000000002184a     0x1f99 /home/ek-181/MOAISERI/riot-examples/03threads/bin/stm32f0discovery/xtimer.a(xtimer.o)

.debug_abbrev   0x0000000000000000     0x54eb
 .debug_abbrev  0x0000000000000000       0xaa /home/ek-181/MOAISERI/riot-examples/03threads/bin/stm32f0discovery/cpu/vectors.o
 .debug_abbrev  0x00000000000000aa      0x431 /home/ek-181/MOAISERI/riot-examples/03threads/bin/stm32f0discovery/newlib_syscalls_default/syscalls.o
 .debug_abbrev  0x00000000000004db      0x33a /home/ek-181/MOAISERI/riot-examples/03threads/bin/stm32f0discovery/core.a(sched.o)
 .debug_abbrev  0x0000000000000815      0x1bf /home/ek-181/MOAISERI/riot-examples/03threads/bin/stm32f0discovery/core.a(bitarithm.o)
 .debug_abbrev  0x00000000000009d4      0x317 /home/ek-181/MOAISERI/riot-examples/03threads/bin/stm32f0discovery/cortexm_common.a(thread_arch.o)
 .debug_abbrev  0x0000000000000ceb      0x350 /home/ek-181/MOAISERI/riot-examples/03threads/bin/stm32f0discovery/cortexm_common.a(vectors_cortexm.o)
 .debug_abbrev  0x000000000000103b      0x289 /home/ek-181/MOAISERI/riot-examples/03threads/bin/stm32f0discovery/cortexm_common.a(irq_arch.o)
 .debug_abbrev  0x00000000000012c4      0x24c /home/ek-181/MOAISERI/riot-examples/03threads/bin/stm32f0discovery/stdio_uart.a(stdio_uart.o)
 .debug_abbrev  0x0000000000001510      0x3bc /home/ek-181/MOAISERI/riot-examples/03threads/bin/stm32f0discovery/stm32_common_periph.a(pm.o)
 .debug_abbrev  0x00000000000018cc      0x426 /home/ek-181/MOAISERI/riot-examples/03threads/bin/stm32f0discovery/stm32_common_periph.a(uart.o)
 .debug_abbrev  0x0000000000001cf2      0x35e /home/ek-181/MOAISERI/riot-examples/03threads/bin/stm32f0discovery/stm32_common_periph.a(gpio.o)
 .debug_abbrev  0x0000000000002050      0x51d /home/ek-181/MOAISERI/riot-examples/03threads/bin/stm32f0discovery/xtimer.a(xtimer_core.o)
 .debug_abbrev  0x000000000000256d      0x1fa /home/ek-181/MOAISERI/riot-examples/03threads/bin/stm32f0discovery/board.a(board.o)
 .debug_abbrev  0x0000000000002767      0x270 /home/ek-181/MOAISERI/riot-examples/03threads/bin/stm32f0discovery/core.a(panic.o)
 .debug_abbrev  0x00000000000029d7      0x241 /home/ek-181/MOAISERI/riot-examples/03threads/bin/stm32f0discovery/core.a(kernel_init.o)
 .debug_abbrev  0x0000000000002c18      0x351 /home/ek-181/MOAISERI/riot-examples/03threads/bin/stm32f0discovery/core.a(thread.o)
 .debug_abbrev  0x0000000000002f69      0x311 /home/ek-181/MOAISERI/riot-examples/03threads/bin/stm32f0discovery/cortexm_common.a(cortexm_init.o)
 .debug_abbrev  0x000000000000327a      0x338 /home/ek-181/MOAISERI/riot-examples/03threads/bin/stm32f0discovery/isrpipe.a(isrpipe.o)
 .debug_abbrev  0x00000000000035b2      0x232 /home/ek-181/MOAISERI/riot-examples/03threads/bin/stm32f0discovery/pm_layered.a(pm.o)
 .debug_abbrev  0x00000000000037e4      0x207 /home/ek-181/MOAISERI/riot-examples/03threads/bin/stm32f0discovery/stm32_common.a(stmclk.o)
 .debug_abbrev  0x00000000000039eb      0x1c3 /home/ek-181/MOAISERI/riot-examples/03threads/bin/stm32f0discovery/stm32_common.a(stmclk_common.o)
 .debug_abbrev  0x0000000000003bae      0x270 /home/ek-181/MOAISERI/riot-examples/03threads/bin/stm32f0discovery/stm32_common.a(stm_status.o)
 .debug_abbrev  0x0000000000003e1e      0x286 /home/ek-181/MOAISERI/riot-examples/03threads/bin/stm32f0discovery/stm32_common.a(cpu_init.o)
 .debug_abbrev  0x00000000000040a4      0x2d5 /home/ek-181/MOAISERI/riot-examples/03threads/bin/stm32f0discovery/stm32_common.a(cpu_common.o)
 .debug_abbrev  0x0000000000004379      0x3ec /home/ek-181/MOAISERI/riot-examples/03threads/bin/stm32f0discovery/stm32_common_periph.a(timer.o)
 .debug_abbrev  0x0000000000004765      0x193 /home/ek-181/MOAISERI/riot-examples/03threads/bin/stm32f0discovery/tsrb.a(tsrb.o)
 .debug_abbrev  0x00000000000048f8       0x2f /home/ek-181/MOAISERI/riot-examples/03threads/bin/stm32f0discovery/periph_common.a(init.o)
 .debug_abbrev  0x0000000000004927      0x2df /home/ek-181/MOAISERI/riot-examples/03threads/bin/stm32f0discovery/application_threads.a(main.o)
 .debug_abbrev  0x0000000000004c06      0x1ec /home/ek-181/MOAISERI/riot-examples/03threads/bin/stm32f0discovery/auto_init.a(auto_init.o)
 .debug_abbrev  0x0000000000004df2      0x2c8 /home/ek-181/MOAISERI/riot-examples/03threads/bin/stm32f0discovery/core.a(mutex.o)
 .debug_abbrev  0x00000000000050ba      0x431 /home/ek-181/MOAISERI/riot-examples/03threads/bin/stm32f0discovery/xtimer.a(xtimer.o)

.debug_aranges  0x0000000000000000      0x820
 .debug_aranges
                0x0000000000000000       0x20 /home/ek-181/MOAISERI/riot-examples/03threads/bin/stm32f0discovery/cpu/vectors.o
 .debug_aranges
                0x0000000000000020       0xb8 /home/ek-181/MOAISERI/riot-examples/03threads/bin/stm32f0discovery/newlib_syscalls_default/syscalls.o
 .debug_aranges
                0x00000000000000d8       0x38 /home/ek-181/MOAISERI/riot-examples/03threads/bin/stm32f0discovery/core.a(sched.o)
 .debug_aranges
                0x0000000000000110       0x28 /home/ek-181/MOAISERI/riot-examples/03threads/bin/stm32f0discovery/core.a(bitarithm.o)
 .debug_aranges
                0x0000000000000138       0x60 /home/ek-181/MOAISERI/riot-examples/03threads/bin/stm32f0discovery/cortexm_common.a(thread_arch.o)
 .debug_aranges
                0x0000000000000198       0x48 /home/ek-181/MOAISERI/riot-examples/03threads/bin/stm32f0discovery/cortexm_common.a(vectors_cortexm.o)
 .debug_aranges
                0x00000000000001e0       0x38 /home/ek-181/MOAISERI/riot-examples/03threads/bin/stm32f0discovery/cortexm_common.a(irq_arch.o)
 .debug_aranges
                0x0000000000000218       0x30 /home/ek-181/MOAISERI/riot-examples/03threads/bin/stm32f0discovery/stdio_uart.a(stdio_uart.o)
 .debug_aranges
                0x0000000000000248       0x38 /home/ek-181/MOAISERI/riot-examples/03threads/bin/stm32f0discovery/stm32_common_periph.a(pm.o)
 .debug_aranges
                0x0000000000000280       0x60 /home/ek-181/MOAISERI/riot-examples/03threads/bin/stm32f0discovery/stm32_common_periph.a(uart.o)
 .debug_aranges
                0x00000000000002e0       0x70 /home/ek-181/MOAISERI/riot-examples/03threads/bin/stm32f0discovery/stm32_common_periph.a(gpio.o)
 .debug_aranges
                0x0000000000000350       0x78 /home/ek-181/MOAISERI/riot-examples/03threads/bin/stm32f0discovery/xtimer.a(xtimer_core.o)
 .debug_aranges
                0x00000000000003c8       0x20 /home/ek-181/MOAISERI/riot-examples/03threads/bin/stm32f0discovery/board.a(board.o)
 .debug_aranges
                0x00000000000003e8       0x28 /home/ek-181/MOAISERI/riot-examples/03threads/bin/stm32f0discovery/core.a(panic.o)
 .debug_aranges
                0x0000000000000410       0x30 /home/ek-181/MOAISERI/riot-examples/03threads/bin/stm32f0discovery/core.a(kernel_init.o)
 .debug_aranges
                0x0000000000000440       0x60 /home/ek-181/MOAISERI/riot-examples/03threads/bin/stm32f0discovery/core.a(thread.o)
 .debug_aranges
                0x00000000000004a0       0x38 /home/ek-181/MOAISERI/riot-examples/03threads/bin/stm32f0discovery/cortexm_common.a(cortexm_init.o)
 .debug_aranges
                0x00000000000004d8       0x48 /home/ek-181/MOAISERI/riot-examples/03threads/bin/stm32f0discovery/isrpipe.a(isrpipe.o)
 .debug_aranges
                0x0000000000000520       0x30 /home/ek-181/MOAISERI/riot-examples/03threads/bin/stm32f0discovery/pm_layered.a(pm.o)
 .debug_aranges
                0x0000000000000550       0x20 /home/ek-181/MOAISERI/riot-examples/03threads/bin/stm32f0discovery/stm32_common.a(stmclk.o)
 .debug_aranges
                0x0000000000000570       0x48 /home/ek-181/MOAISERI/riot-examples/03threads/bin/stm32f0discovery/stm32_common.a(stmclk_common.o)
 .debug_aranges
                0x00000000000005b8       0x20 /home/ek-181/MOAISERI/riot-examples/03threads/bin/stm32f0discovery/stm32_common.a(stm_status.o)
 .debug_aranges
                0x00000000000005d8       0x20 /home/ek-181/MOAISERI/riot-examples/03threads/bin/stm32f0discovery/stm32_common.a(cpu_init.o)
 .debug_aranges
                0x00000000000005f8       0x40 /home/ek-181/MOAISERI/riot-examples/03threads/bin/stm32f0discovery/stm32_common.a(cpu_common.o)
 .debug_aranges
                0x0000000000000638       0x70 /home/ek-181/MOAISERI/riot-examples/03threads/bin/stm32f0discovery/stm32_common_periph.a(timer.o)
 .debug_aranges
                0x00000000000006a8       0x48 /home/ek-181/MOAISERI/riot-examples/03threads/bin/stm32f0discovery/tsrb.a(tsrb.o)
 .debug_aranges
                0x00000000000006f0       0x20 /home/ek-181/MOAISERI/riot-examples/03threads/bin/stm32f0discovery/periph_common.a(init.o)
 .debug_aranges
                0x0000000000000710       0x30 /home/ek-181/MOAISERI/riot-examples/03threads/bin/stm32f0discovery/application_threads.a(main.o)
 .debug_aranges
                0x0000000000000740       0x20 /home/ek-181/MOAISERI/riot-examples/03threads/bin/stm32f0discovery/auto_init.a(auto_init.o)
 .debug_aranges
                0x0000000000000760       0x30 /home/ek-181/MOAISERI/riot-examples/03threads/bin/stm32f0discovery/core.a(mutex.o)
 .debug_aranges
                0x0000000000000790       0x90 /home/ek-181/MOAISERI/riot-examples/03threads/bin/stm32f0discovery/xtimer.a(xtimer.o)

.debug_ranges   0x0000000000000000      0xe90
 .debug_ranges  0x0000000000000000       0x10 /home/ek-181/MOAISERI/riot-examples/03threads/bin/stm32f0discovery/cpu/vectors.o
 .debug_ranges  0x0000000000000010       0xe8 /home/ek-181/MOAISERI/riot-examples/03threads/bin/stm32f0discovery/newlib_syscalls_default/syscalls.o
 .debug_ranges  0x00000000000000f8       0x90 /home/ek-181/MOAISERI/riot-examples/03threads/bin/stm32f0discovery/core.a(sched.o)
 .debug_ranges  0x0000000000000188       0x18 /home/ek-181/MOAISERI/riot-examples/03threads/bin/stm32f0discovery/core.a(bitarithm.o)
 .debug_ranges  0x00000000000001a0       0x68 /home/ek-181/MOAISERI/riot-examples/03threads/bin/stm32f0discovery/cortexm_common.a(thread_arch.o)
 .debug_ranges  0x0000000000000208       0x38 /home/ek-181/MOAISERI/riot-examples/03threads/bin/stm32f0discovery/cortexm_common.a(vectors_cortexm.o)
 .debug_ranges  0x0000000000000240       0x28 /home/ek-181/MOAISERI/riot-examples/03threads/bin/stm32f0discovery/cortexm_common.a(irq_arch.o)
 .debug_ranges  0x0000000000000268       0x20 /home/ek-181/MOAISERI/riot-examples/03threads/bin/stm32f0discovery/stdio_uart.a(stdio_uart.o)
 .debug_ranges  0x0000000000000288       0x60 /home/ek-181/MOAISERI/riot-examples/03threads/bin/stm32f0discovery/stm32_common_periph.a(pm.o)
 .debug_ranges  0x00000000000002e8      0x110 /home/ek-181/MOAISERI/riot-examples/03threads/bin/stm32f0discovery/stm32_common_periph.a(uart.o)
 .debug_ranges  0x00000000000003f8      0x128 /home/ek-181/MOAISERI/riot-examples/03threads/bin/stm32f0discovery/stm32_common_periph.a(gpio.o)
 .debug_ranges  0x0000000000000520      0x210 /home/ek-181/MOAISERI/riot-examples/03threads/bin/stm32f0discovery/xtimer.a(xtimer_core.o)
 .debug_ranges  0x0000000000000730       0x10 /home/ek-181/MOAISERI/riot-examples/03threads/bin/stm32f0discovery/board.a(board.o)
 .debug_ranges  0x0000000000000740       0x18 /home/ek-181/MOAISERI/riot-examples/03threads/bin/stm32f0discovery/core.a(panic.o)
 .debug_ranges  0x0000000000000758       0x20 /home/ek-181/MOAISERI/riot-examples/03threads/bin/stm32f0discovery/core.a(kernel_init.o)
 .debug_ranges  0x0000000000000778       0x98 /home/ek-181/MOAISERI/riot-examples/03threads/bin/stm32f0discovery/core.a(thread.o)
 .debug_ranges  0x0000000000000810       0xb0 /home/ek-181/MOAISERI/riot-examples/03threads/bin/stm32f0discovery/cortexm_common.a(cortexm_init.o)
 .debug_ranges  0x00000000000008c0       0x68 /home/ek-181/MOAISERI/riot-examples/03threads/bin/stm32f0discovery/isrpipe.a(isrpipe.o)
 .debug_ranges  0x0000000000000928       0x20 /home/ek-181/MOAISERI/riot-examples/03threads/bin/stm32f0discovery/pm_layered.a(pm.o)
 .debug_ranges  0x0000000000000948       0x10 /home/ek-181/MOAISERI/riot-examples/03threads/bin/stm32f0discovery/stm32_common.a(stmclk.o)
 .debug_ranges  0x0000000000000958       0x38 /home/ek-181/MOAISERI/riot-examples/03threads/bin/stm32f0discovery/stm32_common.a(stmclk_common.o)
 .debug_ranges  0x0000000000000990       0xa8 /home/ek-181/MOAISERI/riot-examples/03threads/bin/stm32f0discovery/stm32_common.a(stm_status.o)
 .debug_ranges  0x0000000000000a38       0x38 /home/ek-181/MOAISERI/riot-examples/03threads/bin/stm32f0discovery/stm32_common.a(cpu_init.o)
 .debug_ranges  0x0000000000000a70       0x30 /home/ek-181/MOAISERI/riot-examples/03threads/bin/stm32f0discovery/stm32_common.a(cpu_common.o)
 .debug_ranges  0x0000000000000aa0       0xf8 /home/ek-181/MOAISERI/riot-examples/03threads/bin/stm32f0discovery/stm32_common_periph.a(timer.o)
 .debug_ranges  0x0000000000000b98       0x88 /home/ek-181/MOAISERI/riot-examples/03threads/bin/stm32f0discovery/tsrb.a(tsrb.o)
 .debug_ranges  0x0000000000000c20       0x10 /home/ek-181/MOAISERI/riot-examples/03threads/bin/stm32f0discovery/periph_common.a(init.o)
 .debug_ranges  0x0000000000000c30       0x20 /home/ek-181/MOAISERI/riot-examples/03threads/bin/stm32f0discovery/application_threads.a(main.o)
 .debug_ranges  0x0000000000000c50       0x10 /home/ek-181/MOAISERI/riot-examples/03threads/bin/stm32f0discovery/auto_init.a(auto_init.o)
 .debug_ranges  0x0000000000000c60       0x80 /home/ek-181/MOAISERI/riot-examples/03threads/bin/stm32f0discovery/core.a(mutex.o)
 .debug_ranges  0x0000000000000ce0      0x1b0 /home/ek-181/MOAISERI/riot-examples/03threads/bin/stm32f0discovery/xtimer.a(xtimer.o)

.debug_macro    0x0000000000000000    0x2124f
 .debug_macro   0x0000000000000000       0xe0 /home/ek-181/MOAISERI/riot-examples/03threads/bin/stm32f0discovery/cpu/vectors.o
 .debug_macro   0x00000000000000e0      0xa3c /home/ek-181/MOAISERI/riot-examples/03threads/bin/stm32f0discovery/cpu/vectors.o
 .debug_macro   0x0000000000000b1c       0xfa /home/ek-181/MOAISERI/riot-examples/03threads/bin/stm32f0discovery/cpu/vectors.o
 .debug_macro   0x0000000000000c16       0x2e /home/ek-181/MOAISERI/riot-examples/03threads/bin/stm32f0discovery/cpu/vectors.o
 .debug_macro   0x0000000000000c44       0x2e /home/ek-181/MOAISERI/riot-examples/03threads/bin/stm32f0discovery/cpu/vectors.o
 .debug_macro   0x0000000000000c72       0x22 /home/ek-181/MOAISERI/riot-examples/03threads/bin/stm32f0discovery/cpu/vectors.o
 .debug_macro   0x0000000000000c94       0x22 /home/ek-181/MOAISERI/riot-examples/03threads/bin/stm32f0discovery/cpu/vectors.o
 .debug_macro   0x0000000000000cb6       0x56 /home/ek-181/MOAISERI/riot-examples/03threads/bin/stm32f0discovery/cpu/vectors.o
 .debug_macro   0x0000000000000d0c       0x51 /home/ek-181/MOAISERI/riot-examples/03threads/bin/stm32f0discovery/cpu/vectors.o
 .debug_macro   0x0000000000000d5d       0xef /home/ek-181/MOAISERI/riot-examples/03threads/bin/stm32f0discovery/cpu/vectors.o
 .debug_macro   0x0000000000000e4c       0x6a /home/ek-181/MOAISERI/riot-examples/03threads/bin/stm32f0discovery/cpu/vectors.o
 .debug_macro   0x0000000000000eb6      0x1df /home/ek-181/MOAISERI/riot-examples/03threads/bin/stm32f0discovery/cpu/vectors.o
 .debug_macro   0x0000000000001095       0x1c /home/ek-181/MOAISERI/riot-examples/03threads/bin/stm32f0discovery/cpu/vectors.o
 .debug_macro   0x00000000000010b1       0x22 /home/ek-181/MOAISERI/riot-examples/03threads/bin/stm32f0discovery/cpu/vectors.o
 .debug_macro   0x00000000000010d3       0xb5 /home/ek-181/MOAISERI/riot-examples/03threads/bin/stm32f0discovery/cpu/vectors.o
 .debug_macro   0x0000000000001188      0x391 /home/ek-181/MOAISERI/riot-examples/03threads/bin/stm32f0discovery/cpu/vectors.o
 .debug_macro   0x0000000000001519     0x3dc2 /home/ek-181/MOAISERI/riot-examples/03threads/bin/stm32f0discovery/cpu/vectors.o
 .debug_macro   0x00000000000052db       0x35 /home/ek-181/MOAISERI/riot-examples/03threads/bin/stm32f0discovery/cpu/vectors.o
 .debug_macro   0x0000000000005310       0x4c /home/ek-181/MOAISERI/riot-examples/03threads/bin/stm32f0discovery/cpu/vectors.o
 .debug_macro   0x000000000000535c       0x16 /home/ek-181/MOAISERI/riot-examples/03threads/bin/stm32f0discovery/cpu/vectors.o
 .debug_macro   0x0000000000005372      0x49a /home/ek-181/MOAISERI/riot-examples/03threads/bin/stm32f0discovery/newlib_syscalls_default/syscalls.o
 .debug_macro   0x000000000000580c      0xa3c /home/ek-181/MOAISERI/riot-examples/03threads/bin/stm32f0discovery/newlib_syscalls_default/syscalls.o
 .debug_macro   0x0000000000006248       0x40 /home/ek-181/MOAISERI/riot-examples/03threads/bin/stm32f0discovery/newlib_syscalls_default/syscalls.o
 .debug_macro   0x0000000000006288       0x18 /home/ek-181/MOAISERI/riot-examples/03threads/bin/stm32f0discovery/newlib_syscalls_default/syscalls.o
 .debug_macro   0x00000000000062a0       0x5c /home/ek-181/MOAISERI/riot-examples/03threads/bin/stm32f0discovery/newlib_syscalls_default/syscalls.o
 .debug_macro   0x00000000000062fc       0x3c /home/ek-181/MOAISERI/riot-examples/03threads/bin/stm32f0discovery/newlib_syscalls_default/syscalls.o
 .debug_macro   0x0000000000006338       0x34 /home/ek-181/MOAISERI/riot-examples/03threads/bin/stm32f0discovery/newlib_syscalls_default/syscalls.o
 .debug_macro   0x000000000000636c       0x10 /home/ek-181/MOAISERI/riot-examples/03threads/bin/stm32f0discovery/newlib_syscalls_default/syscalls.o
 .debug_macro   0x000000000000637c       0x57 /home/ek-181/MOAISERI/riot-examples/03threads/bin/stm32f0discovery/newlib_syscalls_default/syscalls.o
 .debug_macro   0x00000000000063d3       0xcf /home/ek-181/MOAISERI/riot-examples/03threads/bin/stm32f0discovery/newlib_syscalls_default/syscalls.o
 .debug_macro   0x00000000000064a2      0x353 /home/ek-181/MOAISERI/riot-examples/03threads/bin/stm32f0discovery/newlib_syscalls_default/syscalls.o
 .debug_macro   0x00000000000067f5       0x10 /home/ek-181/MOAISERI/riot-examples/03threads/bin/stm32f0discovery/newlib_syscalls_default/syscalls.o
 .debug_macro   0x0000000000006805       0xb7 /home/ek-181/MOAISERI/riot-examples/03threads/bin/stm32f0discovery/newlib_syscalls_default/syscalls.o
 .debug_macro   0x00000000000068bc       0x52 /home/ek-181/MOAISERI/riot-examples/03threads/bin/stm32f0discovery/newlib_syscalls_default/syscalls.o
 .debug_macro   0x000000000000690e       0x1f /home/ek-181/MOAISERI/riot-examples/03threads/bin/stm32f0discovery/newlib_syscalls_default/syscalls.o
 .debug_macro   0x000000000000692d       0x43 /home/ek-181/MOAISERI/riot-examples/03threads/bin/stm32f0discovery/newlib_syscalls_default/syscalls.o
 .debug_macro   0x0000000000006970       0x20 /home/ek-181/MOAISERI/riot-examples/03threads/bin/stm32f0discovery/newlib_syscalls_default/syscalls.o
 .debug_macro   0x0000000000006990       0xb6 /home/ek-181/MOAISERI/riot-examples/03threads/bin/stm32f0discovery/newlib_syscalls_default/syscalls.o
 .debug_macro   0x0000000000006a46      0x4fe /home/ek-181/MOAISERI/riot-examples/03threads/bin/stm32f0discovery/newlib_syscalls_default/syscalls.o
 .debug_macro   0x0000000000006f44      0x1a3 /home/ek-181/MOAISERI/riot-examples/03threads/bin/stm32f0discovery/newlib_syscalls_default/syscalls.o
 .debug_macro   0x00000000000070e7       0x10 /home/ek-181/MOAISERI/riot-examples/03threads/bin/stm32f0discovery/newlib_syscalls_default/syscalls.o
 .debug_macro   0x00000000000070f7       0x35 /home/ek-181/MOAISERI/riot-examples/03threads/bin/stm32f0discovery/newlib_syscalls_default/syscalls.o
 .debug_macro   0x000000000000712c       0x10 /home/ek-181/MOAISERI/riot-examples/03threads/bin/stm32f0discovery/newlib_syscalls_default/syscalls.o
 .debug_macro   0x000000000000713c      0x241 /home/ek-181/MOAISERI/riot-examples/03threads/bin/stm32f0discovery/newlib_syscalls_default/syscalls.o
 .debug_macro   0x000000000000737d       0x16 /home/ek-181/MOAISERI/riot-examples/03threads/bin/stm32f0discovery/newlib_syscalls_default/syscalls.o
 .debug_macro   0x0000000000007393       0x10 /home/ek-181/MOAISERI/riot-examples/03threads/bin/stm32f0discovery/newlib_syscalls_default/syscalls.o
 .debug_macro   0x00000000000073a3       0x16 /home/ek-181/MOAISERI/riot-examples/03threads/bin/stm32f0discovery/newlib_syscalls_default/syscalls.o
 .debug_macro   0x00000000000073b9       0xff /home/ek-181/MOAISERI/riot-examples/03threads/bin/stm32f0discovery/newlib_syscalls_default/syscalls.o
 .debug_macro   0x00000000000074b8       0x16 /home/ek-181/MOAISERI/riot-examples/03threads/bin/stm32f0discovery/newlib_syscalls_default/syscalls.o
 .debug_macro   0x00000000000074ce       0x22 /home/ek-181/MOAISERI/riot-examples/03threads/bin/stm32f0discovery/newlib_syscalls_default/syscalls.o
 .debug_macro   0x00000000000074f0       0x16 /home/ek-181/MOAISERI/riot-examples/03threads/bin/stm32f0discovery/newlib_syscalls_default/syscalls.o
 .debug_macro   0x0000000000007506       0x16 /home/ek-181/MOAISERI/riot-examples/03threads/bin/stm32f0discovery/newlib_syscalls_default/syscalls.o
 .debug_macro   0x000000000000751c       0x10 /home/ek-181/MOAISERI/riot-examples/03threads/bin/stm32f0discovery/newlib_syscalls_default/syscalls.o
 .debug_macro   0x000000000000752c       0x10 /home/ek-181/MOAISERI/riot-examples/03threads/bin/stm32f0discovery/newlib_syscalls_default/syscalls.o
 .debug_macro   0x000000000000753c       0x2e /home/ek-181/MOAISERI/riot-examples/03threads/bin/stm32f0discovery/newlib_syscalls_default/syscalls.o
 .debug_macro   0x000000000000756a       0xf5 /home/ek-181/MOAISERI/riot-examples/03threads/bin/stm32f0discovery/newlib_syscalls_default/syscalls.o
 .debug_macro   0x000000000000765f       0x22 /home/ek-181/MOAISERI/riot-examples/03threads/bin/stm32f0discovery/newlib_syscalls_default/syscalls.o
 .debug_macro   0x0000000000007681       0x35 /home/ek-181/MOAISERI/riot-examples/03threads/bin/stm32f0discovery/newlib_syscalls_default/syscalls.o
 .debug_macro   0x00000000000076b6       0xaf /home/ek-181/MOAISERI/riot-examples/03threads/bin/stm32f0discovery/newlib_syscalls_default/syscalls.o
 .debug_macro   0x0000000000007765       0xd6 /home/ek-181/MOAISERI/riot-examples/03threads/bin/stm32f0discovery/newlib_syscalls_default/syscalls.o
 .debug_macro   0x000000000000783b       0x10 /home/ek-181/MOAISERI/riot-examples/03threads/bin/stm32f0discovery/newlib_syscalls_default/syscalls.o
 .debug_macro   0x000000000000784b      0x460 /home/ek-181/MOAISERI/riot-examples/03threads/bin/stm32f0discovery/newlib_syscalls_default/syscalls.o
 .debug_macro   0x0000000000007cab       0x2b /home/ek-181/MOAISERI/riot-examples/03threads/bin/stm32f0discovery/newlib_syscalls_default/syscalls.o
 .debug_macro   0x0000000000007cd6       0xee /home/ek-181/MOAISERI/riot-examples/03threads/bin/stm32f0discovery/newlib_syscalls_default/syscalls.o
 .debug_macro   0x0000000000007dc4       0x28 /home/ek-181/MOAISERI/riot-examples/03threads/bin/stm32f0discovery/newlib_syscalls_default/syscalls.o
 .debug_macro   0x0000000000007dec       0x17 /home/ek-181/MOAISERI/riot-examples/03threads/bin/stm32f0discovery/newlib_syscalls_default/syscalls.o
 .debug_macro   0x0000000000007e03       0x10 /home/ek-181/MOAISERI/riot-examples/03threads/bin/stm32f0discovery/newlib_syscalls_default/syscalls.o
 .debug_macro   0x0000000000007e13       0x12 /home/ek-181/MOAISERI/riot-examples/03threads/bin/stm32f0discovery/newlib_syscalls_default/syscalls.o
 .debug_macro   0x0000000000007e25       0x5f /home/ek-181/MOAISERI/riot-examples/03threads/bin/stm32f0discovery/newlib_syscalls_default/syscalls.o
 .debug_macro   0x0000000000007e84       0x17 /home/ek-181/MOAISERI/riot-examples/03threads/bin/stm32f0discovery/newlib_syscalls_default/syscalls.o
 .debug_macro   0x0000000000007e9b       0xbe /home/ek-181/MOAISERI/riot-examples/03threads/bin/stm32f0discovery/newlib_syscalls_default/syscalls.o
 .debug_macro   0x0000000000007f59       0x34 /home/ek-181/MOAISERI/riot-examples/03threads/bin/stm32f0discovery/newlib_syscalls_default/syscalls.o
 .debug_macro   0x0000000000007f8d       0x91 /home/ek-181/MOAISERI/riot-examples/03threads/bin/stm32f0discovery/newlib_syscalls_default/syscalls.o
 .debug_macro   0x000000000000801e       0x1c /home/ek-181/MOAISERI/riot-examples/03threads/bin/stm32f0discovery/newlib_syscalls_default/syscalls.o
 .debug_macro   0x000000000000803a       0x1c /home/ek-181/MOAISERI/riot-examples/03threads/bin/stm32f0discovery/newlib_syscalls_default/syscalls.o
 .debug_macro   0x0000000000008056       0x10 /home/ek-181/MOAISERI/riot-examples/03threads/bin/stm32f0discovery/newlib_syscalls_default/syscalls.o
 .debug_macro   0x0000000000008066       0x43 /home/ek-181/MOAISERI/riot-examples/03threads/bin/stm32f0discovery/newlib_syscalls_default/syscalls.o
 .debug_macro   0x00000000000080a9       0x1c /home/ek-181/MOAISERI/riot-examples/03threads/bin/stm32f0discovery/newlib_syscalls_default/syscalls.o
 .debug_macro   0x00000000000080c5       0x34 /home/ek-181/MOAISERI/riot-examples/03threads/bin/stm32f0discovery/newlib_syscalls_default/syscalls.o
 .debug_macro   0x00000000000080f9       0x16 /home/ek-181/MOAISERI/riot-examples/03threads/bin/stm32f0discovery/newlib_syscalls_default/syscalls.o
 .debug_macro   0x000000000000810f       0x7e /home/ek-181/MOAISERI/riot-examples/03threads/bin/stm32f0discovery/newlib_syscalls_default/syscalls.o
 .debug_macro   0x000000000000818d       0x58 /home/ek-181/MOAISERI/riot-examples/03threads/bin/stm32f0discovery/newlib_syscalls_default/syscalls.o
 .debug_macro   0x00000000000081e5       0x10 /home/ek-181/MOAISERI/riot-examples/03threads/bin/stm32f0discovery/newlib_syscalls_default/syscalls.o
 .debug_macro   0x00000000000081f5       0x10 /home/ek-181/MOAISERI/riot-examples/03threads/bin/stm32f0discovery/newlib_syscalls_default/syscalls.o
 .debug_macro   0x0000000000008205      0x302 /home/ek-181/MOAISERI/riot-examples/03threads/bin/stm32f0discovery/core.a(sched.o)
 .debug_macro   0x0000000000008507      0xa3c /home/ek-181/MOAISERI/riot-examples/03threads/bin/stm32f0discovery/core.a(sched.o)
 .debug_macro   0x0000000000008f43      0x16d /home/ek-181/MOAISERI/riot-examples/03threads/bin/stm32f0discovery/core.a(sched.o)
 .debug_macro   0x00000000000090b0       0x46 /home/ek-181/MOAISERI/riot-examples/03threads/bin/stm32f0discovery/core.a(sched.o)
 .debug_macro   0x00000000000090f6       0x3a /home/ek-181/MOAISERI/riot-examples/03threads/bin/stm32f0discovery/core.a(sched.o)
 .debug_macro   0x0000000000009130      0x34d /home/ek-181/MOAISERI/riot-examples/03threads/bin/stm32f0discovery/core.a(sched.o)
 .debug_macro   0x000000000000947d       0x25 /home/ek-181/MOAISERI/riot-examples/03threads/bin/stm32f0discovery/core.a(sched.o)
 .debug_macro   0x00000000000094a2       0x2e /home/ek-181/MOAISERI/riot-examples/03threads/bin/stm32f0discovery/core.a(sched.o)
 .debug_macro   0x00000000000094d0       0x1c /home/ek-181/MOAISERI/riot-examples/03threads/bin/stm32f0discovery/core.a(sched.o)
 .debug_macro   0x00000000000094ec      0x114 /home/ek-181/MOAISERI/riot-examples/03threads/bin/stm32f0discovery/core.a(sched.o)
 .debug_macro   0x0000000000009600       0x1c /home/ek-181/MOAISERI/riot-examples/03threads/bin/stm32f0discovery/core.a(sched.o)
 .debug_macro   0x000000000000961c      0x1ce /home/ek-181/MOAISERI/riot-examples/03threads/bin/stm32f0discovery/core.a(bitarithm.o)
 .debug_macro   0x00000000000097ea      0xa3c /home/ek-181/MOAISERI/riot-examples/03threads/bin/stm32f0discovery/core.a(bitarithm.o)
 .debug_macro   0x000000000000a226       0x97 /home/ek-181/MOAISERI/riot-examples/03threads/bin/stm32f0discovery/core.a(bitarithm.o)
 .debug_macro   0x000000000000a2bd       0xf6 /home/ek-181/MOAISERI/riot-examples/03threads/bin/stm32f0discovery/core.a(bitarithm.o)
 .debug_macro   0x000000000000a3b3      0x2ea /home/ek-181/MOAISERI/riot-examples/03threads/bin/stm32f0discovery/cortexm_common.a(thread_arch.o)
 .debug_macro   0x000000000000a69d      0xa3c /home/ek-181/MOAISERI/riot-examples/03threads/bin/stm32f0discovery/cortexm_common.a(thread_arch.o)
 .debug_macro   0x000000000000b0d9       0x1d /home/ek-181/MOAISERI/riot-examples/03threads/bin/stm32f0discovery/cortexm_common.a(thread_arch.o)
 .debug_macro   0x000000000000b0f6      0x311 /home/ek-181/MOAISERI/riot-examples/03threads/bin/stm32f0discovery/cortexm_common.a(vectors_cortexm.o)
 .debug_macro   0x000000000000b407      0xa3c /home/ek-181/MOAISERI/riot-examples/03threads/bin/stm32f0discovery/cortexm_common.a(vectors_cortexm.o)
 .debug_macro   0x000000000000be43       0x16 /home/ek-181/MOAISERI/riot-examples/03threads/bin/stm32f0discovery/cortexm_common.a(vectors_cortexm.o)
 .debug_macro   0x000000000000be59       0x1c /home/ek-181/MOAISERI/riot-examples/03threads/bin/stm32f0discovery/cortexm_common.a(vectors_cortexm.o)
 .debug_macro   0x000000000000be75      0x2da /home/ek-181/MOAISERI/riot-examples/03threads/bin/stm32f0discovery/cortexm_common.a(irq_arch.o)
 .debug_macro   0x000000000000c14f      0xa3c /home/ek-181/MOAISERI/riot-examples/03threads/bin/stm32f0discovery/cortexm_common.a(irq_arch.o)
 .debug_macro   0x000000000000cb8b      0x3b3 /home/ek-181/MOAISERI/riot-examples/03threads/bin/stm32f0discovery/stdio_uart.a(stdio_uart.o)
 .debug_macro   0x000000000000cf3e      0xa3c /home/ek-181/MOAISERI/riot-examples/03threads/bin/stm32f0discovery/stdio_uart.a(stdio_uart.o)
 .debug_macro   0x000000000000d97a       0xb8 /home/ek-181/MOAISERI/riot-examples/03threads/bin/stm32f0discovery/stdio_uart.a(stdio_uart.o)
 .debug_macro   0x000000000000da32       0x16 /home/ek-181/MOAISERI/riot-examples/03threads/bin/stm32f0discovery/stdio_uart.a(stdio_uart.o)
 .debug_macro   0x000000000000da48       0x16 /home/ek-181/MOAISERI/riot-examples/03threads/bin/stm32f0discovery/stdio_uart.a(stdio_uart.o)
 .debug_macro   0x000000000000da5e       0x16 /home/ek-181/MOAISERI/riot-examples/03threads/bin/stm32f0discovery/stdio_uart.a(stdio_uart.o)
 .debug_macro   0x000000000000da74      0x364 /home/ek-181/MOAISERI/riot-examples/03threads/bin/stm32f0discovery/stm32_common_periph.a(pm.o)
 .debug_macro   0x000000000000ddd8      0xa3c /home/ek-181/MOAISERI/riot-examples/03threads/bin/stm32f0discovery/stm32_common_periph.a(pm.o)
 .debug_macro   0x000000000000e814       0x8b /home/ek-181/MOAISERI/riot-examples/03threads/bin/stm32f0discovery/stm32_common_periph.a(pm.o)
 .debug_macro   0x000000000000e89f       0x22 /home/ek-181/MOAISERI/riot-examples/03threads/bin/stm32f0discovery/stm32_common_periph.a(pm.o)
 .debug_macro   0x000000000000e8c1      0x34f /home/ek-181/MOAISERI/riot-examples/03threads/bin/stm32f0discovery/stm32_common_periph.a(uart.o)
 .debug_macro   0x000000000000ec10      0xa3c /home/ek-181/MOAISERI/riot-examples/03threads/bin/stm32f0discovery/stm32_common_periph.a(uart.o)
 .debug_macro   0x000000000000f64c      0x303 /home/ek-181/MOAISERI/riot-examples/03threads/bin/stm32f0discovery/stm32_common_periph.a(gpio.o)
 .debug_macro   0x000000000000f94f      0xa3c /home/ek-181/MOAISERI/riot-examples/03threads/bin/stm32f0discovery/stm32_common_periph.a(gpio.o)
 .debug_macro   0x000000000001038b      0x3ae /home/ek-181/MOAISERI/riot-examples/03threads/bin/stm32f0discovery/xtimer.a(xtimer_core.o)
 .debug_macro   0x0000000000010739      0xa3c /home/ek-181/MOAISERI/riot-examples/03threads/bin/stm32f0discovery/xtimer.a(xtimer_core.o)
 .debug_macro   0x0000000000011175       0x10 /home/ek-181/MOAISERI/riot-examples/03threads/bin/stm32f0discovery/xtimer.a(xtimer_core.o)
 .debug_macro   0x0000000000011185       0x16 /home/ek-181/MOAISERI/riot-examples/03threads/bin/stm32f0discovery/xtimer.a(xtimer_core.o)
 .debug_macro   0x000000000001119b      0x312 /home/ek-181/MOAISERI/riot-examples/03threads/bin/stm32f0discovery/board.a(board.o)
 .debug_macro   0x00000000000114ad      0xa3c /home/ek-181/MOAISERI/riot-examples/03threads/bin/stm32f0discovery/board.a(board.o)
 .debug_macro   0x0000000000011ee9      0x32b /home/ek-181/MOAISERI/riot-examples/03threads/bin/stm32f0discovery/core.a(panic.o)
 .debug_macro   0x0000000000012214      0xa3c /home/ek-181/MOAISERI/riot-examples/03threads/bin/stm32f0discovery/core.a(panic.o)
 .debug_macro   0x0000000000012c50      0x36e /home/ek-181/MOAISERI/riot-examples/03threads/bin/stm32f0discovery/core.a(kernel_init.o)
 .debug_macro   0x0000000000012fbe      0xa3c /home/ek-181/MOAISERI/riot-examples/03threads/bin/stm32f0discovery/core.a(kernel_init.o)
 .debug_macro   0x00000000000139fa      0x23b /home/ek-181/MOAISERI/riot-examples/03threads/bin/stm32f0discovery/core.a(kernel_init.o)
 .debug_macro   0x0000000000013c35       0xdc /home/ek-181/MOAISERI/riot-examples/03threads/bin/stm32f0discovery/core.a(kernel_init.o)
 .debug_macro   0x0000000000013d11      0x304 /home/ek-181/MOAISERI/riot-examples/03threads/bin/stm32f0discovery/core.a(thread.o)
 .debug_macro   0x0000000000014015      0xa3c /home/ek-181/MOAISERI/riot-examples/03threads/bin/stm32f0discovery/core.a(thread.o)
 .debug_macro   0x0000000000014a51      0x309 /home/ek-181/MOAISERI/riot-examples/03threads/bin/stm32f0discovery/cortexm_common.a(cortexm_init.o)
 .debug_macro   0x0000000000014d5a      0xa3c /home/ek-181/MOAISERI/riot-examples/03threads/bin/stm32f0discovery/cortexm_common.a(cortexm_init.o)
 .debug_macro   0x0000000000015796      0x3d2 /home/ek-181/MOAISERI/riot-examples/03threads/bin/stm32f0discovery/isrpipe.a(isrpipe.o)
 .debug_macro   0x0000000000015b68      0xa3c /home/ek-181/MOAISERI/riot-examples/03threads/bin/stm32f0discovery/isrpipe.a(isrpipe.o)
 .debug_macro   0x00000000000165a4       0x2e /home/ek-181/MOAISERI/riot-examples/03threads/bin/stm32f0discovery/isrpipe.a(isrpipe.o)
 .debug_macro   0x00000000000165d2       0x78 /home/ek-181/MOAISERI/riot-examples/03threads/bin/stm32f0discovery/isrpipe.a(isrpipe.o)
 .debug_macro   0x000000000001664a      0x328 /home/ek-181/MOAISERI/riot-examples/03threads/bin/stm32f0discovery/pm_layered.a(pm.o)
 .debug_macro   0x0000000000016972      0xa3c /home/ek-181/MOAISERI/riot-examples/03threads/bin/stm32f0discovery/pm_layered.a(pm.o)
 .debug_macro   0x00000000000173ae      0x32b /home/ek-181/MOAISERI/riot-examples/03threads/bin/stm32f0discovery/stm32_common.a(stmclk.o)
 .debug_macro   0x00000000000176d9      0xa3c /home/ek-181/MOAISERI/riot-examples/03threads/bin/stm32f0discovery/stm32_common.a(stmclk.o)
 .debug_macro   0x0000000000018115      0x323 /home/ek-181/MOAISERI/riot-examples/03threads/bin/stm32f0discovery/stm32_common.a(stmclk_common.o)
 .debug_macro   0x0000000000018438      0xa3c /home/ek-181/MOAISERI/riot-examples/03threads/bin/stm32f0discovery/stm32_common.a(stmclk_common.o)
 .debug_macro   0x0000000000018e74      0x312 /home/ek-181/MOAISERI/riot-examples/03threads/bin/stm32f0discovery/stm32_common.a(stm_status.o)
 .debug_macro   0x0000000000019186      0xa3c /home/ek-181/MOAISERI/riot-examples/03threads/bin/stm32f0discovery/stm32_common.a(stm_status.o)
 .debug_macro   0x0000000000019bc2      0x387 /home/ek-181/MOAISERI/riot-examples/03threads/bin/stm32f0discovery/stm32_common.a(cpu_init.o)
 .debug_macro   0x0000000000019f49      0xa3c /home/ek-181/MOAISERI/riot-examples/03threads/bin/stm32f0discovery/stm32_common.a(cpu_init.o)
 .debug_macro   0x000000000001a985      0x338 /home/ek-181/MOAISERI/riot-examples/03threads/bin/stm32f0discovery/stm32_common.a(cpu_common.o)
 .debug_macro   0x000000000001acbd      0xa3c /home/ek-181/MOAISERI/riot-examples/03threads/bin/stm32f0discovery/stm32_common.a(cpu_common.o)
 .debug_macro   0x000000000001b6f9      0x32b /home/ek-181/MOAISERI/riot-examples/03threads/bin/stm32f0discovery/stm32_common_periph.a(timer.o)
 .debug_macro   0x000000000001ba24      0xa3c /home/ek-181/MOAISERI/riot-examples/03threads/bin/stm32f0discovery/stm32_common_periph.a(timer.o)
 .debug_macro   0x000000000001c460       0x5f /home/ek-181/MOAISERI/riot-examples/03threads/bin/stm32f0discovery/tsrb.a(tsrb.o)
 .debug_macro   0x000000000001c4bf      0xa3c /home/ek-181/MOAISERI/riot-examples/03threads/bin/stm32f0discovery/tsrb.a(tsrb.o)
 .debug_macro   0x000000000001cefb       0x1a /home/ek-181/MOAISERI/riot-examples/03threads/bin/stm32f0discovery/periph_common.a(init.o)
 .debug_macro   0x000000000001cf15      0xa3c /home/ek-181/MOAISERI/riot-examples/03threads/bin/stm32f0discovery/periph_common.a(init.o)
 .debug_macro   0x000000000001d951      0x3a3 /home/ek-181/MOAISERI/riot-examples/03threads/bin/stm32f0discovery/application_threads.a(main.o)
 .debug_macro   0x000000000001dcf4      0xa3c /home/ek-181/MOAISERI/riot-examples/03threads/bin/stm32f0discovery/application_threads.a(main.o)
 .debug_macro   0x000000000001e730      0x3be /home/ek-181/MOAISERI/riot-examples/03threads/bin/stm32f0discovery/auto_init.a(auto_init.o)
 .debug_macro   0x000000000001eaee      0xa3c /home/ek-181/MOAISERI/riot-examples/03threads/bin/stm32f0discovery/auto_init.a(auto_init.o)
 .debug_macro   0x000000000001f52a      0x2fb /home/ek-181/MOAISERI/riot-examples/03threads/bin/stm32f0discovery/core.a(mutex.o)
 .debug_macro   0x000000000001f825      0xa3c /home/ek-181/MOAISERI/riot-examples/03threads/bin/stm32f0discovery/core.a(mutex.o)
 .debug_macro   0x0000000000020261      0x1e5 /home/ek-181/MOAISERI/riot-examples/03threads/bin/stm32f0discovery/core.a(mutex.o)
 .debug_macro   0x0000000000020446      0x3cd /home/ek-181/MOAISERI/riot-examples/03threads/bin/stm32f0discovery/xtimer.a(xtimer.o)
 .debug_macro   0x0000000000020813      0xa3c /home/ek-181/MOAISERI/riot-examples/03threads/bin/stm32f0discovery/xtimer.a(xtimer.o)

.debug_line     0x0000000000000000     0xbf2a
 .debug_line    0x0000000000000000      0x2f4 /home/ek-181/MOAISERI/riot-examples/03threads/bin/stm32f0discovery/cpu/vectors.o
 .debug_line    0x00000000000002f4      0x940 /home/ek-181/MOAISERI/riot-examples/03threads/bin/stm32f0discovery/newlib_syscalls_default/syscalls.o
 .debug_line    0x0000000000000c34      0x5bc /home/ek-181/MOAISERI/riot-examples/03threads/bin/stm32f0discovery/core.a(sched.o)
 .debug_line    0x00000000000011f0      0x41d /home/ek-181/MOAISERI/riot-examples/03threads/bin/stm32f0discovery/core.a(bitarithm.o)
 .debug_line    0x000000000000160d      0x608 /home/ek-181/MOAISERI/riot-examples/03threads/bin/stm32f0discovery/cortexm_common.a(thread_arch.o)
 .debug_line    0x0000000000001c15      0x648 /home/ek-181/MOAISERI/riot-examples/03threads/bin/stm32f0discovery/cortexm_common.a(vectors_cortexm.o)
 .debug_line    0x000000000000225d      0x56e /home/ek-181/MOAISERI/riot-examples/03threads/bin/stm32f0discovery/cortexm_common.a(irq_arch.o)
 .debug_line    0x00000000000027cb      0x695 /home/ek-181/MOAISERI/riot-examples/03threads/bin/stm32f0discovery/stdio_uart.a(stdio_uart.o)
 .debug_line    0x0000000000002e60      0x70d /home/ek-181/MOAISERI/riot-examples/03threads/bin/stm32f0discovery/stm32_common_periph.a(pm.o)
 .debug_line    0x000000000000356d      0x7d3 /home/ek-181/MOAISERI/riot-examples/03threads/bin/stm32f0discovery/stm32_common_periph.a(uart.o)
 .debug_line    0x0000000000003d40      0x77f /home/ek-181/MOAISERI/riot-examples/03threads/bin/stm32f0discovery/stm32_common_periph.a(gpio.o)
 .debug_line    0x00000000000044bf      0x943 /home/ek-181/MOAISERI/riot-examples/03threads/bin/stm32f0discovery/xtimer.a(xtimer_core.o)